<html>
<body>
<pre>
<h1>礦ision Build Log</h1>
<h2>Tool Versions:</h2>
IDE-Version: μVision V5.24.2.0
Copyright (C) 2017 ARM Ltd and ARM Germany GmbH. All rights reserved.
License Information: sho Lenovo, Apple, LIC=IK1BF-61UF1-X7QRZ-J0BF5-LA2NE-H0DHV
 
Tool Versions:
Toolchain:       MDK-ARM Plus  Version: 5.24.1
Toolchain Path:  D:\Ceil5\ARM\ARMCC\Bin
C Compiler:      Armcc.exe V5.06 update 5 (build 528)
Assembler:       Armasm.exe V5.06 update 5 (build 528)
Linker/Locator:  ArmLink.exe V5.06 update 5 (build 528)
Library Manager: ArmAr.exe V5.06 update 5 (build 528)
Hex Converter:   FromElf.exe V5.06 update 5 (build 528)
CPU DLL:         SARMCM3.DLL V5.24.1
Dialog DLL:      DCM.DLL V1.16.0.0
Target DLL:      CMSIS_AGDI.dll V1.28.3.0
Dialog DLL:      TCM.DLL V1.32.0.0
 
<h2>Project:</h2>
F:\四足项目\四足（主要开发文件）\四足\四足.uvprojx
Project File Date:  07/01/2025

<h2>Output:</h2>
*** Using Compiler 'V5.06 update 5 (build 528)', folder: 'D:\Ceil5\ARM\ARMCC\Bin'
Build target 'Target 1'
compiling timer.c...
User\Time_ctrl\ticks.h(10): warning:  #1-D: last line of file ends without a newline
  #endif
.\User\Remote_Ctrl\RC.h(47): warning:  #1-D: last line of file ends without a newline
  #endif
User\Time_ctrl\timer.c(111): warning:  #223-D: function "Gait" declared implicitly
  				Gait(now_time); //执行步态逻辑
User\Time_ctrl\timer.c(115): warning:  #223-D: function "jumpCtrl" declared implicitly
  				jumpCtrl();
User\Time_ctrl\timer.c(121): warning:  #223-D: function "SetZeroToCanBuf" declared implicitly
  				SetZeroToCanBuf(i);
User\Time_ctrl\timer.c(123): warning:  #223-D: function "Can1_Send_Msg_to_Motor" declared implicitly
  			Can1_Send_Msg_to_Motor();
User\Time_ctrl\timer.c(124): warning:  #223-D: function "Can2_Send_Msg_to_Motor" declared implicitly
  			Can2_Send_Msg_to_Motor();
User\Time_ctrl\timer.c(136): warning:  #223-D: function "IWDG_Feed" declared implicitly
  		IWDG_Feed();	
User\Time_ctrl\timer.c(93): warning:  #177-D: variable "start_stand_flag"  was declared but never referenced
  static int start_stand_flag=0;
User\Time_ctrl\timer.c: 9 warnings, 0 errors
linking...
Program Size: Code=29016 RO-data=7904 RW-data=1624 ZI-data=5056  
".\Objects\四足.axf" - 0 Error(s), 9 Warning(s).

<h2>Software Packages used:</h2>

Package Vendor: Keil
                http://www.keil.com/pack/Keil.STM32F4xx_DFP.2.8.0.pack
                Keil.STM32F4xx_DFP.2.8.0
                STMicroelectronics STM32F4 Series Device Support, Drivers and Examples

<h2>Collection of Component include folders:</h2>
  .\RTE\_Target_1
  D:\Ceil5\ARM\PACK\Keil\STM32F4xx_DFP\2.8.0\Drivers\CMSIS\Device\ST\STM32F4xx\Include

<h2>Collection of Component Files used:</h2>
Build Time Elapsed:  00:00:02
</pre>
</body>
</html>
