<html>
<body>
<pre>
<h1>礦ision Build Log</h1>
<h2>Tool Versions:</h2>
IDE-Version: μVision V5.24.2.0
Copyright (C) 2017 ARM Ltd and ARM Germany GmbH. All rights reserved.
License Information: sho Lenovo, Apple, LIC=IK1BF-61UF1-X7QRZ-J0BF5-LA2NE-H0DHV
 
Tool Versions:
Toolchain:       MDK-ARM Plus  Version: 5.24.1
Toolchain Path:  D:\Ceil5\ARM\ARMCC\Bin
C Compiler:      Armcc.exe V5.06 update 5 (build 528)
Assembler:       Armasm.exe V5.06 update 5 (build 528)
Linker/Locator:  ArmLink.exe V5.06 update 5 (build 528)
Library Manager: ArmAr.exe V5.06 update 5 (build 528)
Hex Converter:   FromElf.exe V5.06 update 5 (build 528)
CPU DLL:         SARMCM3.DLL V5.24.1
Dialog DLL:      DCM.DLL V1.16.0.0
Target DLL:      CMSIS_AGDI.dll V1.28.3.0
Dialog DLL:      TCM.DLL V1.32.0.0
 
<h2>Project:</h2>
f:\四足项目\四足（主要开发文件）\四足\四足.uvprojx
Project File Date:  07/20/2025

<h2>Output:</h2>
*** Using Compiler 'V5.06 update 5 (build 528)', folder: 'D:\Ceil5\ARM\ARMCC\Bin'
Build target 'Target 1'
compiling RC.c...
User\Remote_Ctrl\RC.h(58): warning:  #1-D: last line of file ends without a newline
  #endif
User\Remote_Ctrl\RC.c(47): warning:  #188-D: enumerated type mixed with another type
  	jump_state=(rx_buffer[0]>>6)&0x03;
User\Remote_Ctrl\RC.c(50): warning:  #188-D: enumerated type mixed with another type
  	ctrl_state=rx_buffer[0]&0x0f;
User\Remote_Ctrl\RC.c(51): warning:  #188-D: enumerated type mixed with another type
  	translate_state=(rx_buffer[0]>>4)&0x01;
User\Remote_Ctrl\RC.c(52): warning:  #188-D: enumerated type mixed with another type
  	idle_state=(rx_buffer[0]>>5)&0x01;
User\Remote_Ctrl\RC.c(168): warning:  #1-D: last line of file ends without a newline
  }
User\Remote_Ctrl\RC.c: 6 warnings, 0 errors
linking...
Program Size: Code=40628 RO-data=8076 RW-data=1056 ZI-data=7864  
".\Objects\四足.axf" - 0 Error(s), 6 Warning(s).

<h2>Software Packages used:</h2>

Package Vendor: Keil
                http://www.keil.com/pack/Keil.STM32F4xx_DFP.2.8.0.pack
                Keil.STM32F4xx_DFP.2.8.0
                STMicroelectronics STM32F4 Series Device Support, Drivers and Examples

<h2>Collection of Component include folders:</h2>
  .\RTE\_Target_1
  D:\Ceil5\ARM\PACK\Keil\STM32F4xx_DFP\2.8.0\Drivers\CMSIS\Device\ST\STM32F4xx\Include

<h2>Collection of Component Files used:</h2>
Build Time Elapsed:  00:00:08
</pre>
</body>
</html>
