Component: ARM Compiler 5.06 update 5 (build 528) Tool: armlink [4d35e2]

==============================================================================

Section Cross References

    main.o(i.main) refers to _printf_percent.o(.ARM.Collect$$_printf_percent$$00000000) for _printf_percent
    main.o(i.main) refers to _printf_f.o(.ARM.Collect$$_printf_percent$$00000003) for _printf_f
    main.o(i.main) refers to printf1.o(x$fpl$printf1) for _printf_fp_dec
    main.o(i.main) refers to ticks.o(i.HAL_InitTick) for HAL_InitTick
    main.o(i.main) refers to delay.o(i.delay_init) for delay_init
    main.o(i.main) refers to usart.o(i.USART1_Init) for USART1_Init
    main.o(i.main) refers to usart.o(i.USART3_Init) for USART3_Init
    main.o(i.main) refers to led.o(i.LED_Init) for LED_Init
    main.o(i.main) refers to nrf20l01.o(i.NRF24L01_Init) for NRF24L01_Init
    main.o(i.main) refers to nrf20l01.o(i.NRF24L01_Set_RX_Mode) for NRF24L01_Set_RX_Mode
    main.o(i.main) refers to iwdg.o(i.IWDG_Init) for IWDG_Init
    main.o(i.main) refers to timer.o(i.TIM5_Init) for TIM5_Init
    main.o(i.main) refers to timer.o(i.TIM4_Init) for TIM4_Init
    main.o(i.main) refers to can.o(i.Can_Init) for Can_Init
    main.o(i.main) refers to pid.o(i.PID_Init) for PID_Init
    main.o(i.main) refers to oled.o(i.OLED_Init) for OLED_Init
    main.o(i.main) refers to jump.o(i.jumpInit) for jumpInit
    main.o(i.main) refers to pid.o(i.ChangeTheGainOfPID_KP_KI_KD) for ChangeTheGainOfPID_KP_KI_KD
    main.o(i.main) refers to oled.o(i.OLED_NewFrame) for OLED_NewFrame
    main.o(i.main) refers to oled.o(i.OLED_PrintASCIIString) for OLED_PrintASCIIString
    main.o(i.main) refers to oled.o(i.OLED_ShowFrame) for OLED_ShowFrame
    main.o(i.main) refers to delay.o(i.delay_ms) for delay_ms
    main.o(i.main) refers to usart.o(i.usart1TxDateToVofa) for usart1TxDateToVofa
    main.o(i.main) refers to rc.o(i.trans_rx_buffer_to_formal_datas) for trans_rx_buffer_to_formal_datas
    main.o(i.main) refers to ffltll_clz.o(x$fpl$ffltll) for __aeabi_ul2f
    main.o(i.main) refers to f2d.o(x$fpl$f2d) for __aeabi_f2d
    main.o(i.main) refers to noretval__2sprintf.o(.text) for __2sprintf
    main.o(i.main) refers to oled.o(i.OLED_PrintASCIINum) for OLED_PrintASCIINum
    main.o(i.main) refers to ges_cal.o(i.motion_state_ctrl) for motion_state_ctrl
    main.o(i.main) refers to timer.o(i.feed_dog) for feed_dog
    main.o(i.main) refers to jump.o(.bss) for jump1_struct
    main.o(i.main) refers to font.o(.constdata) for afont16x8
    main.o(i.main) refers to ges_cal.o(.bss) for legs
    main.o(i.main) refers to timer.o(.data) for timer
    main.o(i.main) refers to rc.o(.data) for ctrl_state
    main.o(i.main) refers to main.o(.data) for ctrlstate_names
    main.o(i.main) refers to gaitparams.o(.data) for current_motion_state
    can.o(i.CAN1_Mode_Init) refers to stm32f4xx_rcc.o(i.RCC_AHB1PeriphClockCmd) for RCC_AHB1PeriphClockCmd
    can.o(i.CAN1_Mode_Init) refers to stm32f4xx_rcc.o(i.RCC_APB1PeriphClockCmd) for RCC_APB1PeriphClockCmd
    can.o(i.CAN1_Mode_Init) refers to stm32f4xx_gpio.o(i.GPIO_Init) for GPIO_Init
    can.o(i.CAN1_Mode_Init) refers to stm32f4xx_gpio.o(i.GPIO_PinAFConfig) for GPIO_PinAFConfig
    can.o(i.CAN1_Mode_Init) refers to stm32f4xx_can.o(i.CAN_Init) for CAN_Init
    can.o(i.CAN1_Mode_Init) refers to stm32f4xx_can.o(i.CAN_FilterInit) for CAN_FilterInit
    can.o(i.CAN1_Mode_Init) refers to stm32f4xx_can.o(i.CAN_ITConfig) for CAN_ITConfig
    can.o(i.CAN1_Mode_Init) refers to misc.o(i.NVIC_Init) for NVIC_Init
    can.o(i.CAN1_RX0_IRQHandler) refers to stm32f4xx_can.o(i.CAN_GetITStatus) for CAN_GetITStatus
    can.o(i.CAN1_RX0_IRQHandler) refers to can.o(i.CAN1_Receive_Msg) for CAN1_Receive_Msg
    can.o(i.CAN1_RX0_IRQHandler) refers to can.o(i.Set_Datas_From_Motor) for Set_Datas_From_Motor
    can.o(i.CAN1_RX0_IRQHandler) refers to stm32f4xx_can.o(i.CAN_ClearITPendingBit) for CAN_ClearITPendingBit
    can.o(i.CAN1_RX0_IRQHandler) refers to can.o(.data) for canbuf_
    can.o(i.CAN1_RX0_IRQHandler) refers to motor.o(.bss) for motors
    can.o(i.CAN1_Receive_Msg) refers to stm32f4xx_can.o(i.CAN_MessagePending) for CAN_MessagePending
    can.o(i.CAN1_Receive_Msg) refers to stm32f4xx_can.o(i.CAN_Receive) for CAN_Receive
    can.o(i.CAN1_Send_Msg) refers to stm32f4xx_can.o(i.CAN_Transmit) for CAN_Transmit
    can.o(i.CAN1_Send_Msg) refers to stm32f4xx_can.o(i.CAN_TransmitStatus) for CAN_TransmitStatus
    can.o(i.CAN2_Mode_Init) refers to stm32f4xx_rcc.o(i.RCC_AHB1PeriphClockCmd) for RCC_AHB1PeriphClockCmd
    can.o(i.CAN2_Mode_Init) refers to stm32f4xx_rcc.o(i.RCC_APB1PeriphClockCmd) for RCC_APB1PeriphClockCmd
    can.o(i.CAN2_Mode_Init) refers to stm32f4xx_gpio.o(i.GPIO_Init) for GPIO_Init
    can.o(i.CAN2_Mode_Init) refers to stm32f4xx_gpio.o(i.GPIO_PinAFConfig) for GPIO_PinAFConfig
    can.o(i.CAN2_Mode_Init) refers to stm32f4xx_can.o(i.CAN_Init) for CAN_Init
[...]
    I2C3_ER_IRQHandler                       0x0800029b   Thumb Code     0  startup_stm32f40_41xxx.o(.text)
    I2C3_EV_IRQHandler                       0x0800029b   Thumb Code     0  startup_stm32f40_41xxx.o(.text)
    OTG_FS_IRQHandler                        0x0800029b   Thumb Code     0  startup_stm32f40_41xxx.o(.text)
    OTG_FS_WKUP_IRQHandler                   0x0800029b   Thumb Code     0  startup_stm32f40_41xxx.o(.text)
    OTG_HS_EP1_IN_IRQHandler                 0x0800029b   Thumb Code     0  startup_stm32f40_41xxx.o(.text)
    OTG_HS_EP1_OUT_IRQHandler                0x0800029b   Thumb Code     0  startup_stm32f40_41xxx.o(.text)
    OTG_HS_IRQHandler                        0x0800029b   Thumb Code     0  startup_stm32f40_41xxx.o(.text)
    OTG_HS_WKUP_IRQHandler                   0x0800029b   Thumb Code     0  startup_stm32f40_41xxx.o(.text)
    PVD_IRQHandler                           0x0800029b   Thumb Code     0  startup_stm32f40_41xxx.o(.text)
    RCC_IRQHandler                           0x0800029b   Thumb Code     0  startup_stm32f40_41xxx.o(.text)
    RTC_Alarm_IRQHandler                     0x0800029b   Thumb Code     0  startup_stm32f40_41xxx.o(.text)
    RTC_WKUP_IRQHandler                      0x0800029b   Thumb Code     0  startup_stm32f40_41xxx.o(.text)
    SDIO_IRQHandler                          0x0800029b   Thumb Code     0  startup_stm32f40_41xxx.o(.text)
    SPI1_IRQHandler                          0x0800029b   Thumb Code     0  startup_stm32f40_41xxx.o(.text)
    SPI2_IRQHandler                          0x0800029b   Thumb Code     0  startup_stm32f40_41xxx.o(.text)
    SPI3_IRQHandler                          0x0800029b   Thumb Code     0  startup_stm32f40_41xxx.o(.text)
    TAMP_STAMP_IRQHandler                    0x0800029b   Thumb Code     0  startup_stm32f40_41xxx.o(.text)
    TIM1_BRK_TIM9_IRQHandler                 0x0800029b   Thumb Code     0  startup_stm32f40_41xxx.o(.text)
    TIM1_CC_IRQHandler                       0x0800029b   Thumb Code     0  startup_stm32f40_41xxx.o(.text)
    TIM1_TRG_COM_TIM11_IRQHandler            0x0800029b   Thumb Code     0  startup_stm32f40_41xxx.o(.text)
    TIM1_UP_TIM10_IRQHandler                 0x0800029b   Thumb Code     0  startup_stm32f40_41xxx.o(.text)
    TIM2_IRQHandler                          0x0800029b   Thumb Code     0  startup_stm32f40_41xxx.o(.text)
    TIM3_IRQHandler                          0x0800029b   Thumb Code     0  startup_stm32f40_41xxx.o(.text)
    TIM6_DAC_IRQHandler                      0x0800029b   Thumb Code     0  startup_stm32f40_41xxx.o(.text)
    TIM7_IRQHandler                          0x0800029b   Thumb Code     0  startup_stm32f40_41xxx.o(.text)
    TIM8_BRK_TIM12_IRQHandler                0x0800029b   Thumb Code     0  startup_stm32f40_41xxx.o(.text)
    TIM8_CC_IRQHandler                       0x0800029b   Thumb Code     0  startup_stm32f40_41xxx.o(.text)
    TIM8_TRG_COM_TIM14_IRQHandler            0x0800029b   Thumb Code     0  startup_stm32f40_41xxx.o(.text)
    TIM8_UP_TIM13_IRQHandler                 0x0800029b   Thumb Code     0  startup_stm32f40_41xxx.o(.text)
    UART5_IRQHandler                         0x0800029b   Thumb Code     0  startup_stm32f40_41xxx.o(.text)
    USART6_IRQHandler                        0x0800029b   Thumb Code     0  startup_stm32f40_41xxx.o(.text)
    WWDG_IRQHandler                          0x0800029b   Thumb Code     0  startup_stm32f40_41xxx.o(.text)
    __user_initial_stackheap                 0x0800029d   Thumb Code     0  startup_stm32f40_41xxx.o(.text)
    __2sprintf                               0x080002c1   Thumb Code    34  noretval__2sprintf.o(.text)
    __printf                                 0x080002e9   Thumb Code   270  __printf_wp.o(.text)
    __aeabi_memcpy                           0x080003f7   Thumb Code     0  rt_memcpy_v6.o(.text)
    __rt_memcpy                              0x080003f7   Thumb Code   138  rt_memcpy_v6.o(.text)
    _memcpy_lastbytes                        0x0800045d   Thumb Code     0  rt_memcpy_v6.o(.text)
    __aeabi_memcpy4                          0x08000481   Thumb Code     0  rt_memcpy_w.o(.text)
    __aeabi_memcpy8                          0x08000481   Thumb Code     0  rt_memcpy_w.o(.text)
    __rt_memcpy_w                            0x08000481   Thumb Code   100  rt_memcpy_w.o(.text)
    _memcpy_lastbytes_aligned                0x080004c9   Thumb Code     0  rt_memcpy_w.o(.text)
    __aeabi_memclr                           0x080004e5   Thumb Code     0  rt_memclr.o(.text)
    __rt_memclr                              0x080004e5   Thumb Code    68  rt_memclr.o(.text)
    _memset                                  0x080004e9   Thumb Code     0  rt_memclr.o(.text)
    __use_two_region_memory                  0x08000529   Thumb Code     2  heapauxi.o(.text)
    __rt_heap_escrow$2region                 0x0800052b   Thumb Code     2  heapauxi.o(.text)
    __rt_heap_expand$2region                 0x0800052d   Thumb Code     2  heapauxi.o(.text)
    __read_errno                             0x0800052f   Thumb Code    10  _rserrno.o(.text)
    __set_errno                              0x08000539   Thumb Code    12  _rserrno.o(.text)
    __lib_sel_fp_printf                      0x08000545   Thumb Code     2  _printf_fp_dec.o(.text)
    _printf_fp_dec_real                      0x080006f7   Thumb Code   620  _printf_fp_dec.o(.text)
    _printf_char_common                      0x0800096f   Thumb Code    32  _printf_char_common.o(.text)
    _sputc                                   0x08000995   Thumb Code    10  _sputc.o(.text)
    __aeabi_memclr4                          0x0800099f   Thumb Code     0  rt_memclr_w.o(.text)
    __aeabi_memclr8                          0x0800099f   Thumb Code     0  rt_memclr_w.o(.text)
    __rt_memclr_w                            0x0800099f   Thumb Code    78  rt_memclr_w.o(.text)
    _memset_w                                0x080009a3   Thumb Code     0  rt_memclr_w.o(.text)
    __rt_locale                              0x080009ed   Thumb Code     8  rt_locale_intlibspace.o(.text)
    __aeabi_errno_addr                       0x080009f5   Thumb Code     8  rt_errno_addr_intlibspace.o(.text)
    __errno$intlibspace                      0x080009f5   Thumb Code     0  rt_errno_addr_intlibspace.o(.text)
    __rt_errno_addr$intlibspace              0x080009f5   Thumb Code     0  rt_errno_addr_intlibspace.o(.text)
    _ll_udiv10                               0x080009fd   Thumb Code   138  lludiv10.o(.text)
    _printf_fp_infnan                        0x08000a89   Thumb Code   112  _printf_fp_infnan.o(.text)
    _btod_etento                             0x08000b09   Thumb Code   224  bigflt0.o(.text)
    __user_libspace                          0x08000bed   Thumb Code     8  libspace.o(.text)
    __user_perproc_libspace                  0x08000bed   Thumb Code     0  libspace.o(.text)
    __user_perthread_libspace                0x08000bed   Thumb Code     0  libspace.o(.text)
    __user_setup_stackheap                   0x08000bf5   Thumb Code    74  sys_stackheap_outer.o(.text)
    exit                                     0x08000c3f   Thumb Code    18  exit.o(.text)
    strcmp                                   0x08000c51   Thumb Code   128  strcmpv7m.o(.text)
    _sys_exit                                0x08000cd1   Thumb Code     8  sys_exit.o(.text)
    __I$use$semihosting                      0x08000cdd   Thumb Code     0  use_no_semi.o(.text)
    __use_no_semihosting_swi                 0x08000cdd   Thumb Code     2  use_no_semi.o(.text)
    __semihosting_library_function           0x08000cdf   Thumb Code     0  indicate_semi.o(.text)
    _btod_d2e                                0x08000cdf   Thumb Code    62  btod.o(CL$$btod_d2e)
    _d2e_denorm_low                          0x08000d1d   Thumb Code    70  btod.o(CL$$btod_d2e_denorm_low)
    _d2e_norm_op1                            0x08000d63   Thumb Code    96  btod.o(CL$$btod_d2e_norm_op1)
    __btod_div_common                        0x08000dc3   Thumb Code   696  btod.o(CL$$btod_div_common)
    _e2e                                     0x080010fb   Thumb Code   220  btod.o(CL$$btod_e2e)
    _btod_ediv                               0x080011d7   Thumb Code    42  btod.o(CL$$btod_ediv)
    _btod_emul                               0x08001201   Thumb Code    42  btod.o(CL$$btod_emul)
    __btod_mult_common                       0x0800122b   Thumb Code   580  btod.o(CL$$btod_mult_common)
    Angle_Setting_Cycloid                    0x08001471   Thumb Code   268  ges_cal.o(i.Angle_Setting_Cycloid)
    BusFault_Handler                         0x0800158d   Thumb Code     4  stm32f4xx_it.o(i.BusFault_Handler)
    CAN1_RX0_IRQHandler                      0x08001591   Thumb Code   104  can.o(i.CAN1_RX0_IRQHandler)
    CAN1_Receive_Msg                         0x08001605   Thumb Code    60  can.o(i.CAN1_Receive_Msg)
    CAN1_Send_Msg                            0x08001645   Thumb Code   106  can.o(i.CAN1_Send_Msg)
    CAN2_RX0_IRQHandler                      0x080016b5   Thumb Code   104  can.o(i.CAN2_RX0_IRQHandler)
    CAN2_Receive_Msg                         0x08001729   Thumb Code    60  can.o(i.CAN2_Receive_Msg)
    CAN2_Send_Msg                            0x08001769   Thumb Code   106  can.o(i.CAN2_Send_Msg)
    CAN_ClearITPendingBit                    0x080017d9   Thumb Code   162  stm32f4xx_can.o(i.CAN_ClearITPendingBit)
    CAN_FilterInit                           0x08001881   Thumb Code   258  stm32f4xx_can.o(i.CAN_FilterInit)
    CAN_GetITStatus                          0x08001989   Thumb Code   284  stm32f4xx_can.o(i.CAN_GetITStatus)
    CAN_ITConfig                             0x08001aa9   Thumb Code    18  stm32f4xx_can.o(i.CAN_ITConfig)
    CAN_Init                                 0x08001abb   Thumb Code   276  stm32f4xx_can.o(i.CAN_Init)
    CAN_MessagePending                       0x08001bcf   Thumb Code    30  stm32f4xx_can.o(i.CAN_MessagePending)
    CAN_Receive                              0x08001bed   Thumb Code   240  stm32f4xx_can.o(i.CAN_Receive)
    CAN_Transmit                             0x08001cdd   Thumb Code   294  stm32f4xx_can.o(i.CAN_Transmit)
    CAN_TransmitStatus                       0x08001e05   Thumb Code   138  stm32f4xx_can.o(i.CAN_TransmitStatus)
    Can1_Send_Msg_to_Motor                   0x08001ea5   Thumb Code    12  motor.o(i.Can1_Send_Msg_to_Motor)
    Can2_Send_Msg_to_Motor                   0x08001eb5   Thumb Code    12  motor.o(i.Can2_Send_Msg_to_Motor)
    Can_Init                                 0x08001ec5   Thumb Code   418  can.o(i.Can_Init)
    CartesianToTheta_Cycloid                 0x08002079   Thumb Code   350  ges_cal.o(i.CartesianToTheta_Cycloid)
    CartesianToTheta_Cycloid_All_Legs        0x080021f1   Thumb Code    28  ges_cal.o(i.CartesianToTheta_Cycloid_All_Legs)
    ChangeTheGainOfPID_KP_KI_KD              0x08002211   Thumb Code    78  pid.o(i.ChangeTheGainOfPID_KP_KI_KD)
    CopeSerial3Data                          0x0800227d   Thumb Code   518  usart.o(i.CopeSerial3Data)
    DMA_ClearFlag                            0x080024b5   Thumb Code    38  stm32f4xx_dma.o(i.DMA_ClearFlag)
    DMA_Cmd                                  0x080024e9   Thumb Code    22  stm32f4xx_dma.o(i.DMA_Cmd)
    DMA_GetCurrDataCounter                   0x080024ff   Thumb Code     8  stm32f4xx_dma.o(i.DMA_GetCurrDataCounter)
    DMA_GetCurrentMemoryTarget               0x08002507   Thumb Code    20  stm32f4xx_dma.o(i.DMA_GetCurrentMemoryTarget)
    DMA_SetCurrDataCounter                   0x0800251b   Thumb Code     4  stm32f4xx_dma.o(i.DMA_SetCurrDataCounter)
    DebugMon_Handler                         0x0800251f   Thumb Code     2  stm32f4xx_it.o(i.DebugMon_Handler)
    EXTI9_5_IRQHandler                       0x08002521   Thumb Code    48  nrf20l01.o(i.EXTI9_5_IRQHandler)
    EXTI_ClearITPendingBit                   0x08002555   Thumb Code     6  stm32f4xx_exti.o(i.EXTI_ClearITPendingBit)
    EXTI_GetITStatus                         0x08002561   Thumb Code    20  stm32f4xx_exti.o(i.EXTI_GetITStatus)
    EXTI_Init                                0x08002579   Thumb Code   142  stm32f4xx_exti.o(i.EXTI_Init)
    GPIO_Init                                0x0800260d   Thumb Code   144  stm32f4xx_gpio.o(i.GPIO_Init)
    GPIO_PinAFConfig                         0x0800269d   Thumb Code    70  stm32f4xx_gpio.o(i.GPIO_PinAFConfig)
    GPIO_ResetBits                           0x080026e3   Thumb Code     4  stm32f4xx_gpio.o(i.GPIO_ResetBits)
    GPIO_SetBits                             0x080026e7   Thumb Code     4  stm32f4xx_gpio.o(i.GPIO_SetBits)
    Gait                                     0x080026ed   Thumb Code   576  ges_cal.o(i.Gait)
    HAL_InitTick                             0x0800294d   Thumb Code    84  ticks.o(i.HAL_InitTick)
    HardFault_Handler                        0x080029a1   Thumb Code     4  stm32f4xx_it.o(i.HardFault_Handler)
    I2C1_OLED_Init                           0x080029a5   Thumb Code   138  iic_oled.o(i.I2C1_OLED_Init)
    I2C1_WriteByte                           0x08002a3d   Thumb Code   128  iic_oled.o(i.I2C1_WriteByte)
    I2C1_WriteCommand                        0x08002ac9   Thumb Code    16  iic_oled.o(i.I2C1_WriteCommand)
    I2C1_WriteData                           0x08002ad9   Thumb Code    16  iic_oled.o(i.I2C1_WriteData)
    I2C1_WriteMultiByte                      0x08002ae9   Thumb Code   160  iic_oled.o(i.I2C1_WriteMultiByte)
    I2C_CheckEvent                           0x08002b99   Thumb Code    42  stm32f4xx_i2c.o(i.I2C_CheckEvent)
    I2C_Cmd                                  0x08002bc3   Thumb Code    24  stm32f4xx_i2c.o(i.I2C_Cmd)
    I2C_DeInit                               0x08002bdd   Thumb Code    82  stm32f4xx_i2c.o(i.I2C_DeInit)
    I2C_GenerateSTART                        0x08002c3d   Thumb Code    24  stm32f4xx_i2c.o(i.I2C_GenerateSTART)
    I2C_GenerateSTOP                         0x08002c55   Thumb Code    24  stm32f4xx_i2c.o(i.I2C_GenerateSTOP)
    I2C_GetFlagStatus                        0x08002c6d   Thumb Code    58  stm32f4xx_i2c.o(i.I2C_GetFlagStatus)
    I2C_Init                                 0x08002ca9   Thumb Code   218  stm32f4xx_i2c.o(i.I2C_Init)
    I2C_Send7bitAddress                      0x08002d91   Thumb Code    16  stm32f4xx_i2c.o(i.I2C_Send7bitAddress)
    I2C_SendData                             0x08002da1   Thumb Code     4  stm32f4xx_i2c.o(i.I2C_SendData)
    IMU_Euler_Angle_Pid_Init                 0x08002da5   Thumb Code   110  pid.o(i.IMU_Euler_Angle_Pid_Init)
    IWDG_Enable                              0x08002e1d   Thumb Code    10  stm32f4xx_iwdg.o(i.IWDG_Enable)
    IWDG_Feed                                0x08002e2d   Thumb Code     8  iwdg.o(i.IWDG_Feed)
    IWDG_Init                                0x08002e35   Thumb Code    36  iwdg.o(i.IWDG_Init)
    IWDG_ReloadCounter                       0x08002e59   Thumb Code    10  stm32f4xx_iwdg.o(i.IWDG_ReloadCounter)
    IWDG_SetPrescaler                        0x08002e69   Thumb Code     6  stm32f4xx_iwdg.o(i.IWDG_SetPrescaler)
    IWDG_SetReload                           0x08002e75   Thumb Code     6  stm32f4xx_iwdg.o(i.IWDG_SetReload)
    IWDG_WriteAccessCmd                      0x08002e81   Thumb Code     6  stm32f4xx_iwdg.o(i.IWDG_WriteAccessCmd)
    LED_Init                                 0x08002e8d   Thumb Code    60  led.o(i.LED_Init)
    Load_Data_To_Canbuf                      0x08002ecd   Thumb Code   192  motor.o(i.Load_Data_To_Canbuf)
    M3508_ALL_ZERO_SET                       0x08002f99   Thumb Code    26  can.o(i.M3508_ALL_ZERO_SET)
    MemManage_Handler                        0x08002fb9   Thumb Code     4  stm32f4xx_it.o(i.MemManage_Handler)
    Motor_Absolute_Angle_Cal                 0x08002fbd   Thumb Code   240  motor.o(i.Motor_Absolute_Angle_Cal)
    Motor_Auto_Run                           0x080030bd   Thumb Code    28  motor.o(i.Motor_Auto_Run)
    Moveleg                                  0x080030d9   Thumb Code    28  ges_cal.o(i.Moveleg)
    NMI_Handler                              0x080030f5   Thumb Code     2  stm32f4xx_it.o(i.NMI_Handler)
    NRF24L01_Check                           0x080030f9   Thumb Code    70  nrf20l01.o(i.NRF24L01_Check)
    NRF24L01_Init                            0x08003149   Thumb Code   378  nrf20l01.o(i.NRF24L01_Init)
    NRF24L01_Read_Buf                        0x080032f1   Thumb Code    62  nrf20l01.o(i.NRF24L01_Read_Buf)
    NRF24L01_Read_Reg                        0x08003339   Thumb Code    46  nrf20l01.o(i.NRF24L01_Read_Reg)
    NRF24L01_RxPacket_IRQ                    0x08003371   Thumb Code    44  nrf20l01.o(i.NRF24L01_RxPacket_IRQ)
    NRF24L01_Set_RX_Mode                     0x080033a1   Thumb Code   116  nrf20l01.o(i.NRF24L01_Set_RX_Mode)
    NRF24L01_SpiRW                           0x08003421   Thumb Code    50  nrf20l01.o(i.NRF24L01_SpiRW)
    NRF24L01_Write_Buf                       0x08003459   Thumb Code    60  nrf20l01.o(i.NRF24L01_Write_Buf)
    NRF24L01_Write_Reg                       0x0800349d   Thumb Code    50  nrf20l01.o(i.NRF24L01_Write_Reg)
    NVIC_Init                                0x080034d9   Thumb Code   106  misc.o(i.NVIC_Init)
    OLED_Clear                               0x08003579   Thumb Code    42  oled.o(i.OLED_Clear)
    OLED_I2C_Init                            0x080035a3   Thumb Code    32  oled.o(i.OLED_I2C_Init)
    OLED_Init                                0x080035c3   Thumb Code   174  oled.o(i.OLED_Init)
    OLED_NewFrame                            0x08003671   Thumb Code    14  oled.o(i.OLED_NewFrame)
    OLED_Pow                                 0x08003685   Thumb Code    20  oled.o(i.OLED_Pow)
    OLED_PrintASCIIChar                      0x08003699   Thumb Code    78  oled.o(i.OLED_PrintASCIIChar)
    OLED_PrintASCIINum                       0x080036e7   Thumb Code    82  oled.o(i.OLED_PrintASCIINum)
    OLED_PrintASCIIString                    0x08003739   Thumb Code    54  oled.o(i.OLED_PrintASCIIString)
    OLED_Send                                0x0800376f   Thumb Code    22  oled.o(i.OLED_Send)
    OLED_SetBits                             0x08003785   Thumb Code    98  oled.o(i.OLED_SetBits)
    OLED_SetBits_Fine                        0x080037e7   Thumb Code   136  oled.o(i.OLED_SetBits_Fine)
    OLED_SetBlock                            0x0800386f   Thumb Code   154  oled.o(i.OLED_SetBlock)
    OLED_SetByte_Fine                        0x08003909   Thumb Code   116  oled.o(i.OLED_SetByte_Fine)
    OLED_SetCursor                           0x08003985   Thumb Code    34  oled.o(i.OLED_SetCursor)
    OLED_ShowFrame                           0x080039a9   Thumb Code    68  oled.o(i.OLED_ShowFrame)
    OLED_WriteCommand                        0x080039f5   Thumb Code    12  oled.o(i.OLED_WriteCommand)
    OLED_WriteData                           0x08003a01   Thumb Code    12  oled.o(i.OLED_WriteData)
    PID_Calc                                 0x08003a0d   Thumb Code   476  pid.o(i.PID_Calc)
    PID_Init                                 0x08003bed   Thumb Code    22  pid.o(i.PID_Init)
    PID_Setting                              0x08003c11   Thumb Code    14  pid.o(i.PID_Setting)
    Pid_Position_Loop_Init                   0x08003c21   Thumb Code    88  pid.o(i.Pid_Position_Loop_Init)
    Pid_Speed_Loop_Init                      0x08003c89   Thumb Code    88  pid.o(i.Pid_Speed_Loop_Init)
    RCC_AHB1PeriphClockCmd                   0x08003cf1   Thumb Code    26  stm32f4xx_rcc.o(i.RCC_AHB1PeriphClockCmd)
    RCC_APB1PeriphClockCmd                   0x08003d11   Thumb Code    26  stm32f4xx_rcc.o(i.RCC_APB1PeriphClockCmd)
    RCC_APB1PeriphResetCmd                   0x08003d31   Thumb Code    26  stm32f4xx_rcc.o(i.RCC_APB1PeriphResetCmd)
    RCC_APB2PeriphClockCmd                   0x08003d51   Thumb Code    26  stm32f4xx_rcc.o(i.RCC_APB2PeriphClockCmd)
    RCC_GetClocksFreq                        0x08003d71   Thumb Code   214  stm32f4xx_rcc.o(i.RCC_GetClocksFreq)
    RC_MotionCtrl                            0x08003e59   Thumb Code   212  rc.o(i.RC_MotionCtrl)
    RC_StepLengthCtrl                        0x08003f59   Thumb Code   358  rc.o(i.RC_StepLengthCtrl)
    SPI_Cmd                                  0x080041f5   Thumb Code    24  stm32f4xx_spi.o(i.SPI_Cmd)
    SPI_I2S_GetFlagStatus                    0x0800420d   Thumb Code    18  stm32f4xx_spi.o(i.SPI_I2S_GetFlagStatus)
    SPI_I2S_ReceiveData                      0x0800421f   Thumb Code     6  stm32f4xx_spi.o(i.SPI_I2S_ReceiveData)
    SPI_I2S_SendData                         0x08004225   Thumb Code     4  stm32f4xx_spi.o(i.SPI_I2S_SendData)
    SPI_Init                                 0x08004229   Thumb Code    60  stm32f4xx_spi.o(i.SPI_Init)
    SPI_StructInit                           0x08004265   Thumb Code    24  stm32f4xx_spi.o(i.SPI_StructInit)
    SYSCFG_EXTILineConfig                    0x0800427d   Thumb Code    60  stm32f4xx_syscfg.o(i.SYSCFG_EXTILineConfig)
    SetZeroToCanBuf                          0x080043a9   Thumb Code   100  motor.o(i.SetZeroToCanBuf)
    Set_Angle_Loop_Parameters                0x08004415   Thumb Code    18  pid.o(i.Set_Angle_Loop_Parameters)
    Set_Datas_From_Motor                     0x08004429   Thumb Code    86  can.o(i.Set_Datas_From_Motor)
    Set_Max_Output_PL                        0x08004489   Thumb Code    34  motor.o(i.Set_Max_Output_PL)
    Set_Max_Output_SL                        0x080044b1   Thumb Code    34  motor.o(i.Set_Max_Output_SL)
    Set_Motor_Output_Current                 0x080044d9   Thumb Code    52  motor.o(i.Set_Motor_Output_Current)
    Set_Motor_Target_Angle                   0x08004515   Thumb Code    96  motor.o(i.Set_Motor_Target_Angle)
    Set_Motor_Target_Speed                   0x08004581   Thumb Code    26  motor.o(i.Set_Motor_Target_Speed)
    Set_StandHeight                          0x080045a1   Thumb Code    50  gaitparams.o(i.Set_StandHeight)
    Set_StepLength                           0x080045d5   Thumb Code   174  gaitparams.o(i.Set_StepLength)
    Set_UpAmpLength                          0x0800468d   Thumb Code   174  gaitparams.o(i.Set_UpAmpLength)
    SysTick_CLKSourceConfig                  0x08004af5   Thumb Code    40  misc.o(i.SysTick_CLKSourceConfig)
    SysTick_Handler                          0x08004b1d   Thumb Code    12  ticks.o(i.SysTick_Handler)
    SystemInit                               0x08004b2d   Thumb Code    88  system_stm32f4xx.o(i.SystemInit)
    TIM4_IRQHandler                          0x08004b95   Thumb Code    32  timer.o(i.TIM4_IRQHandler)
    TIM4_Init                                0x08004bbd   Thumb Code    86  timer.o(i.TIM4_Init)
    TIM5_IRQHandler                          0x08004c19   Thumb Code   236  timer.o(i.TIM5_IRQHandler)
    TIM5_Init                                0x08004d25   Thumb Code    90  timer.o(i.TIM5_Init)
    TIM_ClearITPendingBit                    0x08004d85   Thumb Code     6  stm32f4xx_tim.o(i.TIM_ClearITPendingBit)
    TIM_Cmd                                  0x08004d8b   Thumb Code    24  stm32f4xx_tim.o(i.TIM_Cmd)
    TIM_GetITStatus                          0x08004da3   Thumb Code    34  stm32f4xx_tim.o(i.TIM_GetITStatus)
    TIM_ITConfig                             0x08004dc5   Thumb Code    18  stm32f4xx_tim.o(i.TIM_ITConfig)
    TIM_TimeBaseInit                         0x08004dd9   Thumb Code   104  stm32f4xx_tim.o(i.TIM_TimeBaseInit)
    UART1_Put_Char                           0x08004e5d   Thumb Code    20  usart.o(i.UART1_Put_Char)
    UART1_Put_String                         0x08004e75   Thumb Code    46  usart.o(i.UART1_Put_String)
    UART4_IRQHandler                         0x08004ea5   Thumb Code    26  usart.o(i.UART4_IRQHandler)
    USART1_IRQHandler                        0x08004ec5   Thumb Code    34  usart.o(i.USART1_IRQHandler)
    USART1_Init                              0x08004eed   Thumb Code   166  usart.o(i.USART1_Init)
    USART2_IRQHandler                        0x08004f9d   Thumb Code   196  remotecontrol_init.o(i.USART2_IRQHandler)
    USART3_IRQHandler                        0x08005079   Thumb Code    40  usart.o(i.USART3_IRQHandler)
    USART3_Init                              0x080050a5   Thumb Code   188  usart.o(i.USART3_Init)
    USART_ClearFlag                          0x08005169   Thumb Code    18  stm32f4xx_usart.o(i.USART_ClearFlag)
    USART_ClearITPendingBit                  0x0800517b   Thumb Code    30  stm32f4xx_usart.o(i.USART_ClearITPendingBit)
    USART_Cmd                                0x08005199   Thumb Code    24  stm32f4xx_usart.o(i.USART_Cmd)
    USART_GetITStatus                        0x080051b1   Thumb Code    84  stm32f4xx_usart.o(i.USART_GetITStatus)
    USART_ITConfig                           0x08005205   Thumb Code    74  stm32f4xx_usart.o(i.USART_ITConfig)
    USART_Init                               0x08005251   Thumb Code   204  stm32f4xx_usart.o(i.USART_Init)
    USART_ReceiveData                        0x08005325   Thumb Code    10  stm32f4xx_usart.o(i.USART_ReceiveData)
    UsageFault_Handler                       0x08005349   Thumb Code     4  stm32f4xx_it.o(i.UsageFault_Handler)
    __ARM_fpclassify                         0x0800534d   Thumb Code    48  fpclassify.o(i.__ARM_fpclassify)
    __hardfp_acos                            0x08005381   Thumb Code   738  acos.o(i.__hardfp_acos)
    __hardfp_asin                            0x080056d9   Thumb Code   770  asin.o(i.__hardfp_asin)
    __hardfp_cos                             0x08005a39   Thumb Code   180  cos.o(i.__hardfp_cos)
    __hardfp_fmod                            0x08005b01   Thumb Code   254  fmod.o(i.__hardfp_fmod)
    __hardfp_sin                             0x08005c09   Thumb Code   180  sin.o(i.__hardfp_sin)
    __hardfp_sqrt                            0x08005cd1   Thumb Code   122  sqrt.o(i.__hardfp_sqrt)
    __ieee754_rem_pio2                       0x08005d51   Thumb Code   938  rred.o(i.__ieee754_rem_pio2)
    __kernel_cos                             0x08006189   Thumb Code   322  cos_i.o(i.__kernel_cos)
    __kernel_poly                            0x080062f9   Thumb Code   248  poly.o(i.__kernel_poly)
    __kernel_sin                             0x080063f1   Thumb Code   280  sin_i.o(i.__kernel_sin)
    __mathlib_dbl_infnan                     0x08006521   Thumb Code    20  dunder.o(i.__mathlib_dbl_infnan)
    __mathlib_dbl_invalid                    0x08006539   Thumb Code    24  dunder.o(i.__mathlib_dbl_invalid)
    __mathlib_dbl_underflow                  0x08006559   Thumb Code    24  dunder.o(i.__mathlib_dbl_underflow)
    _is_digit                                0x08006579   Thumb Code    14  __printf_wp.o(i._is_digit)
    bendAndLean                              0x08006589   Thumb Code   370  jump.o(i.bendAndLean)
    changePIDForSingleLeg                    0x08006711   Thumb Code   300  pid.o(i.changePIDForSingleLeg)
    changePosSpdPID                          0x0800683d   Thumb Code    70  pid.o(i.changePosSpdPID)
    constrain                                0x0800688d   Thumb Code    42  pid.o(i.constrain)
    delay_init                               0x08006929   Thumb Code    42  delay.o(i.delay_init)
    delay_ms                                 0x0800695d   Thumb Code    56  delay.o(i.delay_ms)
    delay_us                                 0x08006995   Thumb Code    72  delay.o(i.delay_us)
    delay_xms                                0x080069e1   Thumb Code    72  delay.o(i.delay_xms)
    exeJump                                  0x08006a2d   Thumb Code   526  jump.o(i.exeJump)
    exeJumpForSingleLeg                      0x08006c49   Thumb Code   166  jump.o(i.exeJumpForSingleLeg)
    fabs                                     0x08006cfd   Thumb Code    24  fabs.o(i.fabs)
    feed_dog                                 0x08006d15   Thumb Code    28  timer.o(i.feed_dog)
    if_in_normal_range                       0x08006d39   Thumb Code    66  rc.o(i.if_in_normal_range)
    jump2PreJump                             0x08006d7d   Thumb Code   182  jump.o(i.jump2PreJump)
    jumpCtrl                                 0x08006e41   Thumb Code  2294  jump.o(i.jumpCtrl)
    jumpInit                                 0x0800773d   Thumb Code  1456  jump.o(i.jumpInit)
    leanForSingleLeg                         0x08007ced   Thumb Code   166  jump.o(i.leanForSingleLeg)
    main                                     0x08007da1   Thumb Code   398  main.o(i.main)
    motion_state_ctrl                        0x08007f85   Thumb Code   178  ges_cal.o(i.motion_state_ctrl)
    rcvJump                                  0x0800804d   Thumb Code   442  jump.o(i.rcvJump)
    rcvJumpForSingleLeg                      0x08008215   Thumb Code   166  jump.o(i.rcvJumpForSingleLeg)
    resetJumpStructure                       0x080082c9   Thumb Code   694  jump.o(i.resetJumpStructure)
    rotateAndStretch                         0x08008585   Thumb Code   724  ges_cal.o(i.rotateAndStretch)
    runSingleLeg                             0x08008865   Thumb Code    82  motor.o(i.runSingleLeg)
    runSingleMotor                           0x080088b9   Thumb Code    50  motor.o(i.runSingleMotor)
    setAngle                                 0x080088f5   Thumb Code   262  jump.o(i.setAngle)
    setMaxOfSpeedLoop                        0x08008a11   Thumb Code    24  motor.o(i.setMaxOfSpeedLoop)
    setMaxSLForSingleLeg                     0x08008a2d   Thumb Code   100  motor.o(i.setMaxSLForSingleLeg)
    sqrt                                     0x08008a91   Thumb Code   110  sqrt.o(i.sqrt)
    trans_rx_buffer_to_formal_datas          0x08008b01   Thumb Code   210  rc.o(i.trans_rx_buffer_to_formal_datas)
    updatePrevTime                           0x08008c09   Thumb Code    26  ges_cal.o(i.updatePrevTime)
    usart1TxDateToVofa                       0x08008c29   Thumb Code   130  usart.o(i.usart1TxDateToVofa)
    _get_lc_numeric                          0x08008cc9   Thumb Code    44  lc_numeric_c.o(locale$$code)
    __aeabi_dneg                             0x08008cf5   Thumb Code     0  basic.o(x$fpl$basic)
    _dneg                                    0x08008cf5   Thumb Code     6  basic.o(x$fpl$basic)
    __aeabi_fneg                             0x08008cfb   Thumb Code     0  basic.o(x$fpl$basic)
    _fneg                                    0x08008cfb   Thumb Code     6  basic.o(x$fpl$basic)
    _dabs                                    0x08008d01   Thumb Code     6  basic.o(x$fpl$basic)
    _fabs                                    0x08008d07   Thumb Code     6  basic.o(x$fpl$basic)
    __aeabi_d2f                              0x08008d0d   Thumb Code     0  d2f.o(x$fpl$d2f)
    _d2f                                     0x08008d0d   Thumb Code    98  d2f.o(x$fpl$d2f)
    __aeabi_dadd                             0x08008d71   Thumb Code     0  daddsub_clz.o(x$fpl$dadd)
    _dadd                                    0x08008d71   Thumb Code   332  daddsub_clz.o(x$fpl$dadd)
    __fpl_dcmp_Inf                           0x08008ec1   Thumb Code    24  dcmpi.o(x$fpl$dcmpinf)
    __aeabi_ddiv                             0x08008ed9   Thumb Code     0  ddiv.o(x$fpl$ddiv)
    _ddiv                                    0x08008ed9   Thumb Code   552  ddiv.o(x$fpl$ddiv)
    __aeabi_d2iz                             0x08009189   Thumb Code     0  dfix.o(x$fpl$dfix)
    _dfix                                    0x08009189   Thumb Code    94  dfix.o(x$fpl$dfix)
    __aeabi_i2d                              0x080091e7   Thumb Code     0  dflt_clz.o(x$fpl$dflt)
    _dflt                                    0x080091e7   Thumb Code    46  dflt_clz.o(x$fpl$dflt)
    __aeabi_ui2d                             0x08009215   Thumb Code     0  dflt_clz.o(x$fpl$dfltu)
    _dfltu                                   0x08009215   Thumb Code    38  dflt_clz.o(x$fpl$dfltu)
    __aeabi_cdcmple                          0x0800923d   Thumb Code     0  dleqf.o(x$fpl$dleqf)
    _dcmple                                  0x0800923d   Thumb Code   120  dleqf.o(x$fpl$dleqf)
    __fpl_dcmple_InfNaN                      0x0800929f   Thumb Code     0  dleqf.o(x$fpl$dleqf)
    __aeabi_dmul                             0x080092b5   Thumb Code     0  dmul.o(x$fpl$dmul)
    _dmul                                    0x080092b5   Thumb Code   332  dmul.o(x$fpl$dmul)
    __fpl_dnaninf                            0x08009409   Thumb Code   156  dnaninf.o(x$fpl$dnaninf)
    _drem                                    0x080094a5   Thumb Code   328  drem_clz.o(x$fpl$drem)
    __fpl_dretinf                            0x080095f5   Thumb Code    12  dretinf.o(x$fpl$dretinf)
    __aeabi_cdrcmple                         0x08009601   Thumb Code     0  drleqf.o(x$fpl$drleqf)
    _drcmple                                 0x08009601   Thumb Code   108  drleqf.o(x$fpl$drleqf)
    __aeabi_drsub                            0x0800966d   Thumb Code     0  daddsub_clz.o(x$fpl$drsb)
    _drsb                                    0x0800966d   Thumb Code    22  daddsub_clz.o(x$fpl$drsb)
    _dsqrt                                   0x08009685   Thumb Code   404  dsqrt_umaal.o(x$fpl$dsqrt)
    __aeabi_dsub                             0x0800981d   Thumb Code     0  daddsub_clz.o(x$fpl$dsub)
    _dsub                                    0x0800981d   Thumb Code   464  daddsub_clz.o(x$fpl$dsub)
    __aeabi_f2d                              0x080099f1   Thumb Code     0  f2d.o(x$fpl$f2d)
    _f2d                                     0x080099f1   Thumb Code    86  f2d.o(x$fpl$f2d)
    __aeabi_ul2f                             0x08009a47   Thumb Code     0  ffltll_clz.o(x$fpl$ffltll)
    _ll_uto_f                                0x08009a47   Thumb Code     6  ffltll_clz.o(x$fpl$ffltll)
    __aeabi_l2f                              0x08009a4d   Thumb Code     0  ffltll_clz.o(x$fpl$ffltll)
    _ll_sto_f                                0x08009a4d   Thumb Code    90  ffltll_clz.o(x$fpl$ffltll)
    __fpl_fnaninf                            0x08009aa7   Thumb Code   140  fnaninf.o(x$fpl$fnaninf)
    _fp_init                                 0x08009b33   Thumb Code    10  fpinit.o(x$fpl$fpinit)
    __fplib_config_fpu_vfp                   0x08009b3b   Thumb Code     0  fpinit.o(x$fpl$fpinit)
    __fplib_config_pureend_doubles           0x08009b3b   Thumb Code     0  fpinit.o(x$fpl$fpinit)
    __fpl_fretinf                            0x08009b3d   Thumb Code    10  fretinf.o(x$fpl$fretinf)
    _printf_fp_dec                           0x08009b47   Thumb Code     4  printf1.o(x$fpl$printf1)
    __I$use$fp                               0x08009b4a   Number         0  usenofp.o(x$fpl$usenofp)
    ascii_8x6                                0x08009b4c   Data         552  font.o(.constdata)
    afont8x6                                 0x08009d74   Data           8  font.o(.constdata)
    ascii_12x6                               0x08009d7c   Data        1140  font.o(.constdata)
    afont12x6                                0x0800a1f0   Data           8  font.o(.constdata)
    ascii_16x8                               0x0800a1f8   Data        1520  font.o(.constdata)
    afont16x8                                0x0800a7e8   Data           8  font.o(.constdata)
    ascii_24x12                              0x0800a7f0   Data        3420  font.o(.constdata)
    afont24x12                               0x0800b54c   Data           8  font.o(.constdata)
    zh16x16                                  0x0800b554   Data         144  font.o(.constdata)
    font16x16                                0x0800b5e4   Data          16  font.o(.constdata)
    zh14x14                                  0x0800b5f4   Data          64  font.o(.constdata)
    font14x14                                0x0800b634   Data          16  font.o(.constdata)
    circleData                               0x0800b644   Data           4  font.o(.constdata)
    circleImg                                0x0800b648   Data           8  font.o(.constdata)
    rockerData                               0x0800b650   Data          72  font.o(.constdata)
    rockerImg                                0x0800b698   Data           8  font.o(.constdata)
    buttomData                               0x0800b6a0   Data           6  font.o(.constdata)
    buttomImg                                0x0800b6a8   Data           8  font.o(.constdata)
    step_length                              0x0800b6b0   Data           4  gaitparams.o(.constdata)
    up_amp                                   0x0800b6b4   Data           4  gaitparams.o(.constdata)
    NRF_COMMON_ADDR                          0x0800b6b8   Data           5  nrf20l01.o(.constdata)
    Region$$Table$$Base                      0x0800b914   Number         0  anon$$obj.o(Region$$Table)
    Region$$Table$$Limit                     0x0800b934   Number         0  anon$$obj.o(Region$$Table)
    ctrlstate_names                          0x20000000   Data         105  main.o(.data)
    current_motion_state_names               0x20000069   Data          80  main.o(.data)
    feed                                     0x200000bc   Data           4  main.o(.data)
    start                                    0x200000c0   Data           4  main.o(.data)
    reset                                    0x200000c4   Data           4  main.o(.data)
    left_push_stick                          0x200000c8   Data           4  main.o(.data)
    right_push_stick                         0x200000cc   Data           4  main.o(.data)
    canbuf                                   0x200000d0   Data           8  can.o(.data)
    canbuf_                                  0x200000d8   Data           8  can.o(.data)
    canbuf2                                  0x200000e0   Data           8  can.o(.data)
    canbuf2_                                 0x200000e8   Data           8  can.o(.data)
    jump1_exe_flag                           0x200000f8   Data           1  jump.o(.data)
    jump1_rcv_flag                           0x200000f9   Data           1  jump.o(.data)
    jump1_bend_lean_flag                     0x200000fa   Data           1  jump.o(.data)
    jump1_count                              0x200000fc   Data           4  jump.o(.data)
    jump2_exe_flag                           0x20000100   Data           2  jump.o(.data)
    jump2_rcv_flag                           0x20000102   Data           2  jump.o(.data)
    jump2_bend_lean_flag                     0x20000104   Data           2  jump.o(.data)
    current_motion_state                     0x20000108   Data           1  gaitparams.o(.data)
    gait_params                              0x2000010c   Data         576  gaitparams.o(.data)
    left_x                                   0x2000034c   Data           4  remotecontrol_init.o(.data)
    left_y                                   0x20000350   Data           4  remotecontrol_init.o(.data)
    right_x                                  0x20000354   Data           4  remotecontrol_init.o(.data)
    right_y                                  0x20000358   Data           4  remotecontrol_init.o(.data)
    NRF_CE_Port                              0x20000360   Data           4  nrf20l01.o(.data)
    NRF_CE_Pin                               0x20000364   Data           2  nrf20l01.o(.data)
    NRF_CSN_Port                             0x20000368   Data           4  nrf20l01.o(.data)
    NRF_CSN_Pin                              0x2000036c   Data           2  nrf20l01.o(.data)
    NRF_IRQ_Port                             0x20000370   Data           4  nrf20l01.o(.data)
    NRF_IRQ_Pin                              0x20000374   Data           2  nrf20l01.o(.data)
    NRF_MOSI_Port                            0x20000378   Data           4  nrf20l01.o(.data)
    NRF_MOSI_Pin                             0x2000037c   Data           2  nrf20l01.o(.data)
    NRF_MISO_Port                            0x20000380   Data           4  nrf20l01.o(.data)
    NRF_MISO_Pin                             0x20000384   Data           2  nrf20l01.o(.data)
    NRF_SCK_Port                             0x20000388   Data           4  nrf20l01.o(.data)
    NRF_SCK_Pin                              0x2000038c   Data           2  nrf20l01.o(.data)
    rx_flag                                  0x2000038e   Data           1  nrf20l01.o(.data)
    tx_done                                  0x2000038f   Data           1  nrf20l01.o(.data)
    connect_state                            0x20000390   Data           1  rc.o(.data)
    translate_state                          0x20000391   Data           1  rc.o(.data)
    idle_state                               0x20000392   Data           1  rc.o(.data)
    ctrl_state                               0x20000393   Data           1  rc.o(.data)
    jump_state                               0x20000394   Data           1  rc.o(.data)
    setted_height                            0x20000395   Data           1  rc.o(.data)
    pre_angle                                0x20000396   Data           1  rc.o(.data)
    check_angle_trigger                      0x20000397   Data           1  rc.o(.data)
    rc_left_x                                0x20000398   Data           2  rc.o(.data)
    rc_left_y                                0x2000039a   Data           2  rc.o(.data)
    rc_right_x                               0x2000039c   Data           2  rc.o(.data)
    rc_right_y                               0x2000039e   Data           2  rc.o(.data)
    rc_left_x_md                             0x200003a0   Data           2  rc.o(.data)
    rc_left_y_md                             0x200003a2   Data           2  rc.o(.data)
    rc_right_x_md                            0x200003a4   Data           2  rc.o(.data)
    rc_right_y_md                            0x200003a6   Data           2  rc.o(.data)
    timer                                    0x200003b0   Data           8  timer.o(.data)
    stcAccel                                 0x200003bc   Data           6  usart.o(.data)
    stcAngle                                 0x200003c2   Data           6  usart.o(.data)
    rx_buffer                                0x200003dc   Data          12  main.o(.bss)
    motor_speed_loop_pid                     0x200003e8   Data         576  pid.o(.bss)
    motor_position_loop_pid                  0x20000628   Data         576  pid.o(.bss)
    imu_euler_angle_pid                      0x20000868   Data         216  pid.o(.bss)
    motor_final_output_angles                0x20000940   Data          32  pid.o(.bss)
    motors                                   0x20000960   Data         384  motor.o(.bss)
    jump1_struct                             0x20000b00   Data        1204  jump.o(.bss)
    jump2_struct                             0x20000fb4   Data        1204  jump.o(.bss)
    jump2_count                              0x20001468   Data          10  jump.o(.bss)
    OLED_GRAM                                0x20001472   Data        1024  oled.o(.bss)
    legs                                     0x200018f4   Data         144  ges_cal.o(.bss)
    rc_ctrl                                  0x20001984   Data          22  remotecontrol_init.o(.bss)
    formal_datas                             0x200019e2   Data          22  rc.o(.bss)
    Euler                                    0x200019f8   Data          12  usart.o(.bss)
    Accel                                    0x20001a04   Data          12  usart.o(.bss)
    __libspace_start                         0x20001b0c   Data          96  libspace.o(.bss)
    __temporary_stack_top$libspace           0x20001b6c   Data           0  libspace.o(.bss)



==============================================================================

Memory Map of the image

  Image Entry point : 0x08000189

  Load Region LR_IROM1 (Base: 0x08000000, Size: 0x0000bd2c, Max: 0x00100000, ABSOLUTE, COMPRESSED[0x0000ba54])

    Execution Region ER_IROM1 (Exec base: 0x08000000, Load base: 0x08000000, Size: 0x0000b950, Max: 0x00100000, ABSOLUTE)

    Exec Addr    Load Addr    Size         Type   Attr      Idx    E Section Name        Object

    0x08000000   0x08000000   0x00000188   Data   RO         1948    RESET               startup_stm32f40_41xxx.o
    0x08000188   0x08000188   0x00000008   Code   RO         6813  * !!!main             c_w.l(__main.o)
    0x08000190   0x08000190   0x00000034   Code   RO         7196    !!!scatter          c_w.l(__scatter.o)
    0x080001c4   0x080001c4   0x0000005a   Code   RO         7194    !!dczerorl2         c_w.l(__dczerorl2.o)
    0x0800021e   0x0800021e   0x00000002   PAD
    0x08000220   0x08000220   0x0000001c   Code   RO         7198    !!handler_zi        c_w.l(__scatter_zi.o)
    0x0800023c   0x0800023c   0x00000000   Code   RO         6802    .ARM.Collect$$_printf_percent$$00000000  c_w.l(_printf_percent.o)
    0x0800023c   0x0800023c   0x00000006   Code   RO         6801    .ARM.Collect$$_printf_percent$$00000003  c_w.l(_printf_f.o)
    0x08000242   0x08000242   0x00000004   Code   RO         6940    .ARM.Collect$$_printf_percent$$00000017  c_w.l(_printf_percent_end.o)
    0x08000246   0x08000246   0x00000002   Code   RO         7067    .ARM.Collect$$libinit$$00000000  c_w.l(libinit.o)
    0x08000248   0x08000248   0x00000004   Code   RO         7068    .ARM.Collect$$libinit$$00000001  c_w.l(libinit2.o)
    0x0800024c   0x0800024c   0x00000000   Code   RO         7071    .ARM.Collect$$libinit$$00000004  c_w.l(libinit2.o)
    0x0800024c   0x0800024c   0x00000000   Code   RO         7074    .ARM.Collect$$libinit$$0000000A  c_w.l(libinit2.o)
    0x0800024c   0x0800024c   0x00000000   Code   RO         7076    .ARM.Collect$$libinit$$0000000C  c_w.l(libinit2.o)
    0x0800024c   0x0800024c   0x00000000   Code   RO         7078    .ARM.Collect$$libinit$$0000000E  c_w.l(libinit2.o)
    0x0800024c   0x0800024c   0x00000006   Code   RO         7079    .ARM.Collect$$libinit$$0000000F  c_w.l(libinit2.o)
    0x08000252   0x08000252   0x00000000   Code   RO         7081    .ARM.Collect$$libinit$$00000011  c_w.l(libinit2.o)
    0x08000252   0x08000252   0x00000000   Code   RO         7083    .ARM.Collect$$libinit$$00000013  c_w.l(libinit2.o)
    0x08000252   0x08000252   0x00000000   Code   RO         7085    .ARM.Collect$$libinit$$00000015  c_w.l(libinit2.o)
    0x08000252   0x08000252   0x0000000a   Code   RO         7086    .ARM.Collect$$libinit$$00000016  c_w.l(libinit2.o)
    0x0800025c   0x0800025c   0x00000000   Code   RO         7087    .ARM.Collect$$libinit$$00000017  c_w.l(libinit2.o)
    0x0800025c   0x0800025c   0x00000000   Code   RO         7089    .ARM.Collect$$libinit$$00000019  c_w.l(libinit2.o)
    0x0800025c   0x0800025c   0x00000000   Code   RO         7091    .ARM.Collect$$libinit$$0000001B  c_w.l(libinit2.o)
    0x0800025c   0x0800025c   0x00000000   Code   RO         7093    .ARM.Collect$$libinit$$0000001D  c_w.l(libinit2.o)
    0x0800025c   0x0800025c   0x00000000   Code   RO         7095    .ARM.Collect$$libinit$$0000001F  c_w.l(libinit2.o)
    0x0800025c   0x0800025c   0x00000000   Code   RO         7097    .ARM.Collect$$libinit$$00000021  c_w.l(libinit2.o)
    0x0800025c   0x0800025c   0x00000000   Code   RO         7099    .ARM.Collect$$libinit$$00000023  c_w.l(libinit2.o)
    0x0800025c   0x0800025c   0x00000000   Code   RO         7101    .ARM.Collect$$libinit$$00000025  c_w.l(libinit2.o)
    0x0800025c   0x0800025c   0x00000000   Code   RO         7105    .ARM.Collect$$libinit$$0000002C  c_w.l(libinit2.o)
    0x0800025c   0x0800025c   0x00000000   Code   RO         7107    .ARM.Collect$$libinit$$0000002E  c_w.l(libinit2.o)
    0x0800025c   0x0800025c   0x00000000   Code   RO         7109    .ARM.Collect$$libinit$$00000030  c_w.l(libinit2.o)
    0x0800025c   0x0800025c   0x00000000   Code   RO         7111    .ARM.Collect$$libinit$$00000032  c_w.l(libinit2.o)
    0x0800025c   0x0800025c   0x00000002   Code   RO         7112    .ARM.Collect$$libinit$$00000033  c_w.l(libinit2.o)
    0x0800025e   0x0800025e   0x00000002   Code   RO         7142    .ARM.Collect$$libshutdown$$00000000  c_w.l(libshutdown.o)
    0x08000260   0x08000260   0x00000000   Code   RO         7153    .ARM.Collect$$libshutdown$$00000002  c_w.l(libshutdown2.o)
    0x08000260   0x08000260   0x00000000   Code   RO         7155    .ARM.Collect$$libshutdown$$00000004  c_w.l(libshutdown2.o)
    0x08000260   0x08000260   0x00000000   Code   RO         7158    .ARM.Collect$$libshutdown$$00000007  c_w.l(libshutdown2.o)
    0x08000260   0x08000260   0x00000000   Code   RO         7161    .ARM.Collect$$libshutdown$$0000000A  c_w.l(libshutdown2.o)
    0x08000260   0x08000260   0x00000000   Code   RO         7163    .ARM.Collect$$libshutdown$$0000000C  c_w.l(libshutdown2.o)
    0x08000260   0x08000260   0x00000000   Code   RO         7166    .ARM.Collect$$libshutdown$$0000000F  c_w.l(libshutdown2.o)
    0x08000260   0x08000260   0x00000002   Code   RO         7167    .ARM.Collect$$libshutdown$$00000010  c_w.l(libshutdown2.o)
    0x08000262   0x08000262   0x00000000   Code   RO         6931    .ARM.Collect$$rtentry$$00000000  c_w.l(__rtentry.o)
    0x08000262   0x08000262   0x00000000   Code   RO         6993    .ARM.Collect$$rtentry$$00000002  c_w.l(__rtentry2.o)
    0x08000262   0x08000262   0x00000006   Code   RO         7005    .ARM.Collect$$rtentry$$00000004  c_w.l(__rtentry4.o)
    0x08000268   0x08000268   0x00000000   Code   RO         6995    .ARM.Collect$$rtentry$$00000009  c_w.l(__rtentry2.o)
    0x08000268   0x08000268   0x00000004   Code   RO         6996    .ARM.Collect$$rtentry$$0000000A  c_w.l(__rtentry2.o)
    0x0800026c   0x0800026c   0x00000000   Code   RO         6998    .ARM.Collect$$rtentry$$0000000C  c_w.l(__rtentry2.o)
    0x0800026c   0x0800026c   0x00000008   Code   RO         6999    .ARM.Collect$$rtentry$$0000000D  c_w.l(__rtentry2.o)
    0x08000274   0x08000274   0x00000002   Code   RO         7113    .ARM.Collect$$rtexit$$00000000  c_w.l(rtexit.o)
    0x08000276   0x08000276   0x00000000   Code   RO         7120    .ARM.Collect$$rtexit$$00000002  c_w.l(rtexit2.o)
    0x08000276   0x08000276   0x00000004   Code   RO         7121    .ARM.Collect$$rtexit$$00000003  c_w.l(rtexit2.o)
    0x0800027a   0x0800027a   0x00000006   Code   RO         7122    .ARM.Collect$$rtexit$$00000004  c_w.l(rtexit2.o)
    0x08000280   0x08000280   0x00000040   Code   RO         1949    .text               startup_stm32f40_41xxx.o
    0x080002c0   0x080002c0   0x00000028   Code   RO         6777    .text               c_w.l(noretval__2sprintf.o)
    0x080002e8   0x080002e8   0x0000010e   Code   RO         6789    .text               c_w.l(__printf_wp.o)
    0x080003f6   0x080003f6   0x0000008a   Code   RO         6805    .text               c_w.l(rt_memcpy_v6.o)
    0x08000480   0x08000480   0x00000064   Code   RO         6807    .text               c_w.l(rt_memcpy_w.o)
    0x080004e4   0x080004e4   0x00000044   Code   RO         6809    .text               c_w.l(rt_memclr.o)
    0x08000528   0x08000528   0x00000006   Code   RO         6811    .text               c_w.l(heapauxi.o)
    0x0800052e   0x0800052e   0x00000016   Code   RO         6932    .text               c_w.l(_rserrno.o)
    0x08000544   0x08000544   0x0000041e   Code   RO         6934    .text               c_w.l(_printf_fp_dec.o)
    0x08000962   0x08000962   0x00000002   PAD
    0x08000964   0x08000964   0x00000030   Code   RO         6936    .text               c_w.l(_printf_char_common.o)
    0x08000994   0x08000994   0x0000000a   Code   RO         6938    .text               c_w.l(_sputc.o)
    0x0800099e   0x0800099e   0x0000004e   Code   RO         6941    .text               c_w.l(rt_memclr_w.o)
    0x080009ec   0x080009ec   0x00000008   Code   RO         7010    .text               c_w.l(rt_locale_intlibspace.o)
    0x080009f4   0x080009f4   0x00000008   Code   RO         7015    .text               c_w.l(rt_errno_addr_intlibspace.o)
    0x080009fc   0x080009fc   0x0000008a   Code   RO         7017    .text               c_w.l(lludiv10.o)
    0x08000a86   0x08000a86   0x00000002   PAD
    0x08000a88   0x08000a88   0x00000080   Code   RO         7019    .text               c_w.l(_printf_fp_infnan.o)
    0x08000b08   0x08000b08   0x000000e4   Code   RO         7023    .text               c_w.l(bigflt0.o)
    0x08000bec   0x08000bec   0x00000008   Code   RO         7053    .text               c_w.l(libspace.o)
    0x08000bf4   0x08000bf4   0x0000004a   Code   RO         7056    .text               c_w.l(sys_stackheap_outer.o)
    0x08000c3e   0x08000c3e   0x00000012   Code   RO         7058    .text               c_w.l(exit.o)
    0x08000c50   0x08000c50   0x00000080   Code   RO         7060    .text               c_w.l(strcmpv7m.o)
    0x08000cd0   0x08000cd0   0x0000000c   Code   RO         7132    .text               c_w.l(sys_exit.o)
    0x08000cdc   0x08000cdc   0x00000002   Code   RO         7143    .text               c_w.l(use_no_semi.o)
    0x08000cde   0x08000cde   0x00000000   Code   RO         7145    .text               c_w.l(indicate_semi.o)
    0x08000cde   0x08000cde   0x0000003e   Code   RO         7026    CL$$btod_d2e        c_w.l(btod.o)
    0x08000d1c   0x08000d1c   0x00000046   Code   RO         7028    CL$$btod_d2e_denorm_low  c_w.l(btod.o)
    0x08000d62   0x08000d62   0x00000060   Code   RO         7027    CL$$btod_d2e_norm_op1  c_w.l(btod.o)
    0x08000dc2   0x08000dc2   0x00000338   Code   RO         7036    CL$$btod_div_common  c_w.l(btod.o)
    0x080010fa   0x080010fa   0x000000dc   Code   RO         7033    CL$$btod_e2e        c_w.l(btod.o)
    0x080011d6   0x080011d6   0x0000002a   Code   RO         7030    CL$$btod_ediv       c_w.l(btod.o)
    0x08001200   0x08001200   0x0000002a   Code   RO         7029    CL$$btod_emul       c_w.l(btod.o)
    0x0800122a   0x0800122a   0x00000244   Code   RO         7035    CL$$btod_mult_common  c_w.l(btod.o)
    0x0800146e   0x0800146e   0x00000002   PAD
    0x08001470   0x08001470   0x0000011c   Code   RO         1132    i.Angle_Setting_Cycloid  ges_cal.o
    0x0800158c   0x0800158c   0x00000004   Code   RO         4173    i.BusFault_Handler  stm32f4xx_it.o
    0x08001590   0x08001590   0x00000074   Code   RO          231    i.CAN1_RX0_IRQHandler  can.o
    0x08001604   0x08001604   0x00000040   Code   RO          232    i.CAN1_Receive_Msg  can.o
    0x08001644   0x08001644   0x00000070   Code   RO          233    i.CAN1_Send_Msg     can.o
    0x080016b4   0x080016b4   0x00000074   Code   RO          235    i.CAN2_RX0_IRQHandler  can.o
    0x08001728   0x08001728   0x00000040   Code   RO          236    i.CAN2_Receive_Msg  can.o
    0x08001768   0x08001768   0x00000070   Code   RO          237    i.CAN2_Send_Msg     can.o
    0x080017d8   0x080017d8   0x000000a8   Code   RO         2243    i.CAN_ClearITPendingBit  stm32f4xx_can.o
    0x08001880   0x08001880   0x00000108   Code   RO         2247    i.CAN_FilterInit    stm32f4xx_can.o
    0x08001988   0x08001988   0x00000120   Code   RO         2249    i.CAN_GetITStatus   stm32f4xx_can.o
    0x08001aa8   0x08001aa8   0x00000012   Code   RO         2253    i.CAN_ITConfig      stm32f4xx_can.o
    0x08001aba   0x08001aba   0x00000114   Code   RO         2254    i.CAN_Init          stm32f4xx_can.o
    0x08001bce   0x08001bce   0x0000001e   Code   RO         2255    i.CAN_MessagePending  stm32f4xx_can.o
    0x08001bec   0x08001bec   0x000000f0   Code   RO         2257    i.CAN_Receive       stm32f4xx_can.o
    0x08001cdc   0x08001cdc   0x00000126   Code   RO         2262    i.CAN_Transmit      stm32f4xx_can.o
    0x08001e02   0x08001e02   0x00000002   PAD
    0x08001e04   0x08001e04   0x000000a0   Code   RO         2263    i.CAN_TransmitStatus  stm32f4xx_can.o
    0x08001ea4   0x08001ea4   0x00000010   Code   RO          550    i.Can1_Send_Msg_to_Motor  motor.o
    0x08001eb4   0x08001eb4   0x00000010   Code   RO          551    i.Can2_Send_Msg_to_Motor  motor.o
    0x08001ec4   0x08001ec4   0x000001b4   Code   RO          238    i.Can_Init          can.o
    0x08002078   0x08002078   0x00000178   Code   RO         1133    i.CartesianToTheta_Cycloid  ges_cal.o
    0x080021f0   0x080021f0   0x00000020   Code   RO         1134    i.CartesianToTheta_Cycloid_All_Legs  ges_cal.o
    0x08002210   0x08002210   0x00000058   Code   RO          327    i.ChangeTheGainOfPID_KP_KI_KD  pid.o
    0x08002268   0x08002268   0x00000012   Code   RO         2265    i.CheckITStatus     stm32f4xx_can.o
    0x0800227a   0x0800227a   0x00000002   PAD
    0x0800227c   0x0800227c   0x00000238   Code   RO         1862    i.CopeSerial3Data   usart.o
    0x080024b4   0x080024b4   0x00000034   Code   RO         2942    i.DMA_ClearFlag     stm32f4xx_dma.o
    0x080024e8   0x080024e8   0x00000016   Code   RO         2944    i.DMA_Cmd           stm32f4xx_dma.o
    0x080024fe   0x080024fe   0x00000008   Code   RO         2950    i.DMA_GetCurrDataCounter  stm32f4xx_dma.o
    0x08002506   0x08002506   0x00000014   Code   RO         2951    i.DMA_GetCurrentMemoryTarget  stm32f4xx_dma.o
    0x0800251a   0x0800251a   0x00000004   Code   RO         2959    i.DMA_SetCurrDataCounter  stm32f4xx_dma.o
    0x0800251e   0x0800251e   0x00000002   Code   RO         4174    i.DebugMon_Handler  stm32f4xx_it.o
    0x08002520   0x08002520   0x00000034   Code   RO         1532    i.EXTI9_5_IRQHandler  nrf20l01.o
    0x08002554   0x08002554   0x0000000c   Code   RO         3202    i.EXTI_ClearITPendingBit  stm32f4xx_exti.o
    0x08002560   0x08002560   0x00000018   Code   RO         3206    i.EXTI_GetITStatus  stm32f4xx_exti.o
    0x08002578   0x08002578   0x00000094   Code   RO         3207    i.EXTI_Init         stm32f4xx_exti.o
    0x0800260c   0x0800260c   0x00000090   Code   RO         3678    i.GPIO_Init         stm32f4xx_gpio.o
    0x0800269c   0x0800269c   0x00000046   Code   RO         3679    i.GPIO_PinAFConfig  stm32f4xx_gpio.o
    0x080026e2   0x080026e2   0x00000004   Code   RO         3685    i.GPIO_ResetBits    stm32f4xx_gpio.o
    0x080026e6   0x080026e6   0x00000004   Code   RO         3686    i.GPIO_SetBits      stm32f4xx_gpio.o
    0x080026ea   0x080026ea   0x00000002   PAD
    0x080026ec   0x080026ec   0x00000260   Code   RO         1135    i.Gait              ges_cal.o
    0x0800294c   0x0800294c   0x00000054   Code   RO         1687    i.HAL_InitTick      ticks.o
    0x080029a0   0x080029a0   0x00000004   Code   RO         4175    i.HardFault_Handler  stm32f4xx_it.o
    0x080029a4   0x080029a4   0x00000098   Code   RO          802    i.I2C1_OLED_Init    iic_oled.o
    0x08002a3c   0x08002a3c   0x0000008c   Code   RO          803    i.I2C1_WriteByte    iic_oled.o
    0x08002ac8   0x08002ac8   0x00000010   Code   RO          804    i.I2C1_WriteCommand  iic_oled.o
    0x08002ad8   0x08002ad8   0x00000010   Code   RO          805    i.I2C1_WriteData    iic_oled.o
    0x08002ae8   0x08002ae8   0x000000b0   Code   RO          806    i.I2C1_WriteMultiByte  iic_oled.o
    0x08002b98   0x08002b98   0x0000002a   Code   RO         3953    i.I2C_CheckEvent    stm32f4xx_i2c.o
    0x08002bc2   0x08002bc2   0x00000018   Code   RO         3956    i.I2C_Cmd           stm32f4xx_i2c.o
    0x08002bda   0x08002bda   0x00000002   PAD
    0x08002bdc   0x08002bdc   0x00000060   Code   RO         3959    i.I2C_DeInit        stm32f4xx_i2c.o
    0x08002c3c   0x08002c3c   0x00000018   Code   RO         3964    i.I2C_GenerateSTART  stm32f4xx_i2c.o
    0x08002c54   0x08002c54   0x00000018   Code   RO         3965    i.I2C_GenerateSTOP  stm32f4xx_i2c.o
    0x08002c6c   0x08002c6c   0x0000003a   Code   RO         3966    i.I2C_GetFlagStatus  stm32f4xx_i2c.o
    0x08002ca6   0x08002ca6   0x00000002   PAD
    0x08002ca8   0x08002ca8   0x000000e8   Code   RO         3971    i.I2C_Init          stm32f4xx_i2c.o
    0x08002d90   0x08002d90   0x00000010   Code   RO         3978    i.I2C_Send7bitAddress  stm32f4xx_i2c.o
    0x08002da0   0x08002da0   0x00000004   Code   RO         3979    i.I2C_SendData      stm32f4xx_i2c.o
    0x08002da4   0x08002da4   0x00000078   Code   RO          328    i.IMU_Euler_Angle_Pid_Init  pid.o
    0x08002e1c   0x08002e1c   0x00000010   Code   RO         4226    i.IWDG_Enable       stm32f4xx_iwdg.o
    0x08002e2c   0x08002e2c   0x00000008   Code   RO         1391    i.IWDG_Feed         iwdg.o
    0x08002e34   0x08002e34   0x00000024   Code   RO         1392    i.IWDG_Init         iwdg.o
    0x08002e58   0x08002e58   0x00000010   Code   RO         4228    i.IWDG_ReloadCounter  stm32f4xx_iwdg.o
    0x08002e68   0x08002e68   0x0000000c   Code   RO         4229    i.IWDG_SetPrescaler  stm32f4xx_iwdg.o
    0x08002e74   0x08002e74   0x0000000c   Code   RO         4230    i.IWDG_SetReload    stm32f4xx_iwdg.o
    0x08002e80   0x08002e80   0x0000000c   Code   RO         4231    i.IWDG_WriteAccessCmd  stm32f4xx_iwdg.o
    0x08002e8c   0x08002e8c   0x00000040   Code   RO          416    i.LED_Init          led.o
    0x08002ecc   0x08002ecc   0x000000cc   Code   RO          552    i.Load_Data_To_Canbuf  motor.o
    0x08002f98   0x08002f98   0x00000020   Code   RO          239    i.M3508_ALL_ZERO_SET  can.o
    0x08002fb8   0x08002fb8   0x00000004   Code   RO         4176    i.MemManage_Handler  stm32f4xx_it.o
    0x08002fbc   0x08002fbc   0x00000100   Code   RO          553    i.Motor_Absolute_Angle_Cal  motor.o
    0x080030bc   0x080030bc   0x0000001c   Code   RO          554    i.Motor_Auto_Run    motor.o
    0x080030d8   0x080030d8   0x0000001c   Code   RO         1136    i.Moveleg           ges_cal.o
    0x080030f4   0x080030f4   0x00000002   Code   RO         4177    i.NMI_Handler       stm32f4xx_it.o
    0x080030f6   0x080030f6   0x00000002   PAD
    0x080030f8   0x080030f8   0x00000050   Code   RO         1533    i.NRF24L01_Check    nrf20l01.o
    0x08003148   0x08003148   0x000001a8   Code   RO         1534    i.NRF24L01_Init     nrf20l01.o
    0x080032f0   0x080032f0   0x00000048   Code   RO         1535    i.NRF24L01_Read_Buf  nrf20l01.o
    0x08003338   0x08003338   0x00000038   Code   RO         1536    i.NRF24L01_Read_Reg  nrf20l01.o
    0x08003370   0x08003370   0x00000030   Code   RO         1537    i.NRF24L01_RxPacket_IRQ  nrf20l01.o
    0x080033a0   0x080033a0   0x00000080   Code   RO         1539    i.NRF24L01_Set_RX_Mode  nrf20l01.o
    0x08003420   0x08003420   0x00000038   Code   RO         1541    i.NRF24L01_SpiRW    nrf20l01.o
    0x08003458   0x08003458   0x00000044   Code   RO         1543    i.NRF24L01_Write_Buf  nrf20l01.o
    0x0800349c   0x0800349c   0x0000003c   Code   RO         1544    i.NRF24L01_Write_Reg  nrf20l01.o
    0x080034d8   0x080034d8   0x00000078   Code   RO         1955    i.NVIC_Init         misc.o
    0x08003550   0x08003550   0x00000028   Code   RO         1688    i.NVIC_SetPriority  ticks.o
    0x08003578   0x08003578   0x0000002a   Code   RO          849    i.OLED_Clear        oled.o
    0x080035a2   0x080035a2   0x00000020   Code   RO          861    i.OLED_I2C_Init     oled.o
    0x080035c2   0x080035c2   0x000000ae   Code   RO          862    i.OLED_Init         oled.o
    0x08003670   0x08003670   0x00000014   Code   RO          863    i.OLED_NewFrame     oled.o
    0x08003684   0x08003684   0x00000014   Code   RO          864    i.OLED_Pow          oled.o
    0x08003698   0x08003698   0x0000004e   Code   RO          865    i.OLED_PrintASCIIChar  oled.o
    0x080036e6   0x080036e6   0x00000052   Code   RO          866    i.OLED_PrintASCIINum  oled.o
    0x08003738   0x08003738   0x00000036   Code   RO          867    i.OLED_PrintASCIIString  oled.o
    0x0800376e   0x0800376e   0x00000016   Code   RO          869    i.OLED_Send         oled.o
    0x08003784   0x08003784   0x00000062   Code   RO          870    i.OLED_SetBits      oled.o
    0x080037e6   0x080037e6   0x00000088   Code   RO          871    i.OLED_SetBits_Fine  oled.o
    0x0800386e   0x0800386e   0x0000009a   Code   RO          872    i.OLED_SetBlock     oled.o
    0x08003908   0x08003908   0x0000007c   Code   RO          874    i.OLED_SetByte_Fine  oled.o
    0x08003984   0x08003984   0x00000022   Code   RO          876    i.OLED_SetCursor    oled.o
    0x080039a6   0x080039a6   0x00000002   PAD
    0x080039a8   0x080039a8   0x0000004c   Code   RO          878    i.OLED_ShowFrame    oled.o
    0x080039f4   0x080039f4   0x0000000c   Code   RO          879    i.OLED_WriteCommand  oled.o
    0x08003a00   0x08003a00   0x0000000c   Code   RO          880    i.OLED_WriteData    oled.o
    0x08003a0c   0x08003a0c   0x000001e0   Code   RO          329    i.PID_Calc          pid.o
    0x08003bec   0x08003bec   0x00000024   Code   RO          330    i.PID_Init          pid.o
    0x08003c10   0x08003c10   0x0000000e   Code   RO          331    i.PID_Setting       pid.o
    0x08003c1e   0x08003c1e   0x00000002   PAD
    0x08003c20   0x08003c20   0x00000068   Code   RO          332    i.Pid_Position_Loop_Init  pid.o
    0x08003c88   0x08003c88   0x00000068   Code   RO          333    i.Pid_Speed_Loop_Init  pid.o
    0x08003cf0   0x08003cf0   0x00000020   Code   RO         4595    i.RCC_AHB1PeriphClockCmd  stm32f4xx_rcc.o
    0x08003d10   0x08003d10   0x00000020   Code   RO         4604    i.RCC_APB1PeriphClockCmd  stm32f4xx_rcc.o
    0x08003d30   0x08003d30   0x00000020   Code   RO         4606    i.RCC_APB1PeriphResetCmd  stm32f4xx_rcc.o
    0x08003d50   0x08003d50   0x00000020   Code   RO         4607    i.RCC_APB2PeriphClockCmd  stm32f4xx_rcc.o
    0x08003d70   0x08003d70   0x000000e8   Code   RO         4616    i.RCC_GetClocksFreq  stm32f4xx_rcc.o
    0x08003e58   0x08003e58   0x00000100   Code   RO         1631    i.RC_MotionCtrl     rc.o
    0x08003f58   0x08003f58   0x00000190   Code   RO         1632    i.RC_StepLengthCtrl  rc.o
    0x080040e8   0x080040e8   0x0000010c   Code   RO         1452    i.SBUS_TO_RC        remotecontrol_init.o
    0x080041f4   0x080041f4   0x00000018   Code   RO         5712    i.SPI_Cmd           stm32f4xx_spi.o
    0x0800420c   0x0800420c   0x00000012   Code   RO         5720    i.SPI_I2S_GetFlagStatus  stm32f4xx_spi.o
    0x0800421e   0x0800421e   0x00000006   Code   RO         5723    i.SPI_I2S_ReceiveData  stm32f4xx_spi.o
    0x08004224   0x08004224   0x00000004   Code   RO         5724    i.SPI_I2S_SendData  stm32f4xx_spi.o
    0x08004228   0x08004228   0x0000003c   Code   RO         5725    i.SPI_Init          stm32f4xx_spi.o
    0x08004264   0x08004264   0x00000018   Code   RO         5728    i.SPI_StructInit    stm32f4xx_spi.o
    0x0800427c   0x0800427c   0x00000040   Code   RO         5873    i.SYSCFG_EXTILineConfig  stm32f4xx_syscfg.o
    0x080042bc   0x080042bc   0x000000ec   Code   RO         6738    i.SetSysClock       system_stm32f4xx.o
    0x080043a8   0x080043a8   0x0000006c   Code   RO          555    i.SetZeroToCanBuf   motor.o
    0x08004414   0x08004414   0x00000012   Code   RO          334    i.Set_Angle_Loop_Parameters  pid.o
    0x08004426   0x08004426   0x00000002   PAD
    0x08004428   0x08004428   0x00000060   Code   RO          240    i.Set_Datas_From_Motor  can.o
    0x08004488   0x08004488   0x00000028   Code   RO          556    i.Set_Max_Output_PL  motor.o
    0x080044b0   0x080044b0   0x00000028   Code   RO          557    i.Set_Max_Output_SL  motor.o
    0x080044d8   0x080044d8   0x0000003c   Code   RO          558    i.Set_Motor_Output_Current  motor.o
    0x08004514   0x08004514   0x0000006c   Code   RO          559    i.Set_Motor_Target_Angle  motor.o
    0x08004580   0x08004580   0x00000020   Code   RO          560    i.Set_Motor_Target_Speed  motor.o
    0x080045a0   0x080045a0   0x00000032   Code   RO         1084    i.Set_StandHeight   gaitparams.o
    0x080045d2   0x080045d2   0x00000002   PAD
    0x080045d4   0x080045d4   0x000000b8   Code   RO         1085    i.Set_StepLength    gaitparams.o
    0x0800468c   0x0800468c   0x000000b8   Code   RO         1086    i.Set_UpAmpLength   gaitparams.o
    0x08004744   0x08004744   0x000003b0   Code   RO         1137    i.SinTrajectory     ges_cal.o
    0x08004af4   0x08004af4   0x00000028   Code   RO         1959    i.SysTick_CLKSourceConfig  misc.o
    0x08004b1c   0x08004b1c   0x00000010   Code   RO         1689    i.SysTick_Handler   ticks.o
    0x08004b2c   0x08004b2c   0x00000068   Code   RO         6740    i.SystemInit        system_stm32f4xx.o
    0x08004b94   0x08004b94   0x00000028   Code   RO         1732    i.TIM4_IRQHandler   timer.o
    0x08004bbc   0x08004bbc   0x0000005c   Code   RO         1733    i.TIM4_Init         timer.o
    0x08004c18   0x08004c18   0x0000010c   Code   RO         1734    i.TIM5_IRQHandler   timer.o
    0x08004d24   0x08004d24   0x00000060   Code   RO         1735    i.TIM5_Init         timer.o
    0x08004d84   0x08004d84   0x00000006   Code   RO         5937    i.TIM_ClearITPendingBit  stm32f4xx_tim.o
    0x08004d8a   0x08004d8a   0x00000018   Code   RO         5942    i.TIM_Cmd           stm32f4xx_tim.o
    0x08004da2   0x08004da2   0x00000022   Code   RO         5963    i.TIM_GetITStatus   stm32f4xx_tim.o
    0x08004dc4   0x08004dc4   0x00000012   Code   RO         5967    i.TIM_ITConfig      stm32f4xx_tim.o
    0x08004dd6   0x08004dd6   0x00000002   PAD
    0x08004dd8   0x08004dd8   0x00000084   Code   RO         6014    i.TIM_TimeBaseInit  stm32f4xx_tim.o
    0x08004e5c   0x08004e5c   0x00000018   Code   RO         1863    i.UART1_Put_Char    usart.o
    0x08004e74   0x08004e74   0x0000002e   Code   RO         1864    i.UART1_Put_String  usart.o
    0x08004ea2   0x08004ea2   0x00000002   PAD
    0x08004ea4   0x08004ea4   0x00000020   Code   RO         1865    i.UART4_IRQHandler  usart.o
    0x08004ec4   0x08004ec4   0x00000028   Code   RO         1867    i.USART1_IRQHandler  usart.o
    0x08004eec   0x08004eec   0x000000b0   Code   RO         1868    i.USART1_Init       usart.o
    0x08004f9c   0x08004f9c   0x000000dc   Code   RO         1453    i.USART2_IRQHandler  remotecontrol_init.o
    0x08005078   0x08005078   0x0000002c   Code   RO         1869    i.USART3_IRQHandler  usart.o
    0x080050a4   0x080050a4   0x000000c4   Code   RO         1870    i.USART3_Init       usart.o
    0x08005168   0x08005168   0x00000012   Code   RO         6488    i.USART_ClearFlag   stm32f4xx_usart.o
    0x0800517a   0x0800517a   0x0000001e   Code   RO         6489    i.USART_ClearITPendingBit  stm32f4xx_usart.o
    0x08005198   0x08005198   0x00000018   Code   RO         6492    i.USART_Cmd         stm32f4xx_usart.o
    0x080051b0   0x080051b0   0x00000054   Code   RO         6496    i.USART_GetITStatus  stm32f4xx_usart.o
    0x08005204   0x08005204   0x0000004a   Code   RO         6498    i.USART_ITConfig    stm32f4xx_usart.o
    0x0800524e   0x0800524e   0x00000002   PAD
    0x08005250   0x08005250   0x000000d4   Code   RO         6499    i.USART_Init        stm32f4xx_usart.o
    0x08005324   0x08005324   0x0000000a   Code   RO         6506    i.USART_ReceiveData  stm32f4xx_usart.o
    0x0800532e   0x0800532e   0x00000002   PAD
    0x08005330   0x08005330   0x00000018   Code   RO         1736    i.Update_Time       timer.o
    0x08005348   0x08005348   0x00000004   Code   RO         4178    i.UsageFault_Handler  stm32f4xx_it.o
    0x0800534c   0x0800534c   0x00000030   Code   RO         6977    i.__ARM_fpclassify  m_wm.l(fpclassify.o)
    0x0800537c   0x0800537c   0x00000004   PAD
    0x08005380   0x08005380   0x00000358   Code   RO         6849    i.__hardfp_acos     m_wm.l(acos.o)
    0x080056d8   0x080056d8   0x00000360   Code   RO         6863    i.__hardfp_asin     m_wm.l(asin.o)
    0x08005a38   0x08005a38   0x000000c8   Code   RO         6877    i.__hardfp_cos      m_wm.l(cos.o)
    0x08005b00   0x08005b00   0x00000104   Code   RO         6895    i.__hardfp_fmod     m_wm.l(fmod.o)
    0x08005c04   0x08005c04   0x00000004   PAD
    0x08005c08   0x08005c08   0x000000c8   Code   RO         6907    i.__hardfp_sin      m_wm.l(sin.o)
    0x08005cd0   0x08005cd0   0x0000007a   Code   RO         6919    i.__hardfp_sqrt     m_wm.l(sqrt.o)
    0x08005d4a   0x08005d4a   0x00000006   PAD
    0x08005d50   0x08005d50   0x00000438   Code   RO         6981    i.__ieee754_rem_pio2  m_wm.l(rred.o)
    0x08006188   0x08006188   0x00000170   Code   RO         6960    i.__kernel_cos      m_wm.l(cos_i.o)
    0x080062f8   0x080062f8   0x000000f8   Code   RO         6979    i.__kernel_poly     m_wm.l(poly.o)
    0x080063f0   0x080063f0   0x00000130   Code   RO         6986    i.__kernel_sin      m_wm.l(sin_i.o)
    0x08006520   0x08006520   0x00000014   Code   RO         6964    i.__mathlib_dbl_infnan  m_wm.l(dunder.o)
    0x08006534   0x08006534   0x00000004   PAD
    0x08006538   0x08006538   0x00000020   Code   RO         6966    i.__mathlib_dbl_invalid  m_wm.l(dunder.o)
    0x08006558   0x08006558   0x00000020   Code   RO         6969    i.__mathlib_dbl_underflow  m_wm.l(dunder.o)
    0x08006578   0x08006578   0x0000000e   Code   RO         6791    i._is_digit         c_w.l(__printf_wp.o)
    0x08006586   0x08006586   0x00000002   PAD
    0x08006588   0x08006588   0x00000188   Code   RO          680    i.bendAndLean       jump.o
    0x08006710   0x08006710   0x0000012c   Code   RO          335    i.changePIDForSingleLeg  pid.o
    0x0800683c   0x0800683c   0x00000050   Code   RO          336    i.changePosSpdPID   pid.o
    0x0800688c   0x0800688c   0x0000002a   Code   RO          337    i.constrain         pid.o
    0x080068b6   0x080068b6   0x0000002a   Code   RO          561    i.constrain         motor.o
    0x080068e0   0x080068e0   0x0000001e   Code   RO         1138    i.constrain         ges_cal.o
    0x080068fe   0x080068fe   0x0000002a   Code   RO         1633    i.constrain         rc.o
    0x08006928   0x08006928   0x00000034   Code   RO         1798    i.delay_init        delay.o
    0x0800695c   0x0800695c   0x00000038   Code   RO         1799    i.delay_ms          delay.o
    0x08006994   0x08006994   0x0000004c   Code   RO         1800    i.delay_us          delay.o
    0x080069e0   0x080069e0   0x0000004c   Code   RO         1801    i.delay_xms         delay.o
    0x08006a2c   0x08006a2c   0x0000021c   Code   RO          682    i.exeJump           jump.o
    0x08006c48   0x08006c48   0x000000b4   Code   RO          683    i.exeJumpForSingleLeg  jump.o
    0x08006cfc   0x08006cfc   0x00000018   Code   RO         6891    i.fabs              m_wm.l(fabs.o)
    0x08006d14   0x08006d14   0x00000024   Code   RO         1737    i.feed_dog          timer.o
    0x08006d38   0x08006d38   0x00000042   Code   RO         1634    i.if_in_normal_range  rc.o
    0x08006d7a   0x08006d7a   0x00000002   PAD
    0x08006d7c   0x08006d7c   0x000000c4   Code   RO          684    i.jump2PreJump      jump.o
    0x08006e40   0x08006e40   0x000008fc   Code   RO          685    i.jumpCtrl          jump.o
    0x0800773c   0x0800773c   0x000005b0   Code   RO          686    i.jumpInit          jump.o
    0x08007cec   0x08007cec   0x000000b4   Code   RO          687    i.leanForSingleLeg  jump.o
    0x08007da0   0x08007da0   0x000001e4   Code   RO            3    i.main              main.o
    0x08007f84   0x08007f84   0x000000c8   Code   RO         1139    i.motion_state_ctrl  ges_cal.o
    0x0800804c   0x0800804c   0x000001c8   Code   RO          688    i.rcvJump           jump.o
    0x08008214   0x08008214   0x000000b4   Code   RO          689    i.rcvJumpForSingleLeg  jump.o
    0x080082c8   0x080082c8   0x000002bc   Code   RO          690    i.resetJumpStructure  jump.o
    0x08008584   0x08008584   0x000002e0   Code   RO         1140    i.rotateAndStretch  ges_cal.o
    0x08008864   0x08008864   0x00000052   Code   RO          562    i.runSingleLeg      motor.o
    0x080088b6   0x080088b6   0x00000002   PAD
    0x080088b8   0x080088b8   0x0000003c   Code   RO          563    i.runSingleMotor    motor.o
    0x080088f4   0x080088f4   0x0000011c   Code   RO          691    i.setAngle          jump.o
    0x08008a10   0x08008a10   0x0000001c   Code   RO          565    i.setMaxOfSpeedLoop  motor.o
    0x08008a2c   0x08008a2c   0x00000064   Code   RO          567    i.setMaxSLForSingleLeg  motor.o
    0x08008a90   0x08008a90   0x0000006e   Code   RO         6921    i.sqrt              m_wm.l(sqrt.o)
    0x08008afe   0x08008afe   0x00000002   PAD
    0x08008b00   0x08008b00   0x00000108   Code   RO         1635    i.trans_rx_buffer_to_formal_datas  rc.o
    0x08008c08   0x08008c08   0x00000020   Code   RO         1142    i.updatePrevTime    ges_cal.o
    0x08008c28   0x08008c28   0x000000a0   Code   RO         1871    i.usart1TxDateToVofa  usart.o
    0x08008cc8   0x08008cc8   0x0000002c   Code   RO         7049    locale$$code        c_w.l(lc_numeric_c.o)
    0x08008cf4   0x08008cf4   0x00000018   Code   RO         6943    x$fpl$basic         fz_wm.l(basic.o)
    0x08008d0c   0x08008d0c   0x00000062   Code   RO         6815    x$fpl$d2f           fz_wm.l(d2f.o)
    0x08008d6e   0x08008d6e   0x00000002   PAD
    0x08008d70   0x08008d70   0x00000150   Code   RO         6817    x$fpl$dadd          fz_wm.l(daddsub_clz.o)
    0x08008ec0   0x08008ec0   0x00000018   Code   RO         6945    x$fpl$dcmpinf       fz_wm.l(dcmpi.o)
    0x08008ed8   0x08008ed8   0x000002b0   Code   RO         6824    x$fpl$ddiv          fz_wm.l(ddiv.o)
    0x08009188   0x08009188   0x0000005e   Code   RO         6827    x$fpl$dfix          fz_wm.l(dfix.o)
    0x080091e6   0x080091e6   0x0000002e   Code   RO         6832    x$fpl$dflt          fz_wm.l(dflt_clz.o)
    0x08009214   0x08009214   0x00000026   Code   RO         6831    x$fpl$dfltu         fz_wm.l(dflt_clz.o)
    0x0800923a   0x0800923a   0x00000002   PAD
    0x0800923c   0x0800923c   0x00000078   Code   RO         6837    x$fpl$dleqf         fz_wm.l(dleqf.o)
    0x080092b4   0x080092b4   0x00000154   Code   RO         6839    x$fpl$dmul          fz_wm.l(dmul.o)
    0x08009408   0x08009408   0x0000009c   Code   RO         6947    x$fpl$dnaninf       fz_wm.l(dnaninf.o)
    0x080094a4   0x080094a4   0x00000150   Code   RO         6949    x$fpl$drem          fz_wm.l(drem_clz.o)
    0x080095f4   0x080095f4   0x0000000c   Code   RO         6951    x$fpl$dretinf       fz_wm.l(dretinf.o)
    0x08009600   0x08009600   0x0000006c   Code   RO         6841    x$fpl$drleqf        fz_wm.l(drleqf.o)
    0x0800966c   0x0800966c   0x00000016   Code   RO         6818    x$fpl$drsb          fz_wm.l(daddsub_clz.o)
    0x08009682   0x08009682   0x00000002   PAD
    0x08009684   0x08009684   0x00000198   Code   RO         6953    x$fpl$dsqrt         fz_wm.l(dsqrt_umaal.o)
    0x0800981c   0x0800981c   0x000001d4   Code   RO         6819    x$fpl$dsub          fz_wm.l(daddsub_clz.o)
    0x080099f0   0x080099f0   0x00000056   Code   RO         6843    x$fpl$f2d           fz_wm.l(f2d.o)
    0x08009a46   0x08009a46   0x00000060   Code   RO         6845    x$fpl$ffltll        fz_wm.l(ffltll_clz.o)
    0x08009aa6   0x08009aa6   0x0000008c   Code   RO         6955    x$fpl$fnaninf       fz_wm.l(fnaninf.o)
    0x08009b32   0x08009b32   0x0000000a   Code   RO         7117    x$fpl$fpinit        fz_wm.l(fpinit.o)
    0x08009b3c   0x08009b3c   0x0000000a   Code   RO         6957    x$fpl$fretinf       fz_wm.l(fretinf.o)
    0x08009b46   0x08009b46   0x00000004   Code   RO         6847    x$fpl$printf1       fz_wm.l(printf1.o)
    0x08009b4a   0x08009b4a   0x00000000   Code   RO         6959    x$fpl$usenofp       fz_wm.l(usenofp.o)
    0x08009b4a   0x08009b4a   0x00000002   PAD
    0x08009b4c   0x08009b4c   0x00001b64   Data   RO         1070    .constdata          font.o
    0x0800b6b0   0x0800b6b0   0x00000008   Data   RO         1088    .constdata          gaitparams.o
    0x0800b6b8   0x0800b6b8   0x00000005   Data   RO         1545    .constdata          nrf20l01.o
    0x0800b6bd   0x0800b6bd   0x00000003   PAD
    0x0800b6c0   0x0800b6c0   0x00000050   Data   RO         6852    .constdata          m_wm.l(acos.o)
    0x0800b710   0x0800b710   0x00000050   Data   RO         6866    .constdata          m_wm.l(asin.o)
    0x0800b760   0x0800b760   0x00000030   Data   RO         6961    .constdata          m_wm.l(cos_i.o)
    0x0800b790   0x0800b790   0x000000c8   Data   RO         6983    .constdata          m_wm.l(rred.o)
    0x0800b858   0x0800b858   0x00000028   Data   RO         6987    .constdata          m_wm.l(sin_i.o)
    0x0800b880   0x0800b880   0x00000094   Data   RO         7024    .constdata          c_w.l(bigflt0.o)
    0x0800b914   0x0800b914   0x00000020   Data   RO         7192    Region$$Table       anon$$obj.o
    0x0800b934   0x0800b934   0x0000001c   Data   RO         7048    locale$$data        c_w.l(lc_numeric_c.o)


    Execution Region RW_IRAM1 (Exec base: 0x20000000, Load base: 0x0800b950, Size: 0x00002170, Max: 0x00020000, ABSOLUTE, COMPRESSED[0x00000104])

    Exec Addr    Load Addr    Size         Type   Attr      Idx    E Section Name        Object

    0x20000000   COMPRESSED   0x000000d0   Data   RW            5    .data               main.o
    0x200000d0   COMPRESSED   0x00000020   Data   RW          241    .data               can.o
    0x200000f0   COMPRESSED   0x00000008   Data   RW          569    .data               motor.o
    0x200000f8   COMPRESSED   0x0000000e   Data   RW          693    .data               jump.o
    0x20000106   COMPRESSED   0x00000002   Data   RW          883    .data               oled.o
    0x20000108   COMPRESSED   0x00000244   Data   RW         1089    .data               gaitparams.o
    0x2000034c   COMPRESSED   0x00000012   Data   RW         1459    .data               remotecontrol_init.o
    0x2000035e   COMPRESSED   0x00000002   PAD
    0x20000360   COMPRESSED   0x00000030   Data   RW         1546    .data               nrf20l01.o
    0x20000390   COMPRESSED   0x00000018   Data   RW         1637    .data               rc.o
    0x200003a8   COMPRESSED   0x00000004   Data   RW         1690    .data               ticks.o
    0x200003ac   COMPRESSED   0x00000004   PAD
    0x200003b0   COMPRESSED   0x00000008   Data   RW         1738    .data               timer.o
    0x200003b8   COMPRESSED   0x00000004   Data   RW         1802    .data               delay.o
    0x200003bc   COMPRESSED   0x0000000d   Data   RW         1873    .data               usart.o
    0x200003c9   COMPRESSED   0x00000010   Data   RW         4648    .data               stm32f4xx_rcc.o
    0x200003d9   COMPRESSED   0x00000003   PAD
    0x200003dc        -       0x0000000c   Zero   RW            4    .bss                main.o
    0x200003e8        -       0x00000578   Zero   RW          338    .bss                pid.o
    0x20000960        -       0x000001a0   Zero   RW          568    .bss                motor.o
    0x20000b00        -       0x00000972   Zero   RW          692    .bss                jump.o
    0x20001472        -       0x00000481   Zero   RW          882    .bss                oled.o
    0x200018f3   COMPRESSED   0x00000001   PAD
    0x200018f4        -       0x00000090   Zero   RW         1143    .bss                ges_cal.o
    0x20001984        -       0x0000005e   Zero   RW         1458    .bss                remotecontrol_init.o
    0x200019e2        -       0x00000016   Zero   RW         1636    .bss                rc.o
    0x200019f8        -       0x00000112   Zero   RW         1872    .bss                usart.o
    0x20001b0a   COMPRESSED   0x00000002   PAD
    0x20001b0c        -       0x00000060   Zero   RW         7054    .bss                c_w.l(libspace.o)
    0x20001b6c   COMPRESSED   0x00000004   PAD
    0x20001b70        -       0x00000200   Zero   RW         1947    HEAP                startup_stm32f40_41xxx.o
    0x20001d70        -       0x00000400   Zero   RW         1946    STACK               startup_stm32f40_41xxx.o


==============================================================================

Image component sizes


      Code (inc. data)   RO Data    RW Data    ZI Data      Debug   Object Name

      1148         78          0         32          0       7107   can.o
       260         18          0          4          0       2435   delay.o
         0          0       7012          0          0       1873   font.o
       418         20          8        580          0       3159   gaitparams.o
      3270        168          0          0        144       9386   ges_cal.o
       500         42          0          0          0       3697   iic_oled.o
        44          0          0          0          0       1044   iwdg.o
      6864        240          0         14       2418      14678   jump.o
        64          4          0          0          0     316819   led.o
       484         86          0        208         12     289628   main.o
       160         14          0          0          0       1534   misc.o
      1220        112          0          8        416      10783   motor.o
      1044        120          5         48          0       7978   nrf20l01.o
      1170         22          0          2       1153      14533   oled.o
      1386         80          0          0       1400       9155   pid.o
      1028        140          0         24         22       5397   rc.o
       488         40          0         18         94       3724   remotecontrol_init.o
        64         26        392          0       1536        820   startup_stm32f40_41xxx.o
      1756         38          0          0          0       7768   stm32f4xx_can.o
       106         14          0          0          0       4097   stm32f4xx_dma.o
       184         16          0          0          0       2072   stm32f4xx_exti.o
       222          0          0          0          0       2855   stm32f4xx_gpio.o
       520         28          0          0          0       6087   stm32f4xx_i2c.o
        20          0          0          0          0       2857   stm32f4xx_it.o
        68         30          0          0          0       2550   stm32f4xx_iwdg.o
       360         42          0         16          0       5172   stm32f4xx_rcc.o
       136          0          0          0          0       3999   stm32f4xx_spi.o
        64          4          0          0          0        648   stm32f4xx_syscfg.o
       214         28          0          0          0       3638   stm32f4xx_tim.o
       452          8          0          0          0       5454   stm32f4xx_usart.o
       340         32          0          0          0       1549   system_stm32f4xx.o
       140         12          0          4          0      28576   ticks.o
       556         64          0          8          0       3507   timer.o
      1286        118          0         13        274       6650   usart.o

    ----------------------------------------------------------------------
     26068       1644       7452        988       7472     791229   Object Totals
         0          0         32          0          0          0   (incl. Generated)
        32          0          3          9          3          0   (incl. Padding)

    ----------------------------------------------------------------------

      Code (inc. data)   RO Data    RW Data    ZI Data      Debug   Library Member Name

        90          0          0          0          0          0   __dczerorl2.o
         8          0          0          0          0         68   __main.o
       284          0          0          0          0        156   __printf_wp.o
         0          0          0          0          0          0   __rtentry.o
        12          0          0          0          0          0   __rtentry2.o
         6          0          0          0          0          0   __rtentry4.o
        52          8          0          0          0          0   __scatter.o
        28          0          0          0          0          0   __scatter_zi.o
        48          6          0          0          0         96   _printf_char_common.o
         6          0          0          0          0          0   _printf_f.o
      1054          0          0          0          0        216   _printf_fp_dec.o
       128         16          0          0          0         84   _printf_fp_infnan.o
         0          0          0          0          0          0   _printf_percent.o
         4          0          0          0          0          0   _printf_percent_end.o
        22          0          0          0          0        100   _rserrno.o
        10          0          0          0          0         68   _sputc.o
       228          4        148          0          0         96   bigflt0.o
      1936        128          0          0          0        672   btod.o
        18          0          0          0          0         80   exit.o
         6          0          0          0          0        152   heapauxi.o
         0          0          0          0          0          0   indicate_semi.o
        44         10         28          0          0         76   lc_numeric_c.o
         2          0          0          0          0          0   libinit.o
        22          0          0          0          0          0   libinit2.o
         2          0          0          0          0          0   libshutdown.o
         2          0          0          0          0          0   libshutdown2.o
         8          4          0          0         96         68   libspace.o
       138          0          0          0          0         80   lludiv10.o
        40          6          0          0          0         84   noretval__2sprintf.o
         8          4          0          0          0         68   rt_errno_addr_intlibspace.o
         8          4          0          0          0         68   rt_locale_intlibspace.o
        68          0          0          0          0         68   rt_memclr.o
        78          0          0          0          0         80   rt_memclr_w.o
       138          0          0          0          0         68   rt_memcpy_v6.o
       100          0          0          0          0         80   rt_memcpy_w.o
         2          0          0          0          0          0   rtexit.o
        10          0          0          0          0          0   rtexit2.o
       128          0          0          0          0         68   strcmpv7m.o
        12          4          0          0          0         68   sys_exit.o
        74          0          0          0          0         80   sys_stackheap_outer.o
         2          0          0          0          0         68   use_no_semi.o
        24          0          0          0          0        164   basic.o
        98          4          0          0          0        140   d2f.o
       826         16          0          0          0        492   daddsub_clz.o
        24          0          0          0          0        116   dcmpi.o
       688        140          0          0          0        256   ddiv.o
        94          4          0          0          0        140   dfix.o
        84          0          0          0          0        232   dflt_clz.o
       120          4          0          0          0        140   dleqf.o
       340         12          0          0          0        152   dmul.o
       156          4          0          0          0        140   dnaninf.o
       336         12          0          0          0        136   drem_clz.o
        12          0          0          0          0        116   dretinf.o
       108          0          0          0          0        128   drleqf.o
       408         56          0          0          0        168   dsqrt_umaal.o
        86          4          0          0          0        132   f2d.o
        96          0          0          0          0        132   ffltll_clz.o
       140          4          0          0          0        132   fnaninf.o
        10          0          0          0          0        116   fpinit.o
        10          0          0          0          0        116   fretinf.o
         4          0          0          0          0        116   printf1.o
         0          0          0          0          0          0   usenofp.o
       856        118         80          0          0        288   acos.o
       864         94         80          0          0        280   asin.o
       200         20          0          0          0        164   cos.o
       368         46         48          0          0        200   cos_i.o
        84         16          0          0          0        372   dunder.o
        24          0          0          0          0        124   fabs.o
       260          6          0          0          0        144   fmod.o
        48          0          0          0          0        124   fpclassify.o
       248          0          0          0          0        152   poly.o
      1080        142        200          0          0        188   rred.o
       200         20          0          0          0        164   sin.o
       304         24         40          0          0        208   sin_i.o
       232          0          0          0          0        296   sqrt.o

    ----------------------------------------------------------------------
     13296        944        624          0        100       8780   Library Totals
        38          4          0          0          4          0   (incl. Padding)

    ----------------------------------------------------------------------

      Code (inc. data)   RO Data    RW Data    ZI Data      Debug   Library Name

      4826        194        176          0         96       2812   c_w.l
      3664        260          0          0          0       3264   fz_wm.l
      4768        486        448          0          0       2704   m_wm.l

    ----------------------------------------------------------------------
     13296        944        624          0        100       8780   Library Totals

    ----------------------------------------------------------------------

==============================================================================


      Code (inc. data)   RO Data    RW Data    ZI Data      Debug   

     39364       2588       8076        988       7572     776549   Grand Totals
     39364       2588       8076        260       7572     776549   ELF Image Totals (compressed)
     39364       2588       8076        260          0          0   ROM Totals

==============================================================================

    Total RO  Size (Code + RO Data)                47440 (  46.33kB)
    Total RW  Size (RW Data + ZI Data)              8560 (   8.36kB)
    Total ROM Size (Code + RO Data + RW Data)      47700 (  46.58kB)

==============================================================================

