Component: ARM Compiler 5.06 update 5 (build 528) Tool: armlink [4d35e2]

==============================================================================

Section Cross References

    main.o(i.main) refers to _printf_percent.o(.ARM.Collect$$_printf_percent$$00000000) for _printf_percent
    main.o(i.main) refers to _printf_f.o(.ARM.Collect$$_printf_percent$$00000003) for _printf_f
    main.o(i.main) refers to printf1.o(x$fpl$printf1) for _printf_fp_dec
    main.o(i.main) refers to ticks.o(i.HAL_InitTick) for HAL_InitTick
    main.o(i.main) refers to delay.o(i.delay_init) for delay_init
    main.o(i.main) refers to usart.o(i.USART1_Init) for USART1_Init
    main.o(i.main) refers to usart.o(i.USART3_Init) for USART3_Init
    main.o(i.main) refers to led.o(i.LED_Init) for LED_Init
    main.o(i.main) refers to nrf20l01.o(i.NRF24L01_Init) for NRF24L01_Init
    main.o(i.main) refers to nrf20l01.o(i.NRF24L01_Set_RX_Mode) for NRF24L01_Set_RX_Mode
    main.o(i.main) refers to iwdg.o(i.IWDG_Init) for IWDG_Init
    main.o(i.main) refers to timer.o(i.TIM5_Init) for TIM5_Init
    main.o(i.main) refers to timer.o(i.TIM4_Init) for TIM4_Init
    main.o(i.main) refers to can.o(i.Can_Init) for Can_Init
    main.o(i.main) refers to pid.o(i.PID_Init) for PID_Init
    main.o(i.main) refers to oled.o(i.OLED_Init) for OLED_Init
    main.o(i.main) refers to jump.o(i.jumpInit) for jumpInit
    main.o(i.main) refers to pid.o(i.ChangeTheGainOfPID_KP_KI_KD) for ChangeTheGainOfPID_KP_KI_KD
    main.o(i.main) refers to oled.o(i.OLED_NewFrame) for OLED_NewFrame
    main.o(i.main) refers to oled.o(i.OLED_PrintASCIIString) for OLED_PrintASCIIString
    main.o(i.main) refers to oled.o(i.OLED_ShowFrame) for OLED_ShowFrame
    main.o(i.main) refers to delay.o(i.delay_ms) for delay_ms
    main.o(i.main) refers to nrf20l01.o(i.NRF24L01_RxPacket_Polling) for NRF24L01_RxPacket_Polling
    main.o(i.main) refers to usart.o(i.usart1TxDateToVofa) for usart1TxDateToVofa
    main.o(i.main) refers to rc.o(i.normalizeDatas) for normalizeDatas
    main.o(i.main) refers to ffltll_clz.o(x$fpl$ffltll) for __aeabi_ul2f
    main.o(i.main) refers to f2d.o(x$fpl$f2d) for __aeabi_f2d
    main.o(i.main) refers to noretval__2sprintf.o(.text) for __2sprintf
    main.o(i.main) refers to oled.o(i.OLED_PrintASCIINum) for OLED_PrintASCIINum
    main.o(i.main) refers to ges_cal.o(i.motion_state_ctrl) for motion_state_ctrl
    main.o(i.main) refers to timer.o(i.feed_dog) for feed_dog
    main.o(i.main) refers to jump.o(.bss) for jump1_struct
    main.o(i.main) refers to font.o(.constdata) for afont16x8
    main.o(i.main) refers to main.o(.bss) for rx_buffer
    main.o(i.main) refers to ges_cal.o(.bss) for legs
    main.o(i.main) refers to timer.o(.data) for timer
    main.o(i.main) refers to rc.o(.data) for ctrl_state
    main.o(i.main) refers to main.o(.data) for ctrlstate_names
    main.o(i.main) refers to gaitparams.o(.data) for current_motion_state
    can.o(i.CAN1_Mode_Init) refers to stm32f4xx_rcc.o(i.RCC_AHB1PeriphClockCmd) for RCC_AHB1PeriphClockCmd
    can.o(i.CAN1_Mode_Init) refers to stm32f4xx_rcc.o(i.RCC_APB1PeriphClockCmd) for RCC_APB1PeriphClockCmd
    can.o(i.CAN1_Mode_Init) refers to stm32f4xx_gpio.o(i.GPIO_Init) for GPIO_Init
    can.o(i.CAN1_Mode_Init) refers to stm32f4xx_gpio.o(i.GPIO_PinAFConfig) for GPIO_PinAFConfig
    can.o(i.CAN1_Mode_Init) refers to stm32f4xx_can.o(i.CAN_Init) for CAN_Init
    can.o(i.CAN1_Mode_Init) refers to stm32f4xx_can.o(i.CAN_FilterInit) for CAN_FilterInit
    can.o(i.CAN1_Mode_Init) refers to stm32f4xx_can.o(i.CAN_ITConfig) for CAN_ITConfig
    can.o(i.CAN1_Mode_Init) refers to misc.o(i.NVIC_Init) for NVIC_Init
    can.o(i.CAN1_RX0_IRQHandler) refers to stm32f4xx_can.o(i.CAN_GetITStatus) for CAN_GetITStatus
    can.o(i.CAN1_RX0_IRQHandler) refers to can.o(i.CAN1_Receive_Msg) for CAN1_Receive_Msg
    can.o(i.CAN1_RX0_IRQHandler) refers to can.o(i.Set_Datas_From_Motor) for Set_Datas_From_Motor
    can.o(i.CAN1_RX0_IRQHandler) refers to stm32f4xx_can.o(i.CAN_ClearITPendingBit) for CAN_ClearITPendingBit
    can.o(i.CAN1_RX0_IRQHandler) refers to can.o(.data) for canbuf_
    can.o(i.CAN1_RX0_IRQHandler) refers to motor.o(.bss) for motors
    can.o(i.CAN1_Receive_Msg) refers to stm32f4xx_can.o(i.CAN_MessagePending) for CAN_MessagePending
    can.o(i.CAN1_Receive_Msg) refers to stm32f4xx_can.o(i.CAN_Receive) for CAN_Receive
    can.o(i.CAN1_Send_Msg) refers to stm32f4xx_can.o(i.CAN_Transmit) for CAN_Transmit
    can.o(i.CAN1_Send_Msg) refers to stm32f4xx_can.o(i.CAN_TransmitStatus) for CAN_TransmitStatus
    can.o(i.CAN2_Mode_Init) refers to stm32f4xx_rcc.o(i.RCC_AHB1PeriphClockCmd) for RCC_AHB1PeriphClockCmd
    can.o(i.CAN2_Mode_Init) refers to stm32f4xx_rcc.o(i.RCC_APB1PeriphClockCmd) for RCC_APB1PeriphClockCmd
    can.o(i.CAN2_Mode_Init) refers to stm32f4xx_gpio.o(i.GPIO_Init) for GPIO_Init
    can.o(i.CAN2_Mode_Init) refers to stm32f4xx_gpio.o(i.GPIO_PinAFConfig) for GPIO_PinAFConfig
[...]
    TIM2_IRQHandler                          0x0800029b   Thumb Code     0  startup_stm32f40_41xxx.o(.text)
    TIM3_IRQHandler                          0x0800029b   Thumb Code     0  startup_stm32f40_41xxx.o(.text)
    TIM6_DAC_IRQHandler                      0x0800029b   Thumb Code     0  startup_stm32f40_41xxx.o(.text)
    TIM7_IRQHandler                          0x0800029b   Thumb Code     0  startup_stm32f40_41xxx.o(.text)
    TIM8_BRK_TIM12_IRQHandler                0x0800029b   Thumb Code     0  startup_stm32f40_41xxx.o(.text)
    TIM8_CC_IRQHandler                       0x0800029b   Thumb Code     0  startup_stm32f40_41xxx.o(.text)
    TIM8_TRG_COM_TIM14_IRQHandler            0x0800029b   Thumb Code     0  startup_stm32f40_41xxx.o(.text)
    TIM8_UP_TIM13_IRQHandler                 0x0800029b   Thumb Code     0  startup_stm32f40_41xxx.o(.text)
    UART5_IRQHandler                         0x0800029b   Thumb Code     0  startup_stm32f40_41xxx.o(.text)
    USART6_IRQHandler                        0x0800029b   Thumb Code     0  startup_stm32f40_41xxx.o(.text)
    WWDG_IRQHandler                          0x0800029b   Thumb Code     0  startup_stm32f40_41xxx.o(.text)
    __user_initial_stackheap                 0x0800029d   Thumb Code     0  startup_stm32f40_41xxx.o(.text)
    __2sprintf                               0x080002c1   Thumb Code    34  noretval__2sprintf.o(.text)
    __printf                                 0x080002e9   Thumb Code   270  __printf_wp.o(.text)
    __aeabi_memcpy                           0x080003f7   Thumb Code     0  rt_memcpy_v6.o(.text)
    __rt_memcpy                              0x080003f7   Thumb Code   138  rt_memcpy_v6.o(.text)
    _memcpy_lastbytes                        0x0800045d   Thumb Code     0  rt_memcpy_v6.o(.text)
    __aeabi_memcpy4                          0x08000481   Thumb Code     0  rt_memcpy_w.o(.text)
    __aeabi_memcpy8                          0x08000481   Thumb Code     0  rt_memcpy_w.o(.text)
    __rt_memcpy_w                            0x08000481   Thumb Code   100  rt_memcpy_w.o(.text)
    _memcpy_lastbytes_aligned                0x080004c9   Thumb Code     0  rt_memcpy_w.o(.text)
    __aeabi_memclr                           0x080004e5   Thumb Code     0  rt_memclr.o(.text)
    __rt_memclr                              0x080004e5   Thumb Code    68  rt_memclr.o(.text)
    _memset                                  0x080004e9   Thumb Code     0  rt_memclr.o(.text)
    __aeabi_memclr4                          0x08000529   Thumb Code     0  rt_memclr_w.o(.text)
    __aeabi_memclr8                          0x08000529   Thumb Code     0  rt_memclr_w.o(.text)
    __rt_memclr_w                            0x08000529   Thumb Code    78  rt_memclr_w.o(.text)
    _memset_w                                0x0800052d   Thumb Code     0  rt_memclr_w.o(.text)
    __use_two_region_memory                  0x08000577   Thumb Code     2  heapauxi.o(.text)
    __rt_heap_escrow                         0x08000579   Thumb Code     2  heapauxi.o(.text)
    __rt_heap_expand                         0x0800057b   Thumb Code     2  heapauxi.o(.text)
    __read_errno                             0x0800057d   Thumb Code    10  _rserrno.o(.text)
    __set_errno                              0x08000587   Thumb Code    12  _rserrno.o(.text)
    __lib_sel_fp_printf                      0x08000593   Thumb Code     2  _printf_fp_dec.o(.text)
    _printf_fp_dec_real                      0x08000745   Thumb Code   620  _printf_fp_dec.o(.text)
    _printf_char_common                      0x080009bb   Thumb Code    32  _printf_char_common.o(.text)
    _sputc                                   0x080009e1   Thumb Code    10  _sputc.o(.text)
    __user_libspace                          0x080009ed   Thumb Code     8  libspace.o(.text)
    __user_perproc_libspace                  0x080009ed   Thumb Code     0  libspace.o(.text)
    __user_perthread_libspace                0x080009ed   Thumb Code     0  libspace.o(.text)
    __rt_locale                              0x080009f5   Thumb Code     8  rt_locale_intlibspace.o(.text)
    __aeabi_errno_addr                       0x080009fd   Thumb Code     8  rt_errno_addr_intlibspace.o(.text)
    __errno$intlibspace                      0x080009fd   Thumb Code     0  rt_errno_addr_intlibspace.o(.text)
    __rt_errno_addr$intlibspace              0x080009fd   Thumb Code     0  rt_errno_addr_intlibspace.o(.text)
    _ll_udiv10                               0x08000a05   Thumb Code   138  lludiv10.o(.text)
    _printf_fp_infnan                        0x08000a91   Thumb Code   112  _printf_fp_infnan.o(.text)
    _btod_etento                             0x08000b11   Thumb Code   224  bigflt0.o(.text)
    __I$use$semihosting                      0x08000bf5   Thumb Code     0  use_no_semi.o(.text)
    __use_no_semihosting_swi                 0x08000bf5   Thumb Code     2  use_no_semi.o(.text)
    __semihosting_library_function           0x08000bf7   Thumb Code     0  indicate_semi.o(.text)
    __user_setup_stackheap                   0x08000bf7   Thumb Code    74  sys_stackheap_outer.o(.text)
    exit                                     0x08000c41   Thumb Code    18  exit.o(.text)
    strcmp                                   0x08000c55   Thumb Code   128  strcmpv7m.o(.text)
    _sys_exit                                0x08000cd5   Thumb Code     8  sys_exit.o(.text)
    _btod_d2e                                0x08000ce1   Thumb Code    62  btod.o(CL$$btod_d2e)
    _d2e_denorm_low                          0x08000d1f   Thumb Code    70  btod.o(CL$$btod_d2e_denorm_low)
    _d2e_norm_op1                            0x08000d65   Thumb Code    96  btod.o(CL$$btod_d2e_norm_op1)
    __btod_div_common                        0x08000dc5   Thumb Code   696  btod.o(CL$$btod_div_common)
    _e2e                                     0x080010fd   Thumb Code   220  btod.o(CL$$btod_e2e)
    _btod_ediv                               0x080011d9   Thumb Code    42  btod.o(CL$$btod_ediv)
    _btod_emul                               0x08001203   Thumb Code    42  btod.o(CL$$btod_emul)
    __btod_mult_common                       0x0800122d   Thumb Code   580  btod.o(CL$$btod_mult_common)
    Angle_Setting_Cycloid                    0x08001471   Thumb Code   268  ges_cal.o(i.Angle_Setting_Cycloid)
    BusFault_Handler                         0x0800158d   Thumb Code     4  stm32f4xx_it.o(i.BusFault_Handler)
    CAN1_RX0_IRQHandler                      0x08001591   Thumb Code   104  can.o(i.CAN1_RX0_IRQHandler)
    CAN1_Receive_Msg                         0x08001605   Thumb Code    60  can.o(i.CAN1_Receive_Msg)
    CAN1_Send_Msg                            0x08001645   Thumb Code   106  can.o(i.CAN1_Send_Msg)
    CAN2_RX0_IRQHandler                      0x080016b5   Thumb Code   104  can.o(i.CAN2_RX0_IRQHandler)
    CAN2_Receive_Msg                         0x08001729   Thumb Code    60  can.o(i.CAN2_Receive_Msg)
    CAN2_Send_Msg                            0x08001769   Thumb Code   106  can.o(i.CAN2_Send_Msg)
    CAN_ClearITPendingBit                    0x080017d9   Thumb Code   162  stm32f4xx_can.o(i.CAN_ClearITPendingBit)
    CAN_FilterInit                           0x08001881   Thumb Code   258  stm32f4xx_can.o(i.CAN_FilterInit)
    CAN_GetITStatus                          0x08001989   Thumb Code   284  stm32f4xx_can.o(i.CAN_GetITStatus)
    CAN_ITConfig                             0x08001aa9   Thumb Code    18  stm32f4xx_can.o(i.CAN_ITConfig)
    CAN_Init                                 0x08001abb   Thumb Code   276  stm32f4xx_can.o(i.CAN_Init)
    CAN_MessagePending                       0x08001bcf   Thumb Code    30  stm32f4xx_can.o(i.CAN_MessagePending)
    CAN_Receive                              0x08001bed   Thumb Code   240  stm32f4xx_can.o(i.CAN_Receive)
    CAN_Transmit                             0x08001cdd   Thumb Code   294  stm32f4xx_can.o(i.CAN_Transmit)
    CAN_TransmitStatus                       0x08001e05   Thumb Code   138  stm32f4xx_can.o(i.CAN_TransmitStatus)
    Can1_Send_Msg_to_Motor                   0x08001ea5   Thumb Code    12  motor.o(i.Can1_Send_Msg_to_Motor)
    Can2_Send_Msg_to_Motor                   0x08001eb5   Thumb Code    12  motor.o(i.Can2_Send_Msg_to_Motor)
    Can_Init                                 0x08001ec5   Thumb Code   418  can.o(i.Can_Init)
    CartesianToTheta_Cycloid                 0x08002079   Thumb Code   350  ges_cal.o(i.CartesianToTheta_Cycloid)
    CartesianToTheta_Cycloid_All_Legs        0x080021f1   Thumb Code    28  ges_cal.o(i.CartesianToTheta_Cycloid_All_Legs)
    ChangeTheGainOfPID_KP_KI_KD              0x08002211   Thumb Code    78  pid.o(i.ChangeTheGainOfPID_KP_KI_KD)
    CopeSerial3Data                          0x0800227d   Thumb Code   518  usart.o(i.CopeSerial3Data)
    DMA_ClearFlag                            0x080024b5   Thumb Code    38  stm32f4xx_dma.o(i.DMA_ClearFlag)
    DMA_Cmd                                  0x080024e9   Thumb Code    22  stm32f4xx_dma.o(i.DMA_Cmd)
    DMA_DeInit                               0x08002501   Thumb Code   324  stm32f4xx_dma.o(i.DMA_DeInit)
    DMA_GetCurrDataCounter                   0x08002659   Thumb Code     8  stm32f4xx_dma.o(i.DMA_GetCurrDataCounter)
    DMA_GetCurrentMemoryTarget               0x08002661   Thumb Code    20  stm32f4xx_dma.o(i.DMA_GetCurrentMemoryTarget)
    DMA_Init                                 0x08002675   Thumb Code    82  stm32f4xx_dma.o(i.DMA_Init)
    DMA_SetCurrDataCounter                   0x080026cd   Thumb Code     4  stm32f4xx_dma.o(i.DMA_SetCurrDataCounter)
    DebugMon_Handler                         0x080026d1   Thumb Code     2  stm32f4xx_it.o(i.DebugMon_Handler)
    EXTI9_5_IRQHandler                       0x080026d3   Thumb Code    18  nrf20l01.o(i.EXTI9_5_IRQHandler)
    EXTI_ClearITPendingBit                   0x080026e5   Thumb Code     6  stm32f4xx_exti.o(i.EXTI_ClearITPendingBit)
    EXTI_GetITStatus                         0x080026f1   Thumb Code    20  stm32f4xx_exti.o(i.EXTI_GetITStatus)
    GPIO_Init                                0x08002709   Thumb Code   144  stm32f4xx_gpio.o(i.GPIO_Init)
    GPIO_PinAFConfig                         0x08002799   Thumb Code    70  stm32f4xx_gpio.o(i.GPIO_PinAFConfig)
    GPIO_ResetBits                           0x080027df   Thumb Code     4  stm32f4xx_gpio.o(i.GPIO_ResetBits)
    GPIO_SetBits                             0x080027e3   Thumb Code     4  stm32f4xx_gpio.o(i.GPIO_SetBits)
    Gait                                     0x080027e9   Thumb Code   588  ges_cal.o(i.Gait)
    HAL_InitTick                             0x08002a51   Thumb Code    84  ticks.o(i.HAL_InitTick)
    HardFault_Handler                        0x08002aa5   Thumb Code     4  stm32f4xx_it.o(i.HardFault_Handler)
    I2C1_OLED_Init                           0x08002aa9   Thumb Code   138  iic_oled.o(i.I2C1_OLED_Init)
    I2C1_WriteByte                           0x08002b41   Thumb Code   128  iic_oled.o(i.I2C1_WriteByte)
    I2C1_WriteCommand                        0x08002bcd   Thumb Code    16  iic_oled.o(i.I2C1_WriteCommand)
    I2C1_WriteData                           0x08002bdd   Thumb Code    16  iic_oled.o(i.I2C1_WriteData)
    I2C1_WriteMultiByte                      0x08002bed   Thumb Code   160  iic_oled.o(i.I2C1_WriteMultiByte)
    I2C_CheckEvent                           0x08002c9d   Thumb Code    42  stm32f4xx_i2c.o(i.I2C_CheckEvent)
    I2C_Cmd                                  0x08002cc7   Thumb Code    24  stm32f4xx_i2c.o(i.I2C_Cmd)
    I2C_DeInit                               0x08002ce1   Thumb Code    82  stm32f4xx_i2c.o(i.I2C_DeInit)
    I2C_GenerateSTART                        0x08002d41   Thumb Code    24  stm32f4xx_i2c.o(i.I2C_GenerateSTART)
    I2C_GenerateSTOP                         0x08002d59   Thumb Code    24  stm32f4xx_i2c.o(i.I2C_GenerateSTOP)
    I2C_GetFlagStatus                        0x08002d71   Thumb Code    58  stm32f4xx_i2c.o(i.I2C_GetFlagStatus)
    I2C_Init                                 0x08002dad   Thumb Code   218  stm32f4xx_i2c.o(i.I2C_Init)
    I2C_Send7bitAddress                      0x08002e95   Thumb Code    16  stm32f4xx_i2c.o(i.I2C_Send7bitAddress)
    I2C_SendData                             0x08002ea5   Thumb Code     4  stm32f4xx_i2c.o(i.I2C_SendData)
    IMU_Euler_Angle_Pid_Init                 0x08002ea9   Thumb Code   110  pid.o(i.IMU_Euler_Angle_Pid_Init)
    IMU_pidCal                               0x08002f21   Thumb Code   236  pid.o(i.IMU_pidCal)
    IWDG_Enable                              0x0800300d   Thumb Code    10  stm32f4xx_iwdg.o(i.IWDG_Enable)
    IWDG_Feed                                0x0800301d   Thumb Code     8  iwdg.o(i.IWDG_Feed)
    IWDG_Init                                0x08003025   Thumb Code    36  iwdg.o(i.IWDG_Init)
    IWDG_ReloadCounter                       0x08003049   Thumb Code    10  stm32f4xx_iwdg.o(i.IWDG_ReloadCounter)
    IWDG_SetPrescaler                        0x08003059   Thumb Code     6  stm32f4xx_iwdg.o(i.IWDG_SetPrescaler)
    IWDG_SetReload                           0x08003065   Thumb Code     6  stm32f4xx_iwdg.o(i.IWDG_SetReload)
    IWDG_WriteAccessCmd                      0x08003071   Thumb Code     6  stm32f4xx_iwdg.o(i.IWDG_WriteAccessCmd)
    LED_Init                                 0x0800307d   Thumb Code    60  led.o(i.LED_Init)
    Load_Data_To_Canbuf                      0x080030bd   Thumb Code   192  motor.o(i.Load_Data_To_Canbuf)
    M3508_ALL_ZERO_SET                       0x08003189   Thumb Code    26  can.o(i.M3508_ALL_ZERO_SET)
    MemManage_Handler                        0x080031a9   Thumb Code     4  stm32f4xx_it.o(i.MemManage_Handler)
    Motor_Absolute_Angle_Cal                 0x080031ad   Thumb Code   240  motor.o(i.Motor_Absolute_Angle_Cal)
    Motor_Auto_Run                           0x080032ad   Thumb Code    28  motor.o(i.Motor_Auto_Run)
    Moveleg                                  0x080032c9   Thumb Code    28  ges_cal.o(i.Moveleg)
    NMI_Handler                              0x080032e5   Thumb Code     2  stm32f4xx_it.o(i.NMI_Handler)
    NRF24L01_Check                           0x080032e9   Thumb Code    70  nrf20l01.o(i.NRF24L01_Check)
    NRF24L01_Init                            0x08003339   Thumb Code   314  nrf20l01.o(i.NRF24L01_Init)
    NRF24L01_Read_Buf                        0x080034a1   Thumb Code    62  nrf20l01.o(i.NRF24L01_Read_Buf)
    NRF24L01_Read_Reg                        0x080034e9   Thumb Code    46  nrf20l01.o(i.NRF24L01_Read_Reg)
    NRF24L01_RxPacket_Polling                0x08003521   Thumb Code    52  nrf20l01.o(i.NRF24L01_RxPacket_Polling)
    NRF24L01_Set_RX_Mode                     0x08003555   Thumb Code   116  nrf20l01.o(i.NRF24L01_Set_RX_Mode)
    NRF24L01_SpiRW                           0x080035d5   Thumb Code    50  nrf20l01.o(i.NRF24L01_SpiRW)
    NRF24L01_Write_Buf                       0x0800360d   Thumb Code    60  nrf20l01.o(i.NRF24L01_Write_Buf)
    NRF24L01_Write_Reg                       0x08003651   Thumb Code    50  nrf20l01.o(i.NRF24L01_Write_Reg)
    NVIC_Init                                0x0800368d   Thumb Code   106  misc.o(i.NVIC_Init)
    OLED_Clear                               0x0800372d   Thumb Code    42  oled.o(i.OLED_Clear)
    OLED_I2C_Init                            0x08003757   Thumb Code    32  oled.o(i.OLED_I2C_Init)
    OLED_Init                                0x08003777   Thumb Code   174  oled.o(i.OLED_Init)
    OLED_NewFrame                            0x08003825   Thumb Code    14  oled.o(i.OLED_NewFrame)
    OLED_Pow                                 0x08003839   Thumb Code    20  oled.o(i.OLED_Pow)
    OLED_PrintASCIIChar                      0x0800384d   Thumb Code    78  oled.o(i.OLED_PrintASCIIChar)
    OLED_PrintASCIINum                       0x0800389b   Thumb Code    82  oled.o(i.OLED_PrintASCIINum)
    OLED_PrintASCIIString                    0x080038ed   Thumb Code    54  oled.o(i.OLED_PrintASCIIString)
    OLED_Send                                0x08003923   Thumb Code    22  oled.o(i.OLED_Send)
    OLED_SetBits                             0x08003939   Thumb Code    98  oled.o(i.OLED_SetBits)
    OLED_SetBits_Fine                        0x0800399b   Thumb Code   136  oled.o(i.OLED_SetBits_Fine)
    OLED_SetBlock                            0x08003a23   Thumb Code   154  oled.o(i.OLED_SetBlock)
    OLED_SetByte_Fine                        0x08003abd   Thumb Code   116  oled.o(i.OLED_SetByte_Fine)
    OLED_SetCursor                           0x08003b39   Thumb Code    34  oled.o(i.OLED_SetCursor)
    OLED_ShowFrame                           0x08003b5d   Thumb Code    68  oled.o(i.OLED_ShowFrame)
    OLED_WriteCommand                        0x08003ba9   Thumb Code    12  oled.o(i.OLED_WriteCommand)
    OLED_WriteData                           0x08003bb5   Thumb Code    12  oled.o(i.OLED_WriteData)
    PID_Calc                                 0x08003bc1   Thumb Code   476  pid.o(i.PID_Calc)
    PID_Init                                 0x08003da1   Thumb Code    22  pid.o(i.PID_Init)
    PID_Setting                              0x08003dc5   Thumb Code    14  pid.o(i.PID_Setting)
    Pid_Position_Loop_Init                   0x08003dd5   Thumb Code    88  pid.o(i.Pid_Position_Loop_Init)
    Pid_Speed_Loop_Init                      0x08003e3d   Thumb Code    88  pid.o(i.Pid_Speed_Loop_Init)
    RCC_AHB1PeriphClockCmd                   0x08003ea5   Thumb Code    26  stm32f4xx_rcc.o(i.RCC_AHB1PeriphClockCmd)
    RCC_APB1PeriphClockCmd                   0x08003ec5   Thumb Code    26  stm32f4xx_rcc.o(i.RCC_APB1PeriphClockCmd)
    RCC_APB1PeriphResetCmd                   0x08003ee5   Thumb Code    26  stm32f4xx_rcc.o(i.RCC_APB1PeriphResetCmd)
    RCC_APB2PeriphClockCmd                   0x08003f05   Thumb Code    26  stm32f4xx_rcc.o(i.RCC_APB2PeriphClockCmd)
    RCC_GetClocksFreq                        0x08003f25   Thumb Code   214  stm32f4xx_rcc.o(i.RCC_GetClocksFreq)
    RC_MotionCtrl                            0x0800400d   Thumb Code   196  rc.o(i.RC_MotionCtrl)
    RC_StepLengthCtrl                        0x08004101   Thumb Code   820  rc.o(i.RC_StepLengthCtrl)
    SPI_Cmd                                  0x08004575   Thumb Code    24  stm32f4xx_spi.o(i.SPI_Cmd)
    SPI_I2S_GetFlagStatus                    0x0800458d   Thumb Code    18  stm32f4xx_spi.o(i.SPI_I2S_GetFlagStatus)
    SPI_I2S_ReceiveData                      0x0800459f   Thumb Code     6  stm32f4xx_spi.o(i.SPI_I2S_ReceiveData)
    SPI_I2S_SendData                         0x080045a5   Thumb Code     4  stm32f4xx_spi.o(i.SPI_I2S_SendData)
    SPI_Init                                 0x080045a9   Thumb Code    60  stm32f4xx_spi.o(i.SPI_Init)
    SPI_StructInit                           0x080045e5   Thumb Code    24  stm32f4xx_spi.o(i.SPI_StructInit)
    SetZeroToCanBuf                          0x080046e9   Thumb Code   100  motor.o(i.SetZeroToCanBuf)
    Set_Angle_Loop_Parameters                0x08004755   Thumb Code    18  pid.o(i.Set_Angle_Loop_Parameters)
    Set_Datas_From_Motor                     0x08004769   Thumb Code    86  can.o(i.Set_Datas_From_Motor)
    Set_Max_Output_PL                        0x080047c9   Thumb Code    34  motor.o(i.Set_Max_Output_PL)
    Set_Max_Output_SL                        0x080047f1   Thumb Code    34  motor.o(i.Set_Max_Output_SL)
    Set_Motor_Output_Current                 0x08004819   Thumb Code    52  motor.o(i.Set_Motor_Output_Current)
    Set_Motor_Target_Angle                   0x08004855   Thumb Code    96  motor.o(i.Set_Motor_Target_Angle)
    Set_Motor_Target_Speed                   0x080048c1   Thumb Code    26  motor.o(i.Set_Motor_Target_Speed)
    Set_StandHeight                          0x080048e1   Thumb Code    50  gaitparams.o(i.Set_StandHeight)
    Set_StepLength                           0x08004915   Thumb Code   174  gaitparams.o(i.Set_StepLength)
    Set_UpAmpLength                          0x080049cd   Thumb Code   174  gaitparams.o(i.Set_UpAmpLength)
    SysTick_CLKSourceConfig                  0x08004e35   Thumb Code    40  misc.o(i.SysTick_CLKSourceConfig)
    SysTick_Handler                          0x08004e5d   Thumb Code    12  ticks.o(i.SysTick_Handler)
    SystemInit                               0x08004e6d   Thumb Code    88  system_stm32f4xx.o(i.SystemInit)
    TIM4_IRQHandler                          0x08004ed5   Thumb Code    26  timer.o(i.TIM4_IRQHandler)
    TIM4_Init                                0x08004ef5   Thumb Code    86  timer.o(i.TIM4_Init)
    TIM5_IRQHandler                          0x08004f51   Thumb Code   336  timer.o(i.TIM5_IRQHandler)
    TIM5_Init                                0x080050d1   Thumb Code    90  timer.o(i.TIM5_Init)
    TIM_ClearITPendingBit                    0x08005131   Thumb Code     6  stm32f4xx_tim.o(i.TIM_ClearITPendingBit)
    TIM_Cmd                                  0x08005137   Thumb Code    24  stm32f4xx_tim.o(i.TIM_Cmd)
    TIM_GetITStatus                          0x0800514f   Thumb Code    34  stm32f4xx_tim.o(i.TIM_GetITStatus)
    TIM_ITConfig                             0x08005171   Thumb Code    18  stm32f4xx_tim.o(i.TIM_ITConfig)
    TIM_TimeBaseInit                         0x08005185   Thumb Code   104  stm32f4xx_tim.o(i.TIM_TimeBaseInit)
    UART1_Put_Char                           0x08005209   Thumb Code    20  usart.o(i.UART1_Put_Char)
    UART1_Put_String                         0x08005221   Thumb Code    46  usart.o(i.UART1_Put_String)
    UART4_IRQHandler                         0x08005251   Thumb Code    26  usart.o(i.UART4_IRQHandler)
    USART1_IRQHandler                        0x08005271   Thumb Code    34  usart.o(i.USART1_IRQHandler)
    USART1_Init                              0x08005299   Thumb Code   166  usart.o(i.USART1_Init)
    USART2_IRQHandler                        0x08005349   Thumb Code   196  remotecontrol_init.o(i.USART2_IRQHandler)
    USART3_DMA_Init                          0x08005425   Thumb Code   128  usart.o(i.USART3_DMA_Init)
    USART3_IRQHandler                        0x080054b1   Thumb Code    60  usart.o(i.USART3_IRQHandler)
    USART3_Init                              0x080054f9   Thumb Code   204  usart.o(i.USART3_Init)
    USART_ClearFlag                          0x080055cd   Thumb Code    18  stm32f4xx_usart.o(i.USART_ClearFlag)
    USART_ClearITPendingBit                  0x080055df   Thumb Code    30  stm32f4xx_usart.o(i.USART_ClearITPendingBit)
    USART_Cmd                                0x080055fd   Thumb Code    24  stm32f4xx_usart.o(i.USART_Cmd)
    USART_DMACmd                             0x08005615   Thumb Code    18  stm32f4xx_usart.o(i.USART_DMACmd)
    USART_GetITStatus                        0x08005627   Thumb Code    84  stm32f4xx_usart.o(i.USART_GetITStatus)
    USART_ITConfig                           0x0800567b   Thumb Code    74  stm32f4xx_usart.o(i.USART_ITConfig)
    USART_Init                               0x080056c5   Thumb Code   204  stm32f4xx_usart.o(i.USART_Init)
    USART_ReceiveData                        0x08005799   Thumb Code    10  stm32f4xx_usart.o(i.USART_ReceiveData)
    UsageFault_Handler                       0x080057bd   Thumb Code     4  stm32f4xx_it.o(i.UsageFault_Handler)
    __ARM_fpclassify                         0x080057c1   Thumb Code    48  fpclassify.o(i.__ARM_fpclassify)
    __hardfp_acos                            0x080057f1   Thumb Code   738  acos.o(i.__hardfp_acos)
    __hardfp_asin                            0x08005b49   Thumb Code   770  asin.o(i.__hardfp_asin)
    __hardfp_cos                             0x08005ea9   Thumb Code   180  cos.o(i.__hardfp_cos)
    __hardfp_fabs                            0x08005f71   Thumb Code    20  fabs.o(i.__hardfp_fabs)
    __hardfp_fmod                            0x08005f85   Thumb Code   254  fmod.o(i.__hardfp_fmod)
    __hardfp_sin                             0x08006089   Thumb Code   180  sin.o(i.__hardfp_sin)
    __hardfp_sqrt                            0x08006151   Thumb Code   122  sqrt.o(i.__hardfp_sqrt)
    __ieee754_rem_pio2                       0x080061d1   Thumb Code   938  rred.o(i.__ieee754_rem_pio2)
    __kernel_cos                             0x08006609   Thumb Code   322  cos_i.o(i.__kernel_cos)
    __kernel_poly                            0x08006779   Thumb Code   248  poly.o(i.__kernel_poly)
    __kernel_sin                             0x08006871   Thumb Code   280  sin_i.o(i.__kernel_sin)
    __mathlib_dbl_infnan                     0x080069a1   Thumb Code    20  dunder.o(i.__mathlib_dbl_infnan)
    __mathlib_dbl_invalid                    0x080069b9   Thumb Code    24  dunder.o(i.__mathlib_dbl_invalid)
    __mathlib_dbl_underflow                  0x080069d9   Thumb Code    24  dunder.o(i.__mathlib_dbl_underflow)
    _is_digit                                0x080069f9   Thumb Code    14  __printf_wp.o(i._is_digit)
    bendAndLean                              0x08006a09   Thumb Code   370  jump.o(i.bendAndLean)
    calPosByRollNdPitch                      0x08006b91   Thumb Code    36  imu.o(i.calPosByRollNdPitch)
    changePIDForSingleLeg                    0x08006bb5   Thumb Code   300  pid.o(i.changePIDForSingleLeg)
    changePosSpdPID                          0x08006ce1   Thumb Code    70  pid.o(i.changePosSpdPID)
    constrain                                0x08006d31   Thumb Code    42  pid.o(i.constrain)
    delay_init                               0x08006dcd   Thumb Code    42  delay.o(i.delay_init)
    delay_ms                                 0x08006e01   Thumb Code    56  delay.o(i.delay_ms)
    delay_us                                 0x08006e39   Thumb Code    72  delay.o(i.delay_us)
    delay_xms                                0x08006e85   Thumb Code    72  delay.o(i.delay_xms)
    exeJump                                  0x08006ed1   Thumb Code   526  jump.o(i.exeJump)
    exeJumpForSingleLeg                      0x080070ed   Thumb Code   166  jump.o(i.exeJumpForSingleLeg)
    fabs                                     0x080071a1   Thumb Code    24  fabs.o(i.fabs)
    feed_dog                                 0x080071b9   Thumb Code    28  timer.o(i.feed_dog)
    if_in_normal_range                       0x080071dd   Thumb Code    66  rc.o(i.if_in_normal_range)
    jump2PreJump                             0x0800737d   Thumb Code   182  jump.o(i.jump2PreJump)
    jumpCtrl                                 0x08007441   Thumb Code  1908  jump.o(i.jumpCtrl)
    jumpInit                                 0x08007bc9   Thumb Code  1440  jump.o(i.jumpInit)
    main                                     0x08008169   Thumb Code   412  main.o(i.main)
    motion_state_ctrl                        0x08008369   Thumb Code   178  ges_cal.o(i.motion_state_ctrl)
    normalizeDatas                           0x08008431   Thumb Code   290  rc.o(i.normalizeDatas)
    rcvJump                                  0x0800858d   Thumb Code   442  jump.o(i.rcvJump)
    rcvJumpForSingleLeg                      0x08008755   Thumb Code   166  jump.o(i.rcvJumpForSingleLeg)
    resetJumpStructure                       0x08008809   Thumb Code   694  jump.o(i.resetJumpStructure)
    rotateAndStretch                         0x08008ac5   Thumb Code   724  ges_cal.o(i.rotateAndStretch)
    runSingleLeg                             0x08008da5   Thumb Code    82  motor.o(i.runSingleLeg)
    runSingleMotor                           0x08008df9   Thumb Code    50  motor.o(i.runSingleMotor)
    setAngle                                 0x08008e35   Thumb Code   262  jump.o(i.setAngle)
    setMaxOfSpeedLoop                        0x08008f51   Thumb Code    24  motor.o(i.setMaxOfSpeedLoop)
    setMaxSLForSingleLeg                     0x08008f6d   Thumb Code   100  motor.o(i.setMaxSLForSingleLeg)
    setPostureOffset                         0x08008fd1   Thumb Code   170  imu.o(i.setPostureOffset)
    sqrt                                     0x08009089   Thumb Code   110  sqrt.o(i.sqrt)
    updatePrevTime                           0x080090f9   Thumb Code    26  ges_cal.o(i.updatePrevTime)
    usart1TxDateToVofa                       0x08009119   Thumb Code   130  usart.o(i.usart1TxDateToVofa)
    _get_lc_numeric                          0x080091b9   Thumb Code    44  lc_numeric_c.o(locale$$code)
    __aeabi_dneg                             0x080091e5   Thumb Code     0  basic.o(x$fpl$basic)
    _dneg                                    0x080091e5   Thumb Code     6  basic.o(x$fpl$basic)
    __aeabi_fneg                             0x080091eb   Thumb Code     0  basic.o(x$fpl$basic)
    _fneg                                    0x080091eb   Thumb Code     6  basic.o(x$fpl$basic)
    _dabs                                    0x080091f1   Thumb Code     6  basic.o(x$fpl$basic)
    _fabs                                    0x080091f7   Thumb Code     6  basic.o(x$fpl$basic)
    __aeabi_d2f                              0x080091fd   Thumb Code     0  d2f.o(x$fpl$d2f)
    _d2f                                     0x080091fd   Thumb Code    98  d2f.o(x$fpl$d2f)
    __aeabi_dadd                             0x08009261   Thumb Code     0  daddsub_clz.o(x$fpl$dadd)
    _dadd                                    0x08009261   Thumb Code   332  daddsub_clz.o(x$fpl$dadd)
    __fpl_dcmp_Inf                           0x080093b1   Thumb Code    24  dcmpi.o(x$fpl$dcmpinf)
    __aeabi_ddiv                             0x080093c9   Thumb Code     0  ddiv.o(x$fpl$ddiv)
    _ddiv                                    0x080093c9   Thumb Code   552  ddiv.o(x$fpl$ddiv)
    __aeabi_d2iz                             0x08009679   Thumb Code     0  dfix.o(x$fpl$dfix)
    _dfix                                    0x08009679   Thumb Code    94  dfix.o(x$fpl$dfix)
    __aeabi_i2d                              0x080096d7   Thumb Code     0  dflt_clz.o(x$fpl$dflt)
    _dflt                                    0x080096d7   Thumb Code    46  dflt_clz.o(x$fpl$dflt)
    __aeabi_ui2d                             0x08009705   Thumb Code     0  dflt_clz.o(x$fpl$dfltu)
    _dfltu                                   0x08009705   Thumb Code    38  dflt_clz.o(x$fpl$dfltu)
    __aeabi_cdcmple                          0x0800972d   Thumb Code     0  dleqf.o(x$fpl$dleqf)
    _dcmple                                  0x0800972d   Thumb Code   120  dleqf.o(x$fpl$dleqf)
    __fpl_dcmple_InfNaN                      0x0800978f   Thumb Code     0  dleqf.o(x$fpl$dleqf)
    __aeabi_dmul                             0x080097a5   Thumb Code     0  dmul.o(x$fpl$dmul)
    _dmul                                    0x080097a5   Thumb Code   332  dmul.o(x$fpl$dmul)
    __fpl_dnaninf                            0x080098f9   Thumb Code   156  dnaninf.o(x$fpl$dnaninf)
    _drem                                    0x08009995   Thumb Code   328  drem_clz.o(x$fpl$drem)
    __fpl_dretinf                            0x08009ae5   Thumb Code    12  dretinf.o(x$fpl$dretinf)
    __aeabi_cdrcmple                         0x08009af1   Thumb Code     0  drleqf.o(x$fpl$drleqf)
    _drcmple                                 0x08009af1   Thumb Code   108  drleqf.o(x$fpl$drleqf)
    __aeabi_drsub                            0x08009b5d   Thumb Code     0  daddsub_clz.o(x$fpl$drsb)
    _drsb                                    0x08009b5d   Thumb Code    22  daddsub_clz.o(x$fpl$drsb)
    _dsqrt                                   0x08009b75   Thumb Code   404  dsqrt_umaal.o(x$fpl$dsqrt)
    __aeabi_dsub                             0x08009d0d   Thumb Code     0  daddsub_clz.o(x$fpl$dsub)
    _dsub                                    0x08009d0d   Thumb Code   464  daddsub_clz.o(x$fpl$dsub)
    __aeabi_f2d                              0x08009ee1   Thumb Code     0  f2d.o(x$fpl$f2d)
    _f2d                                     0x08009ee1   Thumb Code    86  f2d.o(x$fpl$f2d)
    __aeabi_ul2f                             0x08009f37   Thumb Code     0  ffltll_clz.o(x$fpl$ffltll)
    _ll_uto_f                                0x08009f37   Thumb Code     6  ffltll_clz.o(x$fpl$ffltll)
    __aeabi_l2f                              0x08009f3d   Thumb Code     0  ffltll_clz.o(x$fpl$ffltll)
    _ll_sto_f                                0x08009f3d   Thumb Code    90  ffltll_clz.o(x$fpl$ffltll)
    __fpl_fnaninf                            0x08009f97   Thumb Code   140  fnaninf.o(x$fpl$fnaninf)
    _fp_init                                 0x0800a023   Thumb Code    10  fpinit.o(x$fpl$fpinit)
    __fplib_config_fpu_vfp                   0x0800a02b   Thumb Code     0  fpinit.o(x$fpl$fpinit)
    __fplib_config_pureend_doubles           0x0800a02b   Thumb Code     0  fpinit.o(x$fpl$fpinit)
    __fpl_fretinf                            0x0800a02d   Thumb Code    10  fretinf.o(x$fpl$fretinf)
    _printf_fp_dec                           0x0800a037   Thumb Code     4  printf1.o(x$fpl$printf1)
    __I$use$fp                               0x0800a03a   Number         0  usenofp.o(x$fpl$usenofp)
    ascii_8x6                                0x0800a03c   Data         552  font.o(.constdata)
    afont8x6                                 0x0800a264   Data           8  font.o(.constdata)
    ascii_12x6                               0x0800a26c   Data        1140  font.o(.constdata)
    afont12x6                                0x0800a6e0   Data           8  font.o(.constdata)
    ascii_16x8                               0x0800a6e8   Data        1520  font.o(.constdata)
    afont16x8                                0x0800acd8   Data           8  font.o(.constdata)
    ascii_24x12                              0x0800ace0   Data        3420  font.o(.constdata)
    afont24x12                               0x0800ba3c   Data           8  font.o(.constdata)
    zh16x16                                  0x0800ba44   Data         144  font.o(.constdata)
    font16x16                                0x0800bad4   Data          16  font.o(.constdata)
    zh14x14                                  0x0800bae4   Data          64  font.o(.constdata)
    font14x14                                0x0800bb24   Data          16  font.o(.constdata)
    circleData                               0x0800bb34   Data           4  font.o(.constdata)
    circleImg                                0x0800bb38   Data           8  font.o(.constdata)
    rockerData                               0x0800bb40   Data          72  font.o(.constdata)
    rockerImg                                0x0800bb88   Data           8  font.o(.constdata)
    buttomData                               0x0800bb90   Data           6  font.o(.constdata)
    buttomImg                                0x0800bb98   Data           8  font.o(.constdata)
    step_length                              0x0800bba0   Data           4  gaitparams.o(.constdata)
    up_amp                                   0x0800bba4   Data           4  gaitparams.o(.constdata)
    NRF_COMMON_ADDR                          0x0800bba8   Data           5  nrf20l01.o(.constdata)
    Region$$Table$$Base                      0x0800be04   Number         0  anon$$obj.o(Region$$Table)
    Region$$Table$$Limit                     0x0800be24   Number         0  anon$$obj.o(Region$$Table)
    ctrlstate_names                          0x20000000   Data         105  main.o(.data)
    current_motion_state_names               0x20000069   Data          80  main.o(.data)
    feed                                     0x200000bc   Data           4  main.o(.data)
    start                                    0x200000c0   Data           4  main.o(.data)
    reset                                    0x200000c4   Data           4  main.o(.data)
    left_push_stick                          0x200000c8   Data           4  main.o(.data)
    right_push_stick                         0x200000cc   Data           4  main.o(.data)
    canbuf                                   0x200000d0   Data           8  can.o(.data)
    canbuf_                                  0x200000d8   Data           8  can.o(.data)
    canbuf2                                  0x200000e0   Data           8  can.o(.data)
    canbuf2_                                 0x200000e8   Data           8  can.o(.data)
    jump1_exe_flag                           0x200000f8   Data           1  jump.o(.data)
    jump1_rcv_flag                           0x200000f9   Data           1  jump.o(.data)
    jump1_bend_lean_flag                     0x200000fa   Data           1  jump.o(.data)
    jump1_count                              0x200000fc   Data           4  jump.o(.data)
    jump2_exe_flag                           0x20000100   Data           2  jump.o(.data)
    jump2_rcv_flag                           0x20000102   Data           2  jump.o(.data)
    jump2_bend_lean_flag                     0x20000104   Data           2  jump.o(.data)
    current_motion_state                     0x20000108   Data           1  gaitparams.o(.data)
    gait_params                              0x2000010c   Data         576  gaitparams.o(.data)
    standheight                              0x20000350   Data          32  imu.o(.data)
    left_x                                   0x20000380   Data           4  remotecontrol_init.o(.data)
    left_y                                   0x20000384   Data           4  remotecontrol_init.o(.data)
    right_x                                  0x20000388   Data           4  remotecontrol_init.o(.data)
    right_y                                  0x2000038c   Data           4  remotecontrol_init.o(.data)
    NRF_CE_Port                              0x20000394   Data           4  nrf20l01.o(.data)
    NRF_CE_Pin                               0x20000398   Data           2  nrf20l01.o(.data)
    NRF_CSN_Port                             0x2000039c   Data           4  nrf20l01.o(.data)
    NRF_CSN_Pin                              0x200003a0   Data           2  nrf20l01.o(.data)
    NRF_IRQ_Port                             0x200003a4   Data           4  nrf20l01.o(.data)
    NRF_IRQ_Pin                              0x200003a8   Data           2  nrf20l01.o(.data)
    NRF_MOSI_Port                            0x200003ac   Data           4  nrf20l01.o(.data)
    NRF_MOSI_Pin                             0x200003b0   Data           2  nrf20l01.o(.data)
    NRF_MISO_Port                            0x200003b4   Data           4  nrf20l01.o(.data)
    NRF_MISO_Pin                             0x200003b8   Data           2  nrf20l01.o(.data)
    NRF_SCK_Port                             0x200003bc   Data           4  nrf20l01.o(.data)
    NRF_SCK_Pin                              0x200003c0   Data           2  nrf20l01.o(.data)
    rx_flag                                  0x200003c2   Data           1  nrf20l01.o(.data)
    tx_done                                  0x200003c3   Data           1  nrf20l01.o(.data)
    connect_state                            0x200003c4   Data           1  rc.o(.data)
    translate_state                          0x200003c5   Data           1  rc.o(.data)
    idle_state                               0x200003c6   Data           1  rc.o(.data)
    ctrl_state                               0x200003c7   Data           1  rc.o(.data)
    jump_state                               0x200003c8   Data           1  rc.o(.data)
    imu_state                                0x200003c9   Data           1  rc.o(.data)
    setted_height                            0x200003ca   Data           1  rc.o(.data)
    pre_angle                                0x200003cb   Data           1  rc.o(.data)
    check_angle_trigger                      0x200003cc   Data           1  rc.o(.data)
    rc_left_x                                0x200003ce   Data           2  rc.o(.data)
    rc_left_y                                0x200003d0   Data           2  rc.o(.data)
    rc_right_x                               0x200003d2   Data           2  rc.o(.data)
    rc_right_y                               0x200003d4   Data           2  rc.o(.data)
    rc_left_x_md                             0x200003d6   Data           2  rc.o(.data)
    rc_left_y_md                             0x200003d8   Data           2  rc.o(.data)
    rc_right_x_md                            0x200003da   Data           2  rc.o(.data)
    rc_right_y_md                            0x200003dc   Data           2  rc.o(.data)
    timer                                    0x200003e8   Data           8  timer.o(.data)
    yaw                                      0x200003f0   Data           4  timer.o(.data)
    pitch                                    0x200003f4   Data           4  timer.o(.data)
    roll                                     0x200003f8   Data           4  timer.o(.data)
    stcAccel                                 0x20000400   Data           6  usart.o(.data)
    stcAngle                                 0x20000406   Data           6  usart.o(.data)
    rx_buffer                                0x20000420   Data          13  main.o(.bss)
    motor_speed_loop_pid                     0x20000430   Data         576  pid.o(.bss)
    motor_position_loop_pid                  0x20000670   Data         576  pid.o(.bss)
    imu_euler_angle_pid                      0x200008b0   Data         216  pid.o(.bss)
    motor_final_output_angles                0x20000988   Data          32  pid.o(.bss)
    motors                                   0x200009a8   Data         384  motor.o(.bss)
    jump1_struct                             0x20000b48   Data        1204  jump.o(.bss)
    jump2_struct                             0x20000ffc   Data        1204  jump.o(.bss)
    jump2_count                              0x200014b0   Data          10  jump.o(.bss)
    OLED_GRAM                                0x200014ba   Data        1024  oled.o(.bss)
    legs                                     0x2000193c   Data         144  ges_cal.o(.bss)
    x_offset                                 0x200019d0   Data          32  imu.o(.bss)
    rc_ctrl                                  0x200019f0   Data          22  remotecontrol_init.o(.bss)
    key_state_buffer                         0x20001a4e   Data          10  rc.o(.bss)
    adjust_euler_agl                         0x20001a58   Data          12  timer.o(.bss)
    Euler                                    0x20001a64   Data          12  usart.o(.bss)
    Accel                                    0x20001a70   Data          12  usart.o(.bss)
    RxBuffer                                 0x20001a7c   Data         256  usart.o(.bss)
    __libspace_start                         0x20001c78   Data          96  libspace.o(.bss)
    __temporary_stack_top$libspace           0x20001cd8   Data           0  libspace.o(.bss)



==============================================================================

Memory Map of the image

  Image Entry point : 0x08000189

  Load Region LR_IROM1 (Base: 0x08000000, Size: 0x0000c260, Max: 0x00100000, ABSOLUTE, COMPRESSED[0x0000bf48])

    Execution Region ER_IROM1 (Exec base: 0x08000000, Load base: 0x08000000, Size: 0x0000be40, Max: 0x00100000, ABSOLUTE)

    Exec Addr    Load Addr    Size         Type   Attr      Idx    E Section Name        Object

    0x08000000   0x08000000   0x00000188   Data   RO         1970    RESET               startup_stm32f40_41xxx.o
    0x08000188   0x08000188   0x00000008   Code   RO         6899  * !!!main             c_w.l(__main.o)
    0x08000190   0x08000190   0x00000034   Code   RO         7324    !!!scatter          c_w.l(__scatter.o)
    0x080001c4   0x080001c4   0x0000005a   Code   RO         7322    !!dczerorl2         c_w.l(__dczerorl2.o)
    0x0800021e   0x0800021e   0x00000002   PAD
    0x08000220   0x08000220   0x0000001c   Code   RO         7326    !!handler_zi        c_w.l(__scatter_zi.o)
    0x0800023c   0x0800023c   0x00000000   Code   RO         6886    .ARM.Collect$$_printf_percent$$00000000  c_w.l(_printf_percent.o)
    0x0800023c   0x0800023c   0x00000006   Code   RO         6885    .ARM.Collect$$_printf_percent$$00000003  c_w.l(_printf_f.o)
    0x08000242   0x08000242   0x00000004   Code   RO         7051    .ARM.Collect$$_printf_percent$$00000017  c_w.l(_printf_percent_end.o)
    0x08000246   0x08000246   0x00000002   Code   RO         7261    .ARM.Collect$$libinit$$00000000  c_w.l(libinit.o)
    0x08000248   0x08000248   0x00000004   Code   RO         7054    .ARM.Collect$$libinit$$00000001  c_w.l(libinit2.o)
    0x0800024c   0x0800024c   0x00000000   Code   RO         7057    .ARM.Collect$$libinit$$00000004  c_w.l(libinit2.o)
    0x0800024c   0x0800024c   0x00000000   Code   RO         7060    .ARM.Collect$$libinit$$0000000A  c_w.l(libinit2.o)
    0x0800024c   0x0800024c   0x00000000   Code   RO         7062    .ARM.Collect$$libinit$$0000000C  c_w.l(libinit2.o)
    0x0800024c   0x0800024c   0x00000000   Code   RO         7064    .ARM.Collect$$libinit$$0000000E  c_w.l(libinit2.o)
    0x0800024c   0x0800024c   0x00000006   Code   RO         7065    .ARM.Collect$$libinit$$0000000F  c_w.l(libinit2.o)
    0x08000252   0x08000252   0x00000000   Code   RO         7067    .ARM.Collect$$libinit$$00000011  c_w.l(libinit2.o)
    0x08000252   0x08000252   0x00000000   Code   RO         7069    .ARM.Collect$$libinit$$00000013  c_w.l(libinit2.o)
    0x08000252   0x08000252   0x00000000   Code   RO         7071    .ARM.Collect$$libinit$$00000015  c_w.l(libinit2.o)
    0x08000252   0x08000252   0x0000000a   Code   RO         7072    .ARM.Collect$$libinit$$00000016  c_w.l(libinit2.o)
    0x0800025c   0x0800025c   0x00000000   Code   RO         7073    .ARM.Collect$$libinit$$00000017  c_w.l(libinit2.o)
    0x0800025c   0x0800025c   0x00000000   Code   RO         7075    .ARM.Collect$$libinit$$00000019  c_w.l(libinit2.o)
    0x0800025c   0x0800025c   0x00000000   Code   RO         7077    .ARM.Collect$$libinit$$0000001B  c_w.l(libinit2.o)
    0x0800025c   0x0800025c   0x00000000   Code   RO         7079    .ARM.Collect$$libinit$$0000001D  c_w.l(libinit2.o)
    0x0800025c   0x0800025c   0x00000000   Code   RO         7081    .ARM.Collect$$libinit$$0000001F  c_w.l(libinit2.o)
    0x0800025c   0x0800025c   0x00000000   Code   RO         7083    .ARM.Collect$$libinit$$00000021  c_w.l(libinit2.o)
    0x0800025c   0x0800025c   0x00000000   Code   RO         7085    .ARM.Collect$$libinit$$00000023  c_w.l(libinit2.o)
    0x0800025c   0x0800025c   0x00000000   Code   RO         7087    .ARM.Collect$$libinit$$00000025  c_w.l(libinit2.o)
    0x0800025c   0x0800025c   0x00000000   Code   RO         7091    .ARM.Collect$$libinit$$0000002C  c_w.l(libinit2.o)
    0x0800025c   0x0800025c   0x00000000   Code   RO         7093    .ARM.Collect$$libinit$$0000002E  c_w.l(libinit2.o)
    0x0800025c   0x0800025c   0x00000000   Code   RO         7095    .ARM.Collect$$libinit$$00000030  c_w.l(libinit2.o)
    0x0800025c   0x0800025c   0x00000000   Code   RO         7097    .ARM.Collect$$libinit$$00000032  c_w.l(libinit2.o)
    0x0800025c   0x0800025c   0x00000002   Code   RO         7098    .ARM.Collect$$libinit$$00000033  c_w.l(libinit2.o)
    0x0800025e   0x0800025e   0x00000002   Code   RO         7319    .ARM.Collect$$libshutdown$$00000000  c_w.l(libshutdown.o)
    0x08000260   0x08000260   0x00000000   Code   RO         7275    .ARM.Collect$$libshutdown$$00000002  c_w.l(libshutdown2.o)
    0x08000260   0x08000260   0x00000000   Code   RO         7277    .ARM.Collect$$libshutdown$$00000004  c_w.l(libshutdown2.o)
    0x08000260   0x08000260   0x00000000   Code   RO         7280    .ARM.Collect$$libshutdown$$00000007  c_w.l(libshutdown2.o)
    0x08000260   0x08000260   0x00000000   Code   RO         7283    .ARM.Collect$$libshutdown$$0000000A  c_w.l(libshutdown2.o)
    0x08000260   0x08000260   0x00000000   Code   RO         7285    .ARM.Collect$$libshutdown$$0000000C  c_w.l(libshutdown2.o)
    0x08000260   0x08000260   0x00000000   Code   RO         7288    .ARM.Collect$$libshutdown$$0000000F  c_w.l(libshutdown2.o)
    0x08000260   0x08000260   0x00000002   Code   RO         7289    .ARM.Collect$$libshutdown$$00000010  c_w.l(libshutdown2.o)
    0x08000262   0x08000262   0x00000000   Code   RO         7017    .ARM.Collect$$rtentry$$00000000  c_w.l(__rtentry.o)
    0x08000262   0x08000262   0x00000000   Code   RO         7154    .ARM.Collect$$rtentry$$00000002  c_w.l(__rtentry2.o)
    0x08000262   0x08000262   0x00000006   Code   RO         7166    .ARM.Collect$$rtentry$$00000004  c_w.l(__rtentry4.o)
    0x08000268   0x08000268   0x00000000   Code   RO         7156    .ARM.Collect$$rtentry$$00000009  c_w.l(__rtentry2.o)
    0x08000268   0x08000268   0x00000004   Code   RO         7157    .ARM.Collect$$rtentry$$0000000A  c_w.l(__rtentry2.o)
    0x0800026c   0x0800026c   0x00000000   Code   RO         7159    .ARM.Collect$$rtentry$$0000000C  c_w.l(__rtentry2.o)
    0x0800026c   0x0800026c   0x00000008   Code   RO         7160    .ARM.Collect$$rtentry$$0000000D  c_w.l(__rtentry2.o)
    0x08000274   0x08000274   0x00000002   Code   RO         7264    .ARM.Collect$$rtexit$$00000000  c_w.l(rtexit.o)
    0x08000276   0x08000276   0x00000000   Code   RO         7293    .ARM.Collect$$rtexit$$00000002  c_w.l(rtexit2.o)
    0x08000276   0x08000276   0x00000004   Code   RO         7294    .ARM.Collect$$rtexit$$00000003  c_w.l(rtexit2.o)
    0x0800027a   0x0800027a   0x00000006   Code   RO         7295    .ARM.Collect$$rtexit$$00000004  c_w.l(rtexit2.o)
    0x08000280   0x08000280   0x00000040   Code   RO         1971    .text               startup_stm32f40_41xxx.o
    0x080002c0   0x080002c0   0x00000028   Code   RO         6861    .text               c_w.l(noretval__2sprintf.o)
    0x080002e8   0x080002e8   0x0000010e   Code   RO         6873    .text               c_w.l(__printf_wp.o)
    0x080003f6   0x080003f6   0x0000008a   Code   RO         6889    .text               c_w.l(rt_memcpy_v6.o)
    0x08000480   0x08000480   0x00000064   Code   RO         6891    .text               c_w.l(rt_memcpy_w.o)
    0x080004e4   0x080004e4   0x00000044   Code   RO         6893    .text               c_w.l(rt_memclr.o)
    0x08000528   0x08000528   0x0000004e   Code   RO         6895    .text               c_w.l(rt_memclr_w.o)
    0x08000576   0x08000576   0x00000006   Code   RO         6897    .text               c_w.l(heapauxi.o)
    0x0800057c   0x0800057c   0x00000016   Code   RO         7043    .text               c_w.l(_rserrno.o)
    0x08000592   0x08000592   0x0000041e   Code   RO         7045    .text               c_w.l(_printf_fp_dec.o)
    0x080009b0   0x080009b0   0x00000030   Code   RO         7047    .text               c_w.l(_printf_char_common.o)
    0x080009e0   0x080009e0   0x0000000a   Code   RO         7049    .text               c_w.l(_sputc.o)
    0x080009ea   0x080009ea   0x00000002   PAD
    0x080009ec   0x080009ec   0x00000008   Code   RO         7150    .text               c_w.l(libspace.o)
    0x080009f4   0x080009f4   0x00000008   Code   RO         7171    .text               c_w.l(rt_locale_intlibspace.o)
    0x080009fc   0x080009fc   0x00000008   Code   RO         7176    .text               c_w.l(rt_errno_addr_intlibspace.o)
    0x08000a04   0x08000a04   0x0000008a   Code   RO         7186    .text               c_w.l(lludiv10.o)
    0x08000a8e   0x08000a8e   0x00000002   PAD
    0x08000a90   0x08000a90   0x00000080   Code   RO         7188    .text               c_w.l(_printf_fp_infnan.o)
    0x08000b10   0x08000b10   0x000000e4   Code   RO         7192    .text               c_w.l(bigflt0.o)
    0x08000bf4   0x08000bf4   0x00000002   Code   RO         7235    .text               c_w.l(use_no_semi.o)
    0x08000bf6   0x08000bf6   0x00000000   Code   RO         7237    .text               c_w.l(indicate_semi.o)
    0x08000bf6   0x08000bf6   0x0000004a   Code   RO         7238    .text               c_w.l(sys_stackheap_outer.o)
    0x08000c40   0x08000c40   0x00000012   Code   RO         7244    .text               c_w.l(exit.o)
    0x08000c52   0x08000c52   0x00000002   PAD
    0x08000c54   0x08000c54   0x00000080   Code   RO         7250    .text               c_w.l(strcmpv7m.o)
    0x08000cd4   0x08000cd4   0x0000000c   Code   RO         7262    .text               c_w.l(sys_exit.o)
    0x08000ce0   0x08000ce0   0x0000003e   Code   RO         7195    CL$$btod_d2e        c_w.l(btod.o)
    0x08000d1e   0x08000d1e   0x00000046   Code   RO         7197    CL$$btod_d2e_denorm_low  c_w.l(btod.o)
    0x08000d64   0x08000d64   0x00000060   Code   RO         7196    CL$$btod_d2e_norm_op1  c_w.l(btod.o)
    0x08000dc4   0x08000dc4   0x00000338   Code   RO         7205    CL$$btod_div_common  c_w.l(btod.o)
    0x080010fc   0x080010fc   0x000000dc   Code   RO         7202    CL$$btod_e2e        c_w.l(btod.o)
    0x080011d8   0x080011d8   0x0000002a   Code   RO         7199    CL$$btod_ediv       c_w.l(btod.o)
    0x08001202   0x08001202   0x0000002a   Code   RO         7198    CL$$btod_emul       c_w.l(btod.o)
    0x0800122c   0x0800122c   0x00000244   Code   RO         7204    CL$$btod_mult_common  c_w.l(btod.o)
    0x08001470   0x08001470   0x0000011c   Code   RO         1133    i.Angle_Setting_Cycloid  ges_cal.o
    0x0800158c   0x0800158c   0x00000004   Code   RO         4195    i.BusFault_Handler  stm32f4xx_it.o
    0x08001590   0x08001590   0x00000074   Code   RO          237    i.CAN1_RX0_IRQHandler  can.o
    0x08001604   0x08001604   0x00000040   Code   RO          238    i.CAN1_Receive_Msg  can.o
    0x08001644   0x08001644   0x00000070   Code   RO          239    i.CAN1_Send_Msg     can.o
    0x080016b4   0x080016b4   0x00000074   Code   RO          241    i.CAN2_RX0_IRQHandler  can.o
    0x08001728   0x08001728   0x00000040   Code   RO          242    i.CAN2_Receive_Msg  can.o
    0x08001768   0x08001768   0x00000070   Code   RO          243    i.CAN2_Send_Msg     can.o
    0x080017d8   0x080017d8   0x000000a8   Code   RO         2265    i.CAN_ClearITPendingBit  stm32f4xx_can.o
    0x08001880   0x08001880   0x00000108   Code   RO         2269    i.CAN_FilterInit    stm32f4xx_can.o
    0x08001988   0x08001988   0x00000120   Code   RO         2271    i.CAN_GetITStatus   stm32f4xx_can.o
    0x08001aa8   0x08001aa8   0x00000012   Code   RO         2275    i.CAN_ITConfig      stm32f4xx_can.o
    0x08001aba   0x08001aba   0x00000114   Code   RO         2276    i.CAN_Init          stm32f4xx_can.o
    0x08001bce   0x08001bce   0x0000001e   Code   RO         2277    i.CAN_MessagePending  stm32f4xx_can.o
    0x08001bec   0x08001bec   0x000000f0   Code   RO         2279    i.CAN_Receive       stm32f4xx_can.o
    0x08001cdc   0x08001cdc   0x00000126   Code   RO         2284    i.CAN_Transmit      stm32f4xx_can.o
    0x08001e02   0x08001e02   0x00000002   PAD
    0x08001e04   0x08001e04   0x000000a0   Code   RO         2285    i.CAN_TransmitStatus  stm32f4xx_can.o
    0x08001ea4   0x08001ea4   0x00000010   Code   RO          451    i.Can1_Send_Msg_to_Motor  motor.o
    0x08001eb4   0x08001eb4   0x00000010   Code   RO          452    i.Can2_Send_Msg_to_Motor  motor.o
    0x08001ec4   0x08001ec4   0x000001b4   Code   RO          244    i.Can_Init          can.o
    0x08002078   0x08002078   0x00000178   Code   RO         1134    i.CartesianToTheta_Cycloid  ges_cal.o
    0x080021f0   0x080021f0   0x00000020   Code   RO         1135    i.CartesianToTheta_Cycloid_All_Legs  ges_cal.o
    0x08002210   0x08002210   0x00000058   Code   RO          333    i.ChangeTheGainOfPID_KP_KI_KD  pid.o
    0x08002268   0x08002268   0x00000012   Code   RO         2287    i.CheckITStatus     stm32f4xx_can.o
    0x0800227a   0x0800227a   0x00000002   PAD
    0x0800227c   0x0800227c   0x00000238   Code   RO         1873    i.CopeSerial3Data   usart.o
    0x080024b4   0x080024b4   0x00000034   Code   RO         2964    i.DMA_ClearFlag     stm32f4xx_dma.o
    0x080024e8   0x080024e8   0x00000016   Code   RO         2966    i.DMA_Cmd           stm32f4xx_dma.o
    0x080024fe   0x080024fe   0x00000002   PAD
    0x08002500   0x08002500   0x00000158   Code   RO         2967    i.DMA_DeInit        stm32f4xx_dma.o
    0x08002658   0x08002658   0x00000008   Code   RO         2972    i.DMA_GetCurrDataCounter  stm32f4xx_dma.o
    0x08002660   0x08002660   0x00000014   Code   RO         2973    i.DMA_GetCurrentMemoryTarget  stm32f4xx_dma.o
    0x08002674   0x08002674   0x00000058   Code   RO         2978    i.DMA_Init          stm32f4xx_dma.o
    0x080026cc   0x080026cc   0x00000004   Code   RO         2981    i.DMA_SetCurrDataCounter  stm32f4xx_dma.o
    0x080026d0   0x080026d0   0x00000002   Code   RO         4196    i.DebugMon_Handler  stm32f4xx_it.o
    0x080026d2   0x080026d2   0x00000012   Code   RO         1541    i.EXTI9_5_IRQHandler  nrf20l01.o
    0x080026e4   0x080026e4   0x0000000c   Code   RO         3224    i.EXTI_ClearITPendingBit  stm32f4xx_exti.o
    0x080026f0   0x080026f0   0x00000018   Code   RO         3228    i.EXTI_GetITStatus  stm32f4xx_exti.o
    0x08002708   0x08002708   0x00000090   Code   RO         3700    i.GPIO_Init         stm32f4xx_gpio.o
    0x08002798   0x08002798   0x00000046   Code   RO         3701    i.GPIO_PinAFConfig  stm32f4xx_gpio.o
    0x080027de   0x080027de   0x00000004   Code   RO         3707    i.GPIO_ResetBits    stm32f4xx_gpio.o
    0x080027e2   0x080027e2   0x00000004   Code   RO         3708    i.GPIO_SetBits      stm32f4xx_gpio.o
    0x080027e6   0x080027e6   0x00000002   PAD
    0x080027e8   0x080027e8   0x00000268   Code   RO         1136    i.Gait              ges_cal.o
    0x08002a50   0x08002a50   0x00000054   Code   RO         1693    i.HAL_InitTick      ticks.o
    0x08002aa4   0x08002aa4   0x00000004   Code   RO         4197    i.HardFault_Handler  stm32f4xx_it.o
    0x08002aa8   0x08002aa8   0x00000098   Code   RO          703    i.I2C1_OLED_Init    iic_oled.o
    0x08002b40   0x08002b40   0x0000008c   Code   RO          704    i.I2C1_WriteByte    iic_oled.o
    0x08002bcc   0x08002bcc   0x00000010   Code   RO          705    i.I2C1_WriteCommand  iic_oled.o
    0x08002bdc   0x08002bdc   0x00000010   Code   RO          706    i.I2C1_WriteData    iic_oled.o
    0x08002bec   0x08002bec   0x000000b0   Code   RO          707    i.I2C1_WriteMultiByte  iic_oled.o
    0x08002c9c   0x08002c9c   0x0000002a   Code   RO         3975    i.I2C_CheckEvent    stm32f4xx_i2c.o
    0x08002cc6   0x08002cc6   0x00000018   Code   RO         3978    i.I2C_Cmd           stm32f4xx_i2c.o
    0x08002cde   0x08002cde   0x00000002   PAD
    0x08002ce0   0x08002ce0   0x00000060   Code   RO         3981    i.I2C_DeInit        stm32f4xx_i2c.o
    0x08002d40   0x08002d40   0x00000018   Code   RO         3986    i.I2C_GenerateSTART  stm32f4xx_i2c.o
    0x08002d58   0x08002d58   0x00000018   Code   RO         3987    i.I2C_GenerateSTOP  stm32f4xx_i2c.o
    0x08002d70   0x08002d70   0x0000003a   Code   RO         3988    i.I2C_GetFlagStatus  stm32f4xx_i2c.o
    0x08002daa   0x08002daa   0x00000002   PAD
    0x08002dac   0x08002dac   0x000000e8   Code   RO         3993    i.I2C_Init          stm32f4xx_i2c.o
    0x08002e94   0x08002e94   0x00000010   Code   RO         4000    i.I2C_Send7bitAddress  stm32f4xx_i2c.o
    0x08002ea4   0x08002ea4   0x00000004   Code   RO         4001    i.I2C_SendData      stm32f4xx_i2c.o
    0x08002ea8   0x08002ea8   0x00000078   Code   RO          334    i.IMU_Euler_Angle_Pid_Init  pid.o
    0x08002f20   0x08002f20   0x000000ec   Code   RO          335    i.IMU_pidCal        pid.o
    0x0800300c   0x0800300c   0x00000010   Code   RO         4248    i.IWDG_Enable       stm32f4xx_iwdg.o
    0x0800301c   0x0800301c   0x00000008   Code   RO         1405    i.IWDG_Feed         iwdg.o
    0x08003024   0x08003024   0x00000024   Code   RO         1406    i.IWDG_Init         iwdg.o
    0x08003048   0x08003048   0x00000010   Code   RO         4250    i.IWDG_ReloadCounter  stm32f4xx_iwdg.o
    0x08003058   0x08003058   0x0000000c   Code   RO         4251    i.IWDG_SetPrescaler  stm32f4xx_iwdg.o
    0x08003064   0x08003064   0x0000000c   Code   RO         4252    i.IWDG_SetReload    stm32f4xx_iwdg.o
    0x08003070   0x08003070   0x0000000c   Code   RO         4253    i.IWDG_WriteAccessCmd  stm32f4xx_iwdg.o
    0x0800307c   0x0800307c   0x00000040   Code   RO          428    i.LED_Init          led.o
    0x080030bc   0x080030bc   0x000000cc   Code   RO          453    i.Load_Data_To_Canbuf  motor.o
    0x08003188   0x08003188   0x00000020   Code   RO          245    i.M3508_ALL_ZERO_SET  can.o
    0x080031a8   0x080031a8   0x00000004   Code   RO         4198    i.MemManage_Handler  stm32f4xx_it.o
    0x080031ac   0x080031ac   0x00000100   Code   RO          454    i.Motor_Absolute_Angle_Cal  motor.o
    0x080032ac   0x080032ac   0x0000001c   Code   RO          455    i.Motor_Auto_Run    motor.o
    0x080032c8   0x080032c8   0x0000001c   Code   RO         1137    i.Moveleg           ges_cal.o
    0x080032e4   0x080032e4   0x00000002   Code   RO         4199    i.NMI_Handler       stm32f4xx_it.o
    0x080032e6   0x080032e6   0x00000002   PAD
    0x080032e8   0x080032e8   0x00000050   Code   RO         1542    i.NRF24L01_Check    nrf20l01.o
    0x08003338   0x08003338   0x00000168   Code   RO         1543    i.NRF24L01_Init     nrf20l01.o
    0x080034a0   0x080034a0   0x00000048   Code   RO         1544    i.NRF24L01_Read_Buf  nrf20l01.o
    0x080034e8   0x080034e8   0x00000038   Code   RO         1545    i.NRF24L01_Read_Reg  nrf20l01.o
    0x08003520   0x08003520   0x00000034   Code   RO         1547    i.NRF24L01_RxPacket_Polling  nrf20l01.o
    0x08003554   0x08003554   0x00000080   Code   RO         1548    i.NRF24L01_Set_RX_Mode  nrf20l01.o
    0x080035d4   0x080035d4   0x00000038   Code   RO         1550    i.NRF24L01_SpiRW    nrf20l01.o
    0x0800360c   0x0800360c   0x00000044   Code   RO         1552    i.NRF24L01_Write_Buf  nrf20l01.o
    0x08003650   0x08003650   0x0000003c   Code   RO         1553    i.NRF24L01_Write_Reg  nrf20l01.o
    0x0800368c   0x0800368c   0x00000078   Code   RO         1977    i.NVIC_Init         misc.o
    0x08003704   0x08003704   0x00000028   Code   RO         1694    i.NVIC_SetPriority  ticks.o
    0x0800372c   0x0800372c   0x0000002a   Code   RO          851    i.OLED_Clear        oled.o
    0x08003756   0x08003756   0x00000020   Code   RO          863    i.OLED_I2C_Init     oled.o
    0x08003776   0x08003776   0x000000ae   Code   RO          864    i.OLED_Init         oled.o
    0x08003824   0x08003824   0x00000014   Code   RO          865    i.OLED_NewFrame     oled.o
    0x08003838   0x08003838   0x00000014   Code   RO          866    i.OLED_Pow          oled.o
    0x0800384c   0x0800384c   0x0000004e   Code   RO          867    i.OLED_PrintASCIIChar  oled.o
    0x0800389a   0x0800389a   0x00000052   Code   RO          868    i.OLED_PrintASCIINum  oled.o
    0x080038ec   0x080038ec   0x00000036   Code   RO          869    i.OLED_PrintASCIIString  oled.o
    0x08003922   0x08003922   0x00000016   Code   RO          871    i.OLED_Send         oled.o
    0x08003938   0x08003938   0x00000062   Code   RO          872    i.OLED_SetBits      oled.o
    0x0800399a   0x0800399a   0x00000088   Code   RO          873    i.OLED_SetBits_Fine  oled.o
    0x08003a22   0x08003a22   0x0000009a   Code   RO          874    i.OLED_SetBlock     oled.o
    0x08003abc   0x08003abc   0x0000007c   Code   RO          876    i.OLED_SetByte_Fine  oled.o
    0x08003b38   0x08003b38   0x00000022   Code   RO          878    i.OLED_SetCursor    oled.o
    0x08003b5a   0x08003b5a   0x00000002   PAD
    0x08003b5c   0x08003b5c   0x0000004c   Code   RO          880    i.OLED_ShowFrame    oled.o
    0x08003ba8   0x08003ba8   0x0000000c   Code   RO          881    i.OLED_WriteCommand  oled.o
    0x08003bb4   0x08003bb4   0x0000000c   Code   RO          882    i.OLED_WriteData    oled.o
    0x08003bc0   0x08003bc0   0x000001e0   Code   RO          336    i.PID_Calc          pid.o
    0x08003da0   0x08003da0   0x00000024   Code   RO          337    i.PID_Init          pid.o
    0x08003dc4   0x08003dc4   0x0000000e   Code   RO          338    i.PID_Setting       pid.o
    0x08003dd2   0x08003dd2   0x00000002   PAD
    0x08003dd4   0x08003dd4   0x00000068   Code   RO          339    i.Pid_Position_Loop_Init  pid.o
    0x08003e3c   0x08003e3c   0x00000068   Code   RO          340    i.Pid_Speed_Loop_Init  pid.o
    0x08003ea4   0x08003ea4   0x00000020   Code   RO         4617    i.RCC_AHB1PeriphClockCmd  stm32f4xx_rcc.o
    0x08003ec4   0x08003ec4   0x00000020   Code   RO         4626    i.RCC_APB1PeriphClockCmd  stm32f4xx_rcc.o
    0x08003ee4   0x08003ee4   0x00000020   Code   RO         4628    i.RCC_APB1PeriphResetCmd  stm32f4xx_rcc.o
    0x08003f04   0x08003f04   0x00000020   Code   RO         4629    i.RCC_APB2PeriphClockCmd  stm32f4xx_rcc.o
    0x08003f24   0x08003f24   0x000000e8   Code   RO         4638    i.RCC_GetClocksFreq  stm32f4xx_rcc.o
    0x0800400c   0x0800400c   0x000000f4   Code   RO         1640    i.RC_MotionCtrl     rc.o
    0x08004100   0x08004100   0x00000368   Code   RO         1641    i.RC_StepLengthCtrl  rc.o
    0x08004468   0x08004468   0x0000010c   Code   RO         1461    i.SBUS_TO_RC        remotecontrol_init.o
    0x08004574   0x08004574   0x00000018   Code   RO         5734    i.SPI_Cmd           stm32f4xx_spi.o
    0x0800458c   0x0800458c   0x00000012   Code   RO         5742    i.SPI_I2S_GetFlagStatus  stm32f4xx_spi.o
    0x0800459e   0x0800459e   0x00000006   Code   RO         5745    i.SPI_I2S_ReceiveData  stm32f4xx_spi.o
    0x080045a4   0x080045a4   0x00000004   Code   RO         5746    i.SPI_I2S_SendData  stm32f4xx_spi.o
    0x080045a8   0x080045a8   0x0000003c   Code   RO         5747    i.SPI_Init          stm32f4xx_spi.o
    0x080045e4   0x080045e4   0x00000018   Code   RO         5750    i.SPI_StructInit    stm32f4xx_spi.o
    0x080045fc   0x080045fc   0x000000ec   Code   RO         6760    i.SetSysClock       system_stm32f4xx.o
    0x080046e8   0x080046e8   0x0000006c   Code   RO          456    i.SetZeroToCanBuf   motor.o
    0x08004754   0x08004754   0x00000012   Code   RO          341    i.Set_Angle_Loop_Parameters  pid.o
    0x08004766   0x08004766   0x00000002   PAD
    0x08004768   0x08004768   0x00000060   Code   RO          246    i.Set_Datas_From_Motor  can.o
    0x080047c8   0x080047c8   0x00000028   Code   RO          457    i.Set_Max_Output_PL  motor.o
    0x080047f0   0x080047f0   0x00000028   Code   RO          458    i.Set_Max_Output_SL  motor.o
    0x08004818   0x08004818   0x0000003c   Code   RO          459    i.Set_Motor_Output_Current  motor.o
    0x08004854   0x08004854   0x0000006c   Code   RO          460    i.Set_Motor_Target_Angle  motor.o
    0x080048c0   0x080048c0   0x00000020   Code   RO          461    i.Set_Motor_Target_Speed  motor.o
    0x080048e0   0x080048e0   0x00000032   Code   RO         1086    i.Set_StandHeight   gaitparams.o
    0x08004912   0x08004912   0x00000002   PAD
    0x08004914   0x08004914   0x000000b8   Code   RO         1087    i.Set_StepLength    gaitparams.o
    0x080049cc   0x080049cc   0x000000b8   Code   RO         1088    i.Set_UpAmpLength   gaitparams.o
    0x08004a84   0x08004a84   0x000003b0   Code   RO         1138    i.SinTrajectory     ges_cal.o
    0x08004e34   0x08004e34   0x00000028   Code   RO         1981    i.SysTick_CLKSourceConfig  misc.o
    0x08004e5c   0x08004e5c   0x00000010   Code   RO         1695    i.SysTick_Handler   ticks.o
    0x08004e6c   0x08004e6c   0x00000068   Code   RO         6762    i.SystemInit        system_stm32f4xx.o
    0x08004ed4   0x08004ed4   0x00000020   Code   RO         1738    i.TIM4_IRQHandler   timer.o
    0x08004ef4   0x08004ef4   0x0000005c   Code   RO         1739    i.TIM4_Init         timer.o
    0x08004f50   0x08004f50   0x00000180   Code   RO         1740    i.TIM5_IRQHandler   timer.o
    0x080050d0   0x080050d0   0x00000060   Code   RO         1741    i.TIM5_Init         timer.o
    0x08005130   0x08005130   0x00000006   Code   RO         5959    i.TIM_ClearITPendingBit  stm32f4xx_tim.o
    0x08005136   0x08005136   0x00000018   Code   RO         5964    i.TIM_Cmd           stm32f4xx_tim.o
    0x0800514e   0x0800514e   0x00000022   Code   RO         5985    i.TIM_GetITStatus   stm32f4xx_tim.o
    0x08005170   0x08005170   0x00000012   Code   RO         5989    i.TIM_ITConfig      stm32f4xx_tim.o
    0x08005182   0x08005182   0x00000002   PAD
    0x08005184   0x08005184   0x00000084   Code   RO         6036    i.TIM_TimeBaseInit  stm32f4xx_tim.o
    0x08005208   0x08005208   0x00000018   Code   RO         1874    i.UART1_Put_Char    usart.o
    0x08005220   0x08005220   0x0000002e   Code   RO         1875    i.UART1_Put_String  usart.o
    0x0800524e   0x0800524e   0x00000002   PAD
    0x08005250   0x08005250   0x00000020   Code   RO         1876    i.UART4_IRQHandler  usart.o
    0x08005270   0x08005270   0x00000028   Code   RO         1878    i.USART1_IRQHandler  usart.o
    0x08005298   0x08005298   0x000000b0   Code   RO         1879    i.USART1_Init       usart.o
    0x08005348   0x08005348   0x000000dc   Code   RO         1462    i.USART2_IRQHandler  remotecontrol_init.o
    0x08005424   0x08005424   0x0000008c   Code   RO         1880    i.USART3_DMA_Init   usart.o
    0x080054b0   0x080054b0   0x00000048   Code   RO         1881    i.USART3_IRQHandler  usart.o
    0x080054f8   0x080054f8   0x000000d4   Code   RO         1882    i.USART3_Init       usart.o
    0x080055cc   0x080055cc   0x00000012   Code   RO         6510    i.USART_ClearFlag   stm32f4xx_usart.o
    0x080055de   0x080055de   0x0000001e   Code   RO         6511    i.USART_ClearITPendingBit  stm32f4xx_usart.o
    0x080055fc   0x080055fc   0x00000018   Code   RO         6514    i.USART_Cmd         stm32f4xx_usart.o
    0x08005614   0x08005614   0x00000012   Code   RO         6515    i.USART_DMACmd      stm32f4xx_usart.o
    0x08005626   0x08005626   0x00000054   Code   RO         6518    i.USART_GetITStatus  stm32f4xx_usart.o
    0x0800567a   0x0800567a   0x0000004a   Code   RO         6520    i.USART_ITConfig    stm32f4xx_usart.o
    0x080056c4   0x080056c4   0x000000d4   Code   RO         6521    i.USART_Init        stm32f4xx_usart.o
    0x08005798   0x08005798   0x0000000a   Code   RO         6528    i.USART_ReceiveData  stm32f4xx_usart.o
    0x080057a2   0x080057a2   0x00000002   PAD
    0x080057a4   0x080057a4   0x00000018   Code   RO         1742    i.Update_Time       timer.o
    0x080057bc   0x080057bc   0x00000004   Code   RO         4200    i.UsageFault_Handler  stm32f4xx_it.o
    0x080057c0   0x080057c0   0x00000030   Code   RO         7133    i.__ARM_fpclassify  m_wm.l(fpclassify.o)
    0x080057f0   0x080057f0   0x00000358   Code   RO         6933    i.__hardfp_acos     m_wm.l(acos.o)
    0x08005b48   0x08005b48   0x00000360   Code   RO         6947    i.__hardfp_asin     m_wm.l(asin.o)
    0x08005ea8   0x08005ea8   0x000000c8   Code   RO         6961    i.__hardfp_cos      m_wm.l(cos.o)
    0x08005f70   0x08005f70   0x00000014   Code   RO         6973    i.__hardfp_fabs     m_wm.l(fabs.o)
    0x08005f84   0x08005f84   0x00000104   Code   RO         6979    i.__hardfp_fmod     m_wm.l(fmod.o)
    0x08006088   0x08006088   0x000000c8   Code   RO         6991    i.__hardfp_sin      m_wm.l(sin.o)
    0x08006150   0x08006150   0x0000007a   Code   RO         7003    i.__hardfp_sqrt     m_wm.l(sqrt.o)
    0x080061ca   0x080061ca   0x00000006   PAD
    0x080061d0   0x080061d0   0x00000438   Code   RO         7137    i.__ieee754_rem_pio2  m_wm.l(rred.o)
    0x08006608   0x08006608   0x00000170   Code   RO         7116    i.__kernel_cos      m_wm.l(cos_i.o)
    0x08006778   0x08006778   0x000000f8   Code   RO         7135    i.__kernel_poly     m_wm.l(poly.o)
    0x08006870   0x08006870   0x00000130   Code   RO         7142    i.__kernel_sin      m_wm.l(sin_i.o)
    0x080069a0   0x080069a0   0x00000014   Code   RO         7120    i.__mathlib_dbl_infnan  m_wm.l(dunder.o)
    0x080069b4   0x080069b4   0x00000004   PAD
    0x080069b8   0x080069b8   0x00000020   Code   RO         7122    i.__mathlib_dbl_invalid  m_wm.l(dunder.o)
    0x080069d8   0x080069d8   0x00000020   Code   RO         7125    i.__mathlib_dbl_underflow  m_wm.l(dunder.o)
    0x080069f8   0x080069f8   0x0000000e   Code   RO         6875    i._is_digit         c_w.l(__printf_wp.o)
    0x08006a06   0x08006a06   0x00000002   PAD
    0x08006a08   0x08006a08   0x00000188   Code   RO          581    i.bendAndLean       jump.o
    0x08006b90   0x08006b90   0x00000024   Code   RO         1220    i.calPosByRollNdPitch  imu.o
    0x08006bb4   0x08006bb4   0x0000012c   Code   RO          342    i.changePIDForSingleLeg  pid.o
    0x08006ce0   0x08006ce0   0x00000050   Code   RO          343    i.changePosSpdPID   pid.o
    0x08006d30   0x08006d30   0x0000002a   Code   RO          344    i.constrain         pid.o
    0x08006d5a   0x08006d5a   0x0000002a   Code   RO          462    i.constrain         motor.o
    0x08006d84   0x08006d84   0x0000001e   Code   RO         1139    i.constrain         ges_cal.o
    0x08006da2   0x08006da2   0x0000002a   Code   RO         1642    i.constrain         rc.o
    0x08006dcc   0x08006dcc   0x00000034   Code   RO         1809    i.delay_init        delay.o
    0x08006e00   0x08006e00   0x00000038   Code   RO         1810    i.delay_ms          delay.o
    0x08006e38   0x08006e38   0x0000004c   Code   RO         1811    i.delay_us          delay.o
    0x08006e84   0x08006e84   0x0000004c   Code   RO         1812    i.delay_xms         delay.o
    0x08006ed0   0x08006ed0   0x0000021c   Code   RO          583    i.exeJump           jump.o
    0x080070ec   0x080070ec   0x000000b4   Code   RO          584    i.exeJumpForSingleLeg  jump.o
    0x080071a0   0x080071a0   0x00000018   Code   RO         6975    i.fabs              m_wm.l(fabs.o)
    0x080071b8   0x080071b8   0x00000024   Code   RO         1743    i.feed_dog          timer.o
    0x080071dc   0x080071dc   0x00000042   Code   RO         1643    i.if_in_normal_range  rc.o
    0x0800721e   0x0800721e   0x00000002   PAD
    0x08007220   0x08007220   0x000000b8   Code   RO         1221    i.imuCalPitchPos    imu.o
    0x080072d8   0x080072d8   0x000000a4   Code   RO         1222    i.imuCalRollPos     imu.o
    0x0800737c   0x0800737c   0x000000c4   Code   RO          585    i.jump2PreJump      jump.o
    0x08007440   0x08007440   0x00000788   Code   RO          586    i.jumpCtrl          jump.o
    0x08007bc8   0x08007bc8   0x000005a0   Code   RO          587    i.jumpInit          jump.o
    0x08008168   0x08008168   0x00000200   Code   RO            3    i.main              main.o
    0x08008368   0x08008368   0x000000c8   Code   RO         1140    i.motion_state_ctrl  ges_cal.o
    0x08008430   0x08008430   0x0000015c   Code   RO         1644    i.normalizeDatas    rc.o
    0x0800858c   0x0800858c   0x000001c8   Code   RO          589    i.rcvJump           jump.o
    0x08008754   0x08008754   0x000000b4   Code   RO          590    i.rcvJumpForSingleLeg  jump.o
    0x08008808   0x08008808   0x000002bc   Code   RO          591    i.resetJumpStructure  jump.o
    0x08008ac4   0x08008ac4   0x000002e0   Code   RO         1141    i.rotateAndStretch  ges_cal.o
    0x08008da4   0x08008da4   0x00000052   Code   RO          463    i.runSingleLeg      motor.o
    0x08008df6   0x08008df6   0x00000002   PAD
    0x08008df8   0x08008df8   0x0000003c   Code   RO          464    i.runSingleMotor    motor.o
    0x08008e34   0x08008e34   0x0000011c   Code   RO          592    i.setAngle          jump.o
    0x08008f50   0x08008f50   0x0000001c   Code   RO          466    i.setMaxOfSpeedLoop  motor.o
    0x08008f6c   0x08008f6c   0x00000064   Code   RO          468    i.setMaxSLForSingleLeg  motor.o
    0x08008fd0   0x08008fd0   0x000000b8   Code   RO         1223    i.setPostureOffset  imu.o
    0x08009088   0x08009088   0x0000006e   Code   RO         7005    i.sqrt              m_wm.l(sqrt.o)
    0x080090f6   0x080090f6   0x00000002   PAD
    0x080090f8   0x080090f8   0x00000020   Code   RO         1143    i.updatePrevTime    ges_cal.o
    0x08009118   0x08009118   0x000000a0   Code   RO         1883    i.usart1TxDateToVofa  usart.o
    0x080091b8   0x080091b8   0x0000002c   Code   RO         7218    locale$$code        c_w.l(lc_numeric_c.o)
    0x080091e4   0x080091e4   0x00000018   Code   RO         7099    x$fpl$basic         fz_wm.l(basic.o)
    0x080091fc   0x080091fc   0x00000062   Code   RO         6901    x$fpl$d2f           fz_wm.l(d2f.o)
    0x0800925e   0x0800925e   0x00000002   PAD
    0x08009260   0x08009260   0x00000150   Code   RO         6903    x$fpl$dadd          fz_wm.l(daddsub_clz.o)
    0x080093b0   0x080093b0   0x00000018   Code   RO         7229    x$fpl$dcmpinf       fz_wm.l(dcmpi.o)
    0x080093c8   0x080093c8   0x000002b0   Code   RO         6910    x$fpl$ddiv          fz_wm.l(ddiv.o)
    0x08009678   0x08009678   0x0000005e   Code   RO         6913    x$fpl$dfix          fz_wm.l(dfix.o)
    0x080096d6   0x080096d6   0x0000002e   Code   RO         6918    x$fpl$dflt          fz_wm.l(dflt_clz.o)
    0x08009704   0x08009704   0x00000026   Code   RO         6917    x$fpl$dfltu         fz_wm.l(dflt_clz.o)
    0x0800972a   0x0800972a   0x00000002   PAD
    0x0800972c   0x0800972c   0x00000078   Code   RO         7101    x$fpl$dleqf         fz_wm.l(dleqf.o)
    0x080097a4   0x080097a4   0x00000154   Code   RO         6923    x$fpl$dmul          fz_wm.l(dmul.o)
    0x080098f8   0x080098f8   0x0000009c   Code   RO         7103    x$fpl$dnaninf       fz_wm.l(dnaninf.o)
    0x08009994   0x08009994   0x00000150   Code   RO         7105    x$fpl$drem          fz_wm.l(drem_clz.o)
    0x08009ae4   0x08009ae4   0x0000000c   Code   RO         7107    x$fpl$dretinf       fz_wm.l(dretinf.o)
    0x08009af0   0x08009af0   0x0000006c   Code   RO         6925    x$fpl$drleqf        fz_wm.l(drleqf.o)
    0x08009b5c   0x08009b5c   0x00000016   Code   RO         6904    x$fpl$drsb          fz_wm.l(daddsub_clz.o)
    0x08009b72   0x08009b72   0x00000002   PAD
    0x08009b74   0x08009b74   0x00000198   Code   RO         7109    x$fpl$dsqrt         fz_wm.l(dsqrt_umaal.o)
    0x08009d0c   0x08009d0c   0x000001d4   Code   RO         6905    x$fpl$dsub          fz_wm.l(daddsub_clz.o)
    0x08009ee0   0x08009ee0   0x00000056   Code   RO         6927    x$fpl$f2d           fz_wm.l(f2d.o)
    0x08009f36   0x08009f36   0x00000060   Code   RO         6929    x$fpl$ffltll        fz_wm.l(ffltll_clz.o)
    0x08009f96   0x08009f96   0x0000008c   Code   RO         7111    x$fpl$fnaninf       fz_wm.l(fnaninf.o)
    0x0800a022   0x0800a022   0x0000000a   Code   RO         7231    x$fpl$fpinit        fz_wm.l(fpinit.o)
    0x0800a02c   0x0800a02c   0x0000000a   Code   RO         7113    x$fpl$fretinf       fz_wm.l(fretinf.o)
    0x0800a036   0x0800a036   0x00000004   Code   RO         6931    x$fpl$printf1       fz_wm.l(printf1.o)
    0x0800a03a   0x0800a03a   0x00000000   Code   RO         7115    x$fpl$usenofp       fz_wm.l(usenofp.o)
    0x0800a03a   0x0800a03a   0x00000002   PAD
    0x0800a03c   0x0800a03c   0x00001b64   Data   RO         1072    .constdata          font.o
    0x0800bba0   0x0800bba0   0x00000008   Data   RO         1090    .constdata          gaitparams.o
    0x0800bba8   0x0800bba8   0x00000005   Data   RO         1554    .constdata          nrf20l01.o
    0x0800bbad   0x0800bbad   0x00000003   PAD
    0x0800bbb0   0x0800bbb0   0x00000050   Data   RO         6936    .constdata          m_wm.l(acos.o)
    0x0800bc00   0x0800bc00   0x00000050   Data   RO         6950    .constdata          m_wm.l(asin.o)
    0x0800bc50   0x0800bc50   0x00000030   Data   RO         7117    .constdata          m_wm.l(cos_i.o)
    0x0800bc80   0x0800bc80   0x000000c8   Data   RO         7139    .constdata          m_wm.l(rred.o)
    0x0800bd48   0x0800bd48   0x00000028   Data   RO         7143    .constdata          m_wm.l(sin_i.o)
    0x0800bd70   0x0800bd70   0x00000094   Data   RO         7193    .constdata          c_w.l(bigflt0.o)
    0x0800be04   0x0800be04   0x00000020   Data   RO         7320    Region$$Table       anon$$obj.o
    0x0800be24   0x0800be24   0x0000001c   Data   RO         7217    locale$$data        c_w.l(lc_numeric_c.o)


    Execution Region RW_IRAM1 (Exec base: 0x20000000, Load base: 0x0800be40, Size: 0x000022d8, Max: 0x00020000, ABSOLUTE, COMPRESSED[0x00000108])

    Exec Addr    Load Addr    Size         Type   Attr      Idx    E Section Name        Object

    0x20000000   COMPRESSED   0x000000d0   Data   RW            5    .data               main.o
    0x200000d0   COMPRESSED   0x00000020   Data   RW          247    .data               can.o
    0x200000f0   COMPRESSED   0x00000008   Data   RW          470    .data               motor.o
    0x200000f8   COMPRESSED   0x0000000e   Data   RW          594    .data               jump.o
    0x20000106   COMPRESSED   0x00000002   Data   RW          885    .data               oled.o
    0x20000108   COMPRESSED   0x00000244   Data   RW         1091    .data               gaitparams.o
    0x2000034c   COMPRESSED   0x00000004   PAD
    0x20000350   COMPRESSED   0x00000030   Data   RW         1225    .data               imu.o
    0x20000380   COMPRESSED   0x00000012   Data   RW         1468    .data               remotecontrol_init.o
    0x20000392   COMPRESSED   0x00000002   PAD
    0x20000394   COMPRESSED   0x00000030   Data   RW         1555    .data               nrf20l01.o
    0x200003c4   COMPRESSED   0x0000001a   Data   RW         1646    .data               rc.o
    0x200003de   COMPRESSED   0x00000002   PAD
    0x200003e0   COMPRESSED   0x00000004   Data   RW         1696    .data               ticks.o
    0x200003e4   COMPRESSED   0x00000004   PAD
    0x200003e8   COMPRESSED   0x00000014   Data   RW         1745    .data               timer.o
    0x200003fc   COMPRESSED   0x00000004   Data   RW         1813    .data               delay.o
    0x20000400   COMPRESSED   0x0000000d   Data   RW         1885    .data               usart.o
    0x2000040d   COMPRESSED   0x00000010   Data   RW         4670    .data               stm32f4xx_rcc.o
    0x2000041d   COMPRESSED   0x00000003   PAD
    0x20000420        -       0x0000000d   Zero   RW            4    .bss                main.o
    0x2000042d   COMPRESSED   0x00000003   PAD
    0x20000430        -       0x00000578   Zero   RW          345    .bss                pid.o
    0x200009a8        -       0x000001a0   Zero   RW          469    .bss                motor.o
    0x20000b48        -       0x00000972   Zero   RW          593    .bss                jump.o
    0x200014ba        -       0x00000481   Zero   RW          884    .bss                oled.o
    0x2000193b   COMPRESSED   0x00000001   PAD
    0x2000193c        -       0x00000090   Zero   RW         1144    .bss                ges_cal.o
    0x200019cc   COMPRESSED   0x00000004   PAD
    0x200019d0        -       0x00000020   Zero   RW         1224    .bss                imu.o
    0x200019f0        -       0x0000005e   Zero   RW         1467    .bss                remotecontrol_init.o
    0x20001a4e        -       0x0000000a   Zero   RW         1645    .bss                rc.o
    0x20001a58        -       0x0000000c   Zero   RW         1744    .bss                timer.o
    0x20001a64        -       0x00000212   Zero   RW         1884    .bss                usart.o
    0x20001c76   COMPRESSED   0x00000002   PAD
    0x20001c78        -       0x00000060   Zero   RW         7151    .bss                c_w.l(libspace.o)
    0x20001cd8        -       0x00000200   Zero   RW         1969    HEAP                startup_stm32f40_41xxx.o
    0x20001ed8        -       0x00000400   Zero   RW         1968    STACK               startup_stm32f40_41xxx.o


==============================================================================

Image component sizes


      Code (inc. data)   RO Data    RW Data    ZI Data      Debug   Object Name

      1148         78          0         32          0       7107   can.o
       260         18          0          4          0       2435   delay.o
         0          0       7012          0          0       1873   font.o
       418         20          8        580          0       3159   gaitparams.o
      3278        164          0          0        144       9382   ges_cal.o
       500         42          0          0          0     317653   iic_oled.o
       568         50          0         48         32       3140   imu.o
        44          0          0          0          0       1044   iwdg.o
      6296        204          0         14       2418      13495   jump.o
        64          4          0          0          0        531   led.o
       512        100          0        208         13     302811   main.o
       160         14          0          0          0       1534   misc.o
      1220        112          0          8        416      10783   motor.o
       950        112          5         48          0       7898   nrf20l01.o
      1170         22          0          2       1153      14533   oled.o
      1622         80          0          0       1400       9856   pid.o
      1572        158          0         26         10       5030   rc.o
         0          0          0          0          0        804   rc_command.o
       488         40          0         18         94       3724   remotecontrol_init.o
        64         26        392          0       1536        820   startup_stm32f40_41xxx.o
      1756         38          0          0          0       7768   stm32f4xx_can.o
       538         40          0          0          0       5441   stm32f4xx_dma.o
        36         10          0          0          0       1128   stm32f4xx_exti.o
       222          0          0          0          0       2855   stm32f4xx_gpio.o
       520         28          0          0          0       6087   stm32f4xx_i2c.o
        20          0          0          0          0       2857   stm32f4xx_it.o
        68         30          0          0          0       2550   stm32f4xx_iwdg.o
       360         42          0         16          0       5172   stm32f4xx_rcc.o
       136          0          0          0          0       3999   stm32f4xx_spi.o
       214         28          0          0          0       3638   stm32f4xx_tim.o
       470          8          0          0          0       6057   stm32f4xx_usart.o
       340         32          0          0          0       1549   system_stm32f4xx.o
       140         12          0          4          0      28576   ticks.o
       664         78          0         20         12       3671   timer.o
      1470        138          0         13        530       9029   usart.o

    ----------------------------------------------------------------------
     27320       1728       7452       1056       7768     807989   Object Totals
         0          0         32          0          0          0   (incl. Generated)
        32          0          3         15         10          0   (incl. Padding)

    ----------------------------------------------------------------------

      Code (inc. data)   RO Data    RW Data    ZI Data      Debug   Library Member Name

        90          0          0          0          0          0   __dczerorl2.o
         8          0          0          0          0         68   __main.o
       284          0          0          0          0        156   __printf_wp.o
         0          0          0          0          0          0   __rtentry.o
        12          0          0          0          0          0   __rtentry2.o
         6          0          0          0          0          0   __rtentry4.o
        52          8          0          0          0          0   __scatter.o
        28          0          0          0          0          0   __scatter_zi.o
        48          6          0          0          0         96   _printf_char_common.o
         6          0          0          0          0          0   _printf_f.o
      1054          0          0          0          0        216   _printf_fp_dec.o
       128         16          0          0          0         84   _printf_fp_infnan.o
         0          0          0          0          0          0   _printf_percent.o
         4          0          0          0          0          0   _printf_percent_end.o
        22          0          0          0          0        100   _rserrno.o
        10          0          0          0          0         68   _sputc.o
       228          4        148          0          0         96   bigflt0.o
      1936        128          0          0          0        672   btod.o
        18          0          0          0          0         80   exit.o
         6          0          0          0          0        152   heapauxi.o
         0          0          0          0          0          0   indicate_semi.o
        44         10         28          0          0         76   lc_numeric_c.o
         2          0          0          0          0          0   libinit.o
        22          0          0          0          0          0   libinit2.o
         2          0          0          0          0          0   libshutdown.o
         2          0          0          0          0          0   libshutdown2.o
         8          4          0          0         96         68   libspace.o
       138          0          0          0          0         80   lludiv10.o
        40          6          0          0          0         84   noretval__2sprintf.o
         8          4          0          0          0         68   rt_errno_addr_intlibspace.o
         8          4          0          0          0         68   rt_locale_intlibspace.o
        68          0          0          0          0         68   rt_memclr.o
        78          0          0          0          0         80   rt_memclr_w.o
       138          0          0          0          0         68   rt_memcpy_v6.o
       100          0          0          0          0         80   rt_memcpy_w.o
         2          0          0          0          0          0   rtexit.o
        10          0          0          0          0          0   rtexit2.o
       128          0          0          0          0         68   strcmpv7m.o
        12          4          0          0          0         68   sys_exit.o
        74          0          0          0          0         80   sys_stackheap_outer.o
         2          0          0          0          0         68   use_no_semi.o
        24          0          0          0          0        164   basic.o
        98          4          0          0          0        140   d2f.o
       826         16          0          0          0        492   daddsub_clz.o
        24          0          0          0          0        116   dcmpi.o
       688        140          0          0          0        256   ddiv.o
        94          4          0          0          0        140   dfix.o
        84          0          0          0          0        232   dflt_clz.o
       120          4          0          0          0        140   dleqf.o
       340         12          0          0          0        152   dmul.o
       156          4          0          0          0        140   dnaninf.o
       336         12          0          0          0        136   drem_clz.o
        12          0          0          0          0        116   dretinf.o
       108          0          0          0          0        128   drleqf.o
       408         56          0          0          0        168   dsqrt_umaal.o
        86          4          0          0          0        132   f2d.o
        96          0          0          0          0        132   ffltll_clz.o
       140          4          0          0          0        132   fnaninf.o
        10          0          0          0          0        116   fpinit.o
        10          0          0          0          0        116   fretinf.o
         4          0          0          0          0        116   printf1.o
         0          0          0          0          0          0   usenofp.o
       856        118         80          0          0        288   acos.o
       864         94         80          0          0        280   asin.o
       200         20          0          0          0        164   cos.o
       368         46         48          0          0        200   cos_i.o
        84         16          0          0          0        372   dunder.o
        44          0          0          0          0        248   fabs.o
       260          6          0          0          0        144   fmod.o
        48          0          0          0          0        124   fpclassify.o
       248          0          0          0          0        152   poly.o
      1080        142        200          0          0        188   rred.o
       200         20          0          0          0        164   sin.o
       304         24         40          0          0        208   sin_i.o
       232          0          0          0          0        296   sqrt.o

    ----------------------------------------------------------------------
     13308        940        624          0         96       8904   Library Totals
        30          0          0          0          0          0   (incl. Padding)

    ----------------------------------------------------------------------

      Code (inc. data)   RO Data    RW Data    ZI Data      Debug   Library Name

      4826        194        176          0         96       2812   c_w.l
      3664        260          0          0          0       3264   fz_wm.l
      4788        486        448          0          0       2828   m_wm.l

    ----------------------------------------------------------------------
     13308        940        624          0         96       8904   Library Totals

    ----------------------------------------------------------------------

==============================================================================


      Code (inc. data)   RO Data    RW Data    ZI Data      Debug   

     40628       2668       8076       1056       7864     792833   Grand Totals
     40628       2668       8076        264       7864     792833   ELF Image Totals (compressed)
     40628       2668       8076        264          0          0   ROM Totals

==============================================================================

    Total RO  Size (Code + RO Data)                48704 (  47.56kB)
    Total RW  Size (RW Data + ZI Data)              8920 (   8.71kB)
    Total ROM Size (Code + RO Data + RW Data)      48968 (  47.82kB)

==============================================================================

